Archive member included to satisfy reference by file (symbol)

c:/program files (x86)/atmel/studio/7.0/toolchain/arm/arm-gnu-toolchain/bin/../lib/gcc/arm-none-eabi/6.3.1/../../../../arm-none-eabi/lib/thumb/v7-m\libc.a(lib_a-exit.o)
                              c:/program files (x86)/atmel/studio/7.0/toolchain/arm/arm-gnu-toolchain/bin/../lib/gcc/arm-none-eabi/6.3.1/../../../../arm-none-eabi/lib/thumb/v7-m/crt0.o (exit)
c:/program files (x86)/atmel/studio/7.0/toolchain/arm/arm-gnu-toolchain/bin/../lib/gcc/arm-none-eabi/6.3.1/../../../../arm-none-eabi/lib/thumb/v7-m\libc.a(lib_a-impure.o)
                              c:/program files (x86)/atmel/studio/7.0/toolchain/arm/arm-gnu-toolchain/bin/../lib/gcc/arm-none-eabi/6.3.1/../../../../arm-none-eabi/lib/thumb/v7-m\libc.a(lib_a-exit.o) (_global_impure_ptr)
c:/program files (x86)/atmel/studio/7.0/toolchain/arm/arm-gnu-toolchain/bin/../lib/gcc/arm-none-eabi/6.3.1/../../../../arm-none-eabi/lib/thumb/v7-m\libc.a(lib_a-init.o)
                              c:/program files (x86)/atmel/studio/7.0/toolchain/arm/arm-gnu-toolchain/bin/../lib/gcc/arm-none-eabi/6.3.1/../../../../arm-none-eabi/lib/thumb/v7-m/crt0.o (__libc_init_array)
c:/program files (x86)/atmel/studio/7.0/toolchain/arm/arm-gnu-toolchain/bin/../lib/gcc/arm-none-eabi/6.3.1/../../../../arm-none-eabi/lib/thumb/v7-m\libc.a(lib_a-memcpy.o)
                              src/ASF/thirdparty/freertos/freertos-10.0.0/Source/queue.o (memcpy)
c:/program files (x86)/atmel/studio/7.0/toolchain/arm/arm-gnu-toolchain/bin/../lib/gcc/arm-none-eabi/6.3.1/../../../../arm-none-eabi/lib/thumb/v7-m\libc.a(lib_a-memset.o)
                              c:/program files (x86)/atmel/studio/7.0/toolchain/arm/arm-gnu-toolchain/bin/../lib/gcc/arm-none-eabi/6.3.1/../../../../arm-none-eabi/lib/thumb/v7-m/crt0.o (memset)
c:/program files (x86)/atmel/studio/7.0/toolchain/arm/arm-gnu-toolchain/bin/../lib/gcc/arm-none-eabi/6.3.1/../../../../arm-none-eabi/lib/thumb/v7-m\libc.a(lib_a-setbuf.o)
                              src/console_po.o (setbuf)
c:/program files (x86)/atmel/studio/7.0/toolchain/arm/arm-gnu-toolchain/bin/../lib/gcc/arm-none-eabi/6.3.1/../../../../arm-none-eabi/lib/thumb/v7-m\libc.a(lib_a-setvbuf.o)
                              c:/program files (x86)/atmel/studio/7.0/toolchain/arm/arm-gnu-toolchain/bin/../lib/gcc/arm-none-eabi/6.3.1/../../../../arm-none-eabi/lib/thumb/v7-m\libc.a(lib_a-setbuf.o) (setvbuf)
c:/program files (x86)/atmel/studio/7.0/toolchain/arm/arm-gnu-toolchain/bin/../lib/gcc/arm-none-eabi/6.3.1/../../../../arm-none-eabi/lib/thumb/v7-m\libc.a(lib_a-sprintf.o)
                              src/ASF/thirdparty/freertos/freertos-10.0.0/Source/tasks.o (sprintf)
c:/program files (x86)/atmel/studio/7.0/toolchain/arm/arm-gnu-toolchain/bin/../lib/gcc/arm-none-eabi/6.3.1/../../../../arm-none-eabi/lib/thumb/v7-m\libc.a(lib_a-strcpy.o)
                              src/ASF/thirdparty/freertos/freertos-10.0.0/Source/tasks.o (strcpy)
c:/program files (x86)/atmel/studio/7.0/toolchain/arm/arm-gnu-toolchain/bin/../lib/gcc/arm-none-eabi/6.3.1/../../../../arm-none-eabi/lib/thumb/v7-m\libc.a(lib_a-strlen-stub.o)
                              src/ASF/thirdparty/freertos/freertos-10.0.0/Source/tasks.o (strlen)
c:/program files (x86)/atmel/studio/7.0/toolchain/arm/arm-gnu-toolchain/bin/../lib/gcc/arm-none-eabi/6.3.1/../../../../arm-none-eabi/lib/thumb/v7-m\libc.a(lib_a-svfprintf.o)
                              c:/program files (x86)/atmel/studio/7.0/toolchain/arm/arm-gnu-toolchain/bin/../lib/gcc/arm-none-eabi/6.3.1/../../../../arm-none-eabi/lib/thumb/v7-m\libc.a(lib_a-sprintf.o) (_svfprintf_r)
c:/program files (x86)/atmel/studio/7.0/toolchain/arm/arm-gnu-toolchain/bin/../lib/gcc/arm-none-eabi/6.3.1/../../../../arm-none-eabi/lib/thumb/v7-m\libc.a(lib_a-__call_atexit.o)
                              c:/program files (x86)/atmel/studio/7.0/toolchain/arm/arm-gnu-toolchain/bin/../lib/gcc/arm-none-eabi/6.3.1/../../../../arm-none-eabi/lib/thumb/v7-m\libc.a(lib_a-exit.o) (__call_exitprocs)
c:/program files (x86)/atmel/studio/7.0/toolchain/arm/arm-gnu-toolchain/bin/../lib/gcc/arm-none-eabi/6.3.1/../../../../arm-none-eabi/lib/thumb/v7-m\libc.a(lib_a-atexit.o)
                              c:/program files (x86)/atmel/studio/7.0/toolchain/arm/arm-gnu-toolchain/bin/../lib/gcc/arm-none-eabi/6.3.1/../../../../arm-none-eabi/lib/thumb/v7-m\libc.a(lib_a-__call_atexit.o) (atexit)
c:/program files (x86)/atmel/studio/7.0/toolchain/arm/arm-gnu-toolchain/bin/../lib/gcc/arm-none-eabi/6.3.1/../../../../arm-none-eabi/lib/thumb/v7-m\libc.a(lib_a-dtoa.o)
                              c:/program files (x86)/atmel/studio/7.0/toolchain/arm/arm-gnu-toolchain/bin/../lib/gcc/arm-none-eabi/6.3.1/../../../../arm-none-eabi/lib/thumb/v7-m\libc.a(lib_a-svfprintf.o) (_dtoa_r)
c:/program files (x86)/atmel/studio/7.0/toolchain/arm/arm-gnu-toolchain/bin/../lib/gcc/arm-none-eabi/6.3.1/../../../../arm-none-eabi/lib/thumb/v7-m\libc.a(lib_a-fflush.o)
[...]
Memory Configuration

Name             Origin             Length             Attributes
rom              0x00080000         0x00080000         xr
sram0            0x20000000         0x00010000         xrw
sram1            0x20080000         0x00008000         xrw
ram              0x20070000         0x00018000         xrw
*default*        0x00000000         0xffffffff

Linker script and memory map

LOAD c:/program files (x86)/atmel/studio/7.0/toolchain/arm/arm-gnu-toolchain/bin/../lib/gcc/arm-none-eabi/6.3.1/thumb/v7-m/crti.o
LOAD c:/program files (x86)/atmel/studio/7.0/toolchain/arm/arm-gnu-toolchain/bin/../lib/gcc/arm-none-eabi/6.3.1/thumb/v7-m/crtbegin.o
LOAD c:/program files (x86)/atmel/studio/7.0/toolchain/arm/arm-gnu-toolchain/bin/../lib/gcc/arm-none-eabi/6.3.1/../../../../arm-none-eabi/lib/thumb/v7-m/crt0.o
LOAD src/ASF/common/services/serial/usart_serial.o
LOAD src/ASF/common/utils/stdio/read.o
LOAD src/ASF/common/utils/stdio/write.o
LOAD src/ASF/sam/drivers/trng/trng.o
LOAD src/ASF/sam/drivers/twi/twi.o
LOAD src/ASF/sam/drivers/usart/usart.o
LOAD src/console_po.o
LOAD src/ASF/sam/drivers/uart/uart.o
LOAD src/ASF/thirdparty/freertos/freertos-10.0.0/Source/croutine.o
LOAD src/ASF/thirdparty/freertos/freertos-10.0.0/Source/event_groups.o
LOAD src/ASF/thirdparty/freertos/freertos-10.0.0/Source/list.o
LOAD src/ASF/thirdparty/freertos/freertos-10.0.0/Source/portable/GCC/ARM_CM3/port.o
LOAD src/ASF/thirdparty/freertos/freertos-10.0.0/Source/portable/MemMang/heap_1.o
LOAD src/ASF/thirdparty/freertos/freertos-10.0.0/Source/queue.o
LOAD src/ASF/thirdparty/freertos/freertos-10.0.0/Source/stream_buffer.o
LOAD src/ASF/thirdparty/freertos/freertos-10.0.0/Source/tasks.o
LOAD src/ASF/thirdparty/freertos/freertos-10.0.0/Source/timers.o
LOAD src/ASF/common/services/clock/sam3x/sysclk.o
LOAD src/ASF/common/utils/interrupt/interrupt_sam_nvic.o
LOAD src/ASF/sam/boards/arduino_due_x/init.o
LOAD src/ASF/sam/drivers/pio/pio.o
LOAD src/ASF/sam/drivers/pio/pio_handler.o
LOAD src/ASF/sam/drivers/pmc/pmc.o
LOAD src/ASF/sam/drivers/pmc/sleep.o
LOAD src/ASF/sam/utils/cmsis/sam3x/source/templates/exceptions.o
LOAD src/ASF/sam/utils/cmsis/sam3x/source/templates/gcc/startup_sam3x.o
LOAD src/ASF/sam/utils/cmsis/sam3x/source/templates/system_sam3x.o
LOAD src/ASF/sam/utils/syscalls/gcc/syscalls.o
LOAD src/writer1.o
LOAD src/writer2.o
LOAD src/main.o
START GROUP
LOAD ../src/ASF/thirdparty/CMSIS/Lib/GCC\libarm_cortexM3l_math.a
LOAD c:/program files (x86)/atmel/studio/7.0/toolchain/arm/arm-gnu-toolchain/bin/../lib/gcc/arm-none-eabi/6.3.1/../../../../arm-none-eabi/lib/thumb/v7-m\libm.a
END GROUP
START GROUP
LOAD c:/program files (x86)/atmel/studio/7.0/toolchain/arm/arm-gnu-toolchain/bin/../lib/gcc/arm-none-eabi/6.3.1/thumb/v7-m\libgcc.a
LOAD c:/program files (x86)/atmel/studio/7.0/toolchain/arm/arm-gnu-toolchain/bin/../lib/gcc/arm-none-eabi/6.3.1/../../../../arm-none-eabi/lib/thumb/v7-m\libc.a
END GROUP
LOAD c:/program files (x86)/atmel/studio/7.0/toolchain/arm/arm-gnu-toolchain/bin/../lib/gcc/arm-none-eabi/6.3.1/thumb/v7-m/crtend.o
LOAD c:/program files (x86)/atmel/studio/7.0/toolchain/arm/arm-gnu-toolchain/bin/../lib/gcc/arm-none-eabi/6.3.1/thumb/v7-m/crtn.o
                0x00002000                __stack_size__ = DEFINED (__stack_size__)?__stack_size__:0x2000
                0x20087ffc                __ram_end__ = ((ORIGIN (ram) + LENGTH (ram)) - 0x4)

.text           0x00080000     0x3b40
                0x00080000                . = ALIGN (0x4)
                0x00080000                _sfixed = .
 *(.vectors .vectors.*)
 .vectors       0x00080000       0xf4 src/ASF/sam/utils/cmsis/sam3x/source/templates/gcc/startup_sam3x.o
                0x00080000                exception_table
 *(.text .text.* .gnu.linkonce.t.*)
 .text          0x000800f4       0x6c c:/program files (x86)/atmel/studio/7.0/toolchain/arm/arm-gnu-toolchain/bin/../lib/gcc/arm-none-eabi/6.3.1/thumb/v7-m/crtbegin.o
 .text._read    0x00080160       0x3c src/ASF/common/utils/stdio/read.o
                0x00080160                _read
 .text._write   0x0008019c       0x50 src/ASF/common/utils/stdio/write.o
                0x0008019c                _write
 .text.usart_write
                0x000801ec       0x14 src/ASF/sam/drivers/usart/usart.o
                0x000801ec                usart_write
 .text.usart_read
                0x00080200       0x18 src/ASF/sam/drivers/usart/usart.o
                0x00080200                usart_read
 .text.usart_serial_getchar
                0x00080218       0xac src/console_po.o
 .text.usart_serial_putchar
                0x000802c4       0x9c src/console_po.o
 .text.printfConsole
                0x00080360       0x48 src/console_po.o
                0x00080360                printfConsole
 .text.console_init
                0x000803a8       0x8c src/console_po.o
                0x000803a8                console_init
 .text.uart_init
                0x00080434       0x36 src/ASF/sam/drivers/uart/uart.o
                0x00080434                uart_init
 .text.uart_write
                0x0008046a       0x10 src/ASF/sam/drivers/uart/uart.o
                0x0008046a                uart_write
 .text.uart_read
                0x0008047a       0x12 src/ASF/sam/drivers/uart/uart.o
                0x0008047a                uart_read
 .text.vListInitialise
                0x0008048c       0x16 src/ASF/thirdparty/freertos/freertos-10.0.0/Source/list.o
                0x0008048c                vListInitialise
 .text.vListInitialiseItem
                0x000804a2        0x6 src/ASF/thirdparty/freertos/freertos-10.0.0/Source/list.o
                0x000804a2                vListInitialiseItem
 .text.vListInsertEnd
                0x000804a8       0x18 src/ASF/thirdparty/freertos/freertos-10.0.0/Source/list.o
                0x000804a8                vListInsertEnd
 .text.vListInsert
                0x000804c0       0x34 src/ASF/thirdparty/freertos/freertos-10.0.0/Source/list.o
                0x000804c0                vListInsert
 .text.uxListRemove
                0x000804f4       0x26 src/ASF/thirdparty/freertos/freertos-10.0.0/Source/list.o
                0x000804f4                uxListRemove
 *fill*         0x0008051a        0x2 
 .text.prvTaskExitError
                0x0008051c       0x40 src/ASF/thirdparty/freertos/freertos-10.0.0/Source/portable/GCC/ARM_CM3/port.o
 .text.prvPortStartFirstTask
                0x0008055c       0x20 src/ASF/thirdparty/freertos/freertos-10.0.0/Source/portable/GCC/ARM_CM3/port.o
 .text.pxPortInitialiseStack
                0x0008057c       0x24 src/ASF/thirdparty/freertos/freertos-10.0.0/Source/portable/GCC/ARM_CM3/port.o
                0x0008057c                pxPortInitialiseStack
 .text.SVC_Handler
                0x000805a0       0x28 src/ASF/thirdparty/freertos/freertos-10.0.0/Source/portable/GCC/ARM_CM3/port.o
                0x000805a0                SVC_Handler
 .text.vPortEnterCritical
                0x000805c8       0x44 src/ASF/thirdparty/freertos/freertos-10.0.0/Source/portable/GCC/ARM_CM3/port.o
                0x000805c8                vPortEnterCritical
 .text.vPortExitCritical
                0x0008060c       0x2c src/ASF/thirdparty/freertos/freertos-10.0.0/Source/portable/GCC/ARM_CM3/port.o
                0x0008060c                vPortExitCritical
 *fill*         0x00080638        0x8 
 .text.PendSV_Handler
                0x00080640       0x48 src/ASF/thirdparty/freertos/freertos-10.0.0/Source/portable/GCC/ARM_CM3/port.o
                0x00080640                PendSV_Handler
 .text.SysTick_Handler
                0x00080688       0x30 src/ASF/thirdparty/freertos/freertos-10.0.0/Source/portable/GCC/ARM_CM3/port.o
                0x00080688                SysTick_Handler
 .text.vPortSetupTimerInterrupt
                0x000806b8       0x28 src/ASF/thirdparty/freertos/freertos-10.0.0/Source/portable/GCC/ARM_CM3/port.o
                0x000806b8                vPortSetupTimerInterrupt
 .text.xPortStartScheduler
                0x000806e0       0xd0 src/ASF/thirdparty/freertos/freertos-10.0.0/Source/portable/GCC/ARM_CM3/port.o
                0x000806e0                xPortStartScheduler
 .text.vPortValidateInterruptPriority
                0x000807b0       0x5c src/ASF/thirdparty/freertos/freertos-10.0.0/Source/portable/GCC/ARM_CM3/port.o
                0x000807b0                vPortValidateInterruptPriority
 .text.pvPortMalloc
                0x0008080c       0x68 src/ASF/thirdparty/freertos/freertos-10.0.0/Source/portable/MemMang/heap_1.o
                0x0008080c                pvPortMalloc
 .text.vPortFree
                0x00080874       0x16 src/ASF/thirdparty/freertos/freertos-10.0.0/Source/portable/MemMang/heap_1.o
                0x00080874                vPortFree
 *fill*         0x0008088a        0x2 
 .text.prvIsQueueEmpty
                0x0008088c       0x20 src/ASF/thirdparty/freertos/freertos-10.0.0/Source/queue.o
 .text.prvCopyDataToQueue
                0x000808ac       0x80 src/ASF/thirdparty/freertos/freertos-10.0.0/Source/queue.o
 .text.prvCopyDataFromQueue
                0x0008092c       0x28 src/ASF/thirdparty/freertos/freertos-10.0.0/Source/queue.o
 .text.prvUnlockQueue
                0x00080954       0x98 src/ASF/thirdparty/freertos/freertos-10.0.0/Source/queue.o
 .text.xQueueGenericReset
                0x000809ec       0x90 src/ASF/thirdparty/freertos/freertos-10.0.0/Source/queue.o
                0x000809ec                xQueueGenericReset
 .text.xQueueGenericCreate
                0x00080a7c       0x54 src/ASF/thirdparty/freertos/freertos-10.0.0/Source/queue.o
                0x00080a7c                xQueueGenericCreate
 .text.xQueueGenericSend
                0x00080ad0      0x1b4 src/ASF/thirdparty/freertos/freertos-10.0.0/Source/queue.o
                0x00080ad0                xQueueGenericSend
 .text.xQueueCreateMutex
                0x00080c84       0x2c src/ASF/thirdparty/freertos/freertos-10.0.0/Source/queue.o
                0x00080c84                xQueueCreateMutex
 .text.xQueueGenericSendFromISR
                0x00080cb0       0xe4 src/ASF/thirdparty/freertos/freertos-10.0.0/Source/queue.o
                0x00080cb0                xQueueGenericSendFromISR
 .text.xQueueReceive
                0x00080d94      0x188 src/ASF/thirdparty/freertos/freertos-10.0.0/Source/queue.o
                0x00080d94                xQueueReceive
 .text.xQueueSemaphoreTake
                0x00080f1c      0x1e0 src/ASF/thirdparty/freertos/freertos-10.0.0/Source/queue.o
                0x00080f1c                xQueueSemaphoreTake
 .text.vQueueAddToRegistry
                0x000810fc       0x30 src/ASF/thirdparty/freertos/freertos-10.0.0/Source/queue.o
                0x000810fc                vQueueAddToRegistry
 .text.vQueueWaitForMessageRestricted
                0x0008112c       0x60 src/ASF/thirdparty/freertos/freertos-10.0.0/Source/queue.o
                0x0008112c                vQueueWaitForMessageRestricted
 .text.prvResetNextTaskUnblockTime
                0x0008118c       0x2c src/ASF/thirdparty/freertos/freertos-10.0.0/Source/tasks.o
 .text.prvIdleTask
                0x000811b8       0x80 src/ASF/thirdparty/freertos/freertos-10.0.0/Source/tasks.o
 .text.prvAddCurrentTaskToDelayedList
                0x00081238       0xa4 src/ASF/thirdparty/freertos/freertos-10.0.0/Source/tasks.o
 .text.xTaskCreate
                0x000812dc      0x1f4 src/ASF/thirdparty/freertos/freertos-10.0.0/Source/tasks.o
                0x000812dc                xTaskCreate
 .text.vTaskStartScheduler
                0x000814d0       0x8c src/ASF/thirdparty/freertos/freertos-10.0.0/Source/tasks.o
                0x000814d0                vTaskStartScheduler
 .text.vTaskSuspendAll
                0x0008155c       0x10 src/ASF/thirdparty/freertos/freertos-10.0.0/Source/tasks.o
                0x0008155c                vTaskSuspendAll
 .text.xTaskGetTickCount
                0x0008156c        0xc src/ASF/thirdparty/freertos/freertos-10.0.0/Source/tasks.o
                0x0008156c                xTaskGetTickCount
 .text.xTaskIncrementTick
                0x00081578      0x134 src/ASF/thirdparty/freertos/freertos-10.0.0/Source/tasks.o
                0x00081578                xTaskIncrementTick
 .text.xTaskResumeAll
                0x000816ac      0x114 src/ASF/thirdparty/freertos/freertos-10.0.0/Source/tasks.o
                0x000816ac                xTaskResumeAll
 .text.vTaskDelayUntil
                0x000817c0       0xac src/ASF/thirdparty/freertos/freertos-10.0.0/Source/tasks.o
                0x000817c0                vTaskDelayUntil
 .text.vTaskSwitchContext
                0x0008186c       0x94 src/ASF/thirdparty/freertos/freertos-10.0.0/Source/tasks.o
                0x0008186c                vTaskSwitchContext
 .text.vTaskPlaceOnEventList
                0x00081900       0x38 src/ASF/thirdparty/freertos/freertos-10.0.0/Source/tasks.o
                0x00081900                vTaskPlaceOnEventList
 .text.vTaskPlaceOnEventListRestricted
                0x00081938       0x44 src/ASF/thirdparty/freertos/freertos-10.0.0/Source/tasks.o
                0x00081938                vTaskPlaceOnEventListRestricted
 .text.xTaskRemoveFromEventList
                0x0008197c       0x90 src/ASF/thirdparty/freertos/freertos-10.0.0/Source/tasks.o
                0x0008197c                xTaskRemoveFromEventList
 .text.vTaskInternalSetTimeOutState
                0x00081a0c       0x18 src/ASF/thirdparty/freertos/freertos-10.0.0/Source/tasks.o
                0x00081a0c                vTaskInternalSetTimeOutState
 .text.xTaskCheckForTimeOut
                0x00081a24       0x8c src/ASF/thirdparty/freertos/freertos-10.0.0/Source/tasks.o
                0x00081a24                xTaskCheckForTimeOut
 .text.vTaskMissedYield
                0x00081ab0        0xc src/ASF/thirdparty/freertos/freertos-10.0.0/Source/tasks.o
                0x00081ab0                vTaskMissedYield
 .text.xTaskGetSchedulerState
                0x00081abc       0x20 src/ASF/thirdparty/freertos/freertos-10.0.0/Source/tasks.o
                0x00081abc                xTaskGetSchedulerState
 .text.xTaskPriorityInherit
                0x00081adc       0xc0 src/ASF/thirdparty/freertos/freertos-10.0.0/Source/tasks.o
                0x00081adc                xTaskPriorityInherit
 .text.xTaskPriorityDisinherit
                0x00081b9c       0xbc src/ASF/thirdparty/freertos/freertos-10.0.0/Source/tasks.o
                0x00081b9c                xTaskPriorityDisinherit
 .text.vTaskPriorityDisinheritAfterTimeout
                0x00081c58       0xc8 src/ASF/thirdparty/freertos/freertos-10.0.0/Source/tasks.o
                0x00081c58                vTaskPriorityDisinheritAfterTimeout
 .text.pvTaskIncrementMutexHeldCount
                0x00081d20       0x1c src/ASF/thirdparty/freertos/freertos-10.0.0/Source/tasks.o
                0x00081d20                pvTaskIncrementMutexHeldCount
 .text.prvInsertTimerInActiveList
                0x00081d3c       0x4c src/ASF/thirdparty/freertos/freertos-10.0.0/Source/timers.o
 .text.prvCheckForValidListAndQueue
                0x00081d88       0x70 src/ASF/thirdparty/freertos/freertos-10.0.0/Source/timers.o
 .text.xTimerCreateTimerTask
                0x00081df8       0x54 src/ASF/thirdparty/freertos/freertos-10.0.0/Source/timers.o
                0x00081df8                xTimerCreateTimerTask
 .text.xTimerGenericCommand
                0x00081e4c       0x6c src/ASF/thirdparty/freertos/freertos-10.0.0/Source/timers.o
                0x00081e4c                xTimerGenericCommand
 .text.prvSampleTimeNow
                0x00081eb8       0xb4 src/ASF/thirdparty/freertos/freertos-10.0.0/Source/timers.o
 .text.prvTimerTask
                0x00081f6c      0x1fc src/ASF/thirdparty/freertos/freertos-10.0.0/Source/timers.o
 .text.sysclk_init
                0x00082168       0x64 src/ASF/common/services/clock/sam3x/sysclk.o
                0x00082168                sysclk_init
 .text.board_init
                0x000821cc       0x80 src/ASF/sam/boards/arduino_due_x/init.o
                0x000821cc                board_init
 .text.pio_set_peripheral
                0x0008224c       0x3e src/ASF/sam/drivers/pio/pio.o
                0x0008224c                pio_set_peripheral
 .text.pio_set_input
                0x0008228a       0x32 src/ASF/sam/drivers/pio/pio.o
                0x0008228a                pio_set_input
 .text.pio_set_output
                0x000822bc       0x26 src/ASF/sam/drivers/pio/pio.o
                0x000822bc                pio_set_output
 .text.pio_get_interrupt_status
                0x000822e2        0x4 src/ASF/sam/drivers/pio/pio.o
                0x000822e2                pio_get_interrupt_status
 .text.pio_get_interrupt_mask
                0x000822e6        0x4 src/ASF/sam/drivers/pio/pio.o
                0x000822e6                pio_get_interrupt_mask
 *fill*         0x000822ea        0x2 
 .text.pio_configure_pin
                0x000822ec       0xd0 src/ASF/sam/drivers/pio/pio.o
                0x000822ec                pio_configure_pin
 .text.pio_configure_pin_group
                0x000823bc       0x9c src/ASF/sam/drivers/pio/pio.o
                0x000823bc                pio_configure_pin_group
 .text.pio_handler_process
                0x00082458       0x50 src/ASF/sam/drivers/pio/pio_handler.o
                0x00082458                pio_handler_process
 .text.PIOA_Handler
                0x000824a8       0x14 src/ASF/sam/drivers/pio/pio_handler.o
                0x000824a8                PIOA_Handler
 .text.PIOB_Handler
                0x000824bc       0x14 src/ASF/sam/drivers/pio/pio_handler.o
                0x000824bc                PIOB_Handler
 .text.PIOC_Handler
                0x000824d0       0x14 src/ASF/sam/drivers/pio/pio_handler.o
                0x000824d0                PIOC_Handler
 .text.PIOD_Handler
                0x000824e4       0x14 src/ASF/sam/drivers/pio/pio_handler.o
                0x000824e4                PIOD_Handler
 .text.pmc_switch_mck_to_pllack
                0x000824f8       0x64 src/ASF/sam/drivers/pmc/pmc.o
                0x000824f8                pmc_switch_mck_to_pllack
 .text.pmc_switch_mainck_to_xtal
                0x0008255c       0x54 src/ASF/sam/drivers/pmc/pmc.o
                0x0008255c                pmc_switch_mainck_to_xtal
 .text.pmc_osc_is_ready_mainck
                0x000825b0       0x10 src/ASF/sam/drivers/pmc/pmc.o
                0x000825b0                pmc_osc_is_ready_mainck
 .text.pmc_disable_pllack
                0x000825c0       0x10 src/ASF/sam/drivers/pmc/pmc.o
                0x000825c0                pmc_disable_pllack
 .text.pmc_is_locked_pllack
                0x000825d0       0x10 src/ASF/sam/drivers/pmc/pmc.o
                0x000825d0                pmc_is_locked_pllack
 .text.pmc_enable_periph_clk
                0x000825e0       0x20 src/ASF/sam/drivers/pmc/pmc.o
                0x000825e0                pmc_enable_periph_clk
 .text.Dummy_Handler
                0x00082600        0x2 src/ASF/sam/utils/cmsis/sam3x/source/templates/exceptions.o
                0x00082600                DACC_Handler
                0x00082600                DebugMon_Handler
                0x00082600                DMAC_Handler
                0x00082600                TRNG_Handler
                0x00082600                HardFault_Handler
                0x00082600                TC2_Handler
                0x00082600                USART3_Handler
                0x00082600                TWI1_Handler
                0x00082600                NMI_Handler
                0x00082600                TC7_Handler
                0x00082600                ADC_Handler
                0x00082600                SMC_Handler
                0x00082600                USART0_Handler
                0x00082600                RTT_Handler
                0x00082600                EFC1_Handler
                0x00082600                RTC_Handler
                0x00082600                UsageFault_Handler
                0x00082600                TC6_Handler
                0x00082600                WDT_Handler
                0x00082600                CAN0_Handler
                0x00082600                TC4_Handler
                0x00082600                TC1_Handler
                0x00082600                HSMCI_Handler
                0x00082600                TC3_Handler
                0x00082600                Dummy_Handler
                0x00082600                TWI0_Handler
                0x00082600                USART1_Handler
                0x00082600                SSC_Handler
                0x00082600                EFC0_Handler
                0x00082600                PMC_Handler
                0x00082600                PWM_Handler
                0x00082600                CAN1_Handler
                0x00082600                MemManage_Handler
                0x00082600                SUPC_Handler
                0x00082600                TC8_Handler
                0x00082600                USART2_Handler
                0x00082600                EMAC_Handler
                0x00082600                UART_Handler
                0x00082600                BusFault_Handler
                0x00082600                RSTC_Handler
                0x00082600                TC0_Handler
                0x00082600                TC5_Handler
                0x00082600                UOTGHS_Handler
                0x00082600                SPI0_Handler
 *fill*         0x00082602        0x2 
 .text.Reset_Handler
                0x00082604       0x98 src/ASF/sam/utils/cmsis/sam3x/source/templates/gcc/startup_sam3x.o
                0x00082604                Reset_Handler
 .text.SystemCoreClockUpdate
                0x0008269c      0x118 src/ASF/sam/utils/cmsis/sam3x/source/templates/system_sam3x.o
                0x0008269c                SystemCoreClockUpdate
 .text._sbrk    0x000827b4       0x38 src/ASF/sam/utils/syscalls/gcc/syscalls.o
                0x000827b4                _sbrk
 .text._close   0x000827ec        0x6 src/ASF/sam/utils/syscalls/gcc/syscalls.o
                0x000827ec                _close
 .text._fstat   0x000827f2        0xa src/ASF/sam/utils/syscalls/gcc/syscalls.o
                0x000827f2                _fstat
 .text._lseek   0x000827fc        0x4 src/ASF/sam/utils/syscalls/gcc/syscalls.o
                0x000827fc                _lseek
 .text.writer1  0x00082800       0x34 src/writer1.o
                0x00082800                writer1
 .text.init_writer1
                0x00082834       0x28 src/writer1.o
                0x00082834                init_writer1
 .text.writer2  0x0008285c       0x34 src/writer2.o
                0x0008285c                writer2
 .text.init_writer2
                0x00082890       0x28 src/writer2.o
                0x00082890                init_writer2
 .text.main     0x000828b8       0x38 src/main.o
                0x000828b8                main
 .text.__libc_init_array
                0x000828f0       0x50 c:/program files (x86)/atmel/studio/7.0/toolchain/arm/arm-gnu-toolchain/bin/../lib/gcc/arm-none-eabi/6.3.1/../../../../arm-none-eabi/lib/thumb/v7-m\libc.a(lib_a-init.o)
                0x000828f0                __libc_init_array
 .text          0x00082940       0xec c:/program files (x86)/atmel/studio/7.0/toolchain/arm/arm-gnu-toolchain/bin/../lib/gcc/arm-none-eabi/6.3.1/../../../../arm-none-eabi/lib/thumb/v7-m\libc.a(lib_a-memcpy.o)
                0x00082940                memcpy
 .text.memset   0x00082a2c       0x9c c:/program files (x86)/atmel/studio/7.0/toolchain/arm/arm-gnu-toolchain/bin/../lib/gcc/arm-none-eabi/6.3.1/../../../../arm-none-eabi/lib/thumb/v7-m\libc.a(lib_a-memset.o)
                0x00082a2c                memset
 .text.setbuf   0x00082ac8       0x10 c:/program files (x86)/atmel/studio/7.0/toolchain/arm/arm-gnu-toolchain/bin/../lib/gcc/arm-none-eabi/6.3.1/../../../../arm-none-eabi/lib/thumb/v7-m\libc.a(lib_a-setbuf.o)
                0x00082ac8                setbuf
 .text.setvbuf  0x00082ad8      0x190 c:/program files (x86)/atmel/studio/7.0/toolchain/arm/arm-gnu-toolchain/bin/../lib/gcc/arm-none-eabi/6.3.1/../../../../arm-none-eabi/lib/thumb/v7-m\libc.a(lib_a-setvbuf.o)
                0x00082ad8                setvbuf
 .text.startup.register_fini
                0x00082c68       0x14 c:/program files (x86)/atmel/studio/7.0/toolchain/arm/arm-gnu-toolchain/bin/../lib/gcc/arm-none-eabi/6.3.1/../../../../arm-none-eabi/lib/thumb/v7-m\libc.a(lib_a-__call_atexit.o)
 .text.atexit   0x00082c7c        0xc c:/program files (x86)/atmel/studio/7.0/toolchain/arm/arm-gnu-toolchain/bin/../lib/gcc/arm-none-eabi/6.3.1/../../../../arm-none-eabi/lib/thumb/v7-m\libc.a(lib_a-atexit.o)
                0x00082c7c                atexit
 .text.__sflush_r
                0x00082c88      0x138 c:/program files (x86)/atmel/studio/7.0/toolchain/arm/arm-gnu-toolchain/bin/../lib/gcc/arm-none-eabi/6.3.1/../../../../arm-none-eabi/lib/thumb/v7-m\libc.a(lib_a-fflush.o)
                0x00082c88                __sflush_r
 .text._fflush_r
                0x00082dc0       0x54 c:/program files (x86)/atmel/studio/7.0/toolchain/arm/arm-gnu-toolchain/bin/../lib/gcc/arm-none-eabi/6.3.1/../../../../arm-none-eabi/lib/thumb/v7-m\libc.a(lib_a-fflush.o)
                0x00082dc0                _fflush_r
 .text._cleanup_r
                0x00082e14        0xc c:/program files (x86)/atmel/studio/7.0/toolchain/arm/arm-gnu-toolchain/bin/../lib/gcc/arm-none-eabi/6.3.1/../../../../arm-none-eabi/lib/thumb/v7-m\libc.a(lib_a-findfp.o)
                0x00082e14                _cleanup_r
 .text.std.isra.0
                0x00082e20       0x50 c:/program files (x86)/atmel/studio/7.0/toolchain/arm/arm-gnu-toolchain/bin/../lib/gcc/arm-none-eabi/6.3.1/../../../../arm-none-eabi/lib/thumb/v7-m\libc.a(lib_a-findfp.o)
 .text.__sinit  0x00082e70       0x60 c:/program files (x86)/atmel/studio/7.0/toolchain/arm/arm-gnu-toolchain/bin/../lib/gcc/arm-none-eabi/6.3.1/../../../../arm-none-eabi/lib/thumb/v7-m\libc.a(lib_a-findfp.o)
                0x00082e70                __sinit
 .text.__sfp_lock_acquire
                0x00082ed0        0xc c:/program files (x86)/atmel/studio/7.0/toolchain/arm/arm-gnu-toolchain/bin/../lib/gcc/arm-none-eabi/6.3.1/../../../../arm-none-eabi/lib/thumb/v7-m\libc.a(lib_a-findfp.o)
                0x00082ed0                __sfp_lock_acquire
 .text.__sfp_lock_release
                0x00082edc        0xc c:/program files (x86)/atmel/studio/7.0/toolchain/arm/arm-gnu-toolchain/bin/../lib/gcc/arm-none-eabi/6.3.1/../../../../arm-none-eabi/lib/thumb/v7-m\libc.a(lib_a-findfp.o)
                0x00082edc                __sfp_lock_release
 .text.__libc_fini_array
                0x00082ee8       0x34 c:/program files (x86)/atmel/studio/7.0/toolchain/arm/arm-gnu-toolchain/bin/../lib/gcc/arm-none-eabi/6.3.1/../../../../arm-none-eabi/lib/thumb/v7-m\libc.a(lib_a-fini.o)
                0x00082ee8                __libc_fini_array
 .text._malloc_trim_r
                0x00082f1c       0xa0 c:/program files (x86)/atmel/studio/7.0/toolchain/arm/arm-gnu-toolchain/bin/../lib/gcc/arm-none-eabi/6.3.1/../../../../arm-none-eabi/lib/thumb/v7-m\libc.a(lib_a-freer.o)
                0x00082f1c                _malloc_trim_r
 .text._free_r  0x00082fbc      0x1cc c:/program files (x86)/atmel/studio/7.0/toolchain/arm/arm-gnu-toolchain/bin/../lib/gcc/arm-none-eabi/6.3.1/../../../../arm-none-eabi/lib/thumb/v7-m\libc.a(lib_a-freer.o)
                0x00082fbc                _free_r
 .text._fwalk_reent
                0x00083188       0x50 c:/program files (x86)/atmel/studio/7.0/toolchain/arm/arm-gnu-toolchain/bin/../lib/gcc/arm-none-eabi/6.3.1/../../../../arm-none-eabi/lib/thumb/v7-m\libc.a(lib_a-fwalk.o)
                0x00083188                _fwalk_reent
 .text.__retarget_lock_init_recursive
                0x000831d8        0x4 c:/program files (x86)/atmel/studio/7.0/toolchain/arm/arm-gnu-toolchain/bin/../lib/gcc/arm-none-eabi/6.3.1/../../../../arm-none-eabi/lib/thumb/v7-m\libc.a(lib_a-lock.o)
                0x000831d8                __retarget_lock_init_recursive
 .text.__retarget_lock_close_recursive
                0x000831dc        0x4 c:/program files (x86)/atmel/studio/7.0/toolchain/arm/arm-gnu-toolchain/bin/../lib/gcc/arm-none-eabi/6.3.1/../../../../arm-none-eabi/lib/thumb/v7-m\libc.a(lib_a-lock.o)
                0x000831dc                __retarget_lock_close_recursive
 .text.__retarget_lock_acquire_recursive
                0x000831e0        0x4 c:/program files (x86)/atmel/studio/7.0/toolchain/arm/arm-gnu-toolchain/bin/../lib/gcc/arm-none-eabi/6.3.1/../../../../arm-none-eabi/lib/thumb/v7-m\libc.a(lib_a-lock.o)
                0x000831e0                __retarget_lock_acquire_recursive
 .text.__retarget_lock_release_recursive
                0x000831e4        0x4 c:/program files (x86)/atmel/studio/7.0/toolchain/arm/arm-gnu-toolchain/bin/../lib/gcc/arm-none-eabi/6.3.1/../../../../arm-none-eabi/lib/thumb/v7-m\libc.a(lib_a-lock.o)
                0x000831e4                __retarget_lock_release_recursive
 .text.__swhatbuf_r
                0x000831e8       0x5c c:/program files (x86)/atmel/studio/7.0/toolchain/arm/arm-gnu-toolchain/bin/../lib/gcc/arm-none-eabi/6.3.1/../../../../arm-none-eabi/lib/thumb/v7-m\libc.a(lib_a-makebuf.o)
                0x000831e8                __swhatbuf_r
 .text.malloc   0x00083244       0x10 c:/program files (x86)/atmel/studio/7.0/toolchain/arm/arm-gnu-toolchain/bin/../lib/gcc/arm-none-eabi/6.3.1/../../../../arm-none-eabi/lib/thumb/v7-m\libc.a(lib_a-malloc.o)
                0x00083244                malloc
 .text._malloc_r
                0x00083254      0x544 c:/program files (x86)/atmel/studio/7.0/toolchain/arm/arm-gnu-toolchain/bin/../lib/gcc/arm-none-eabi/6.3.1/../../../../arm-none-eabi/lib/thumb/v7-m\libc.a(lib_a-mallocr.o)
                0x00083254                _malloc_r
 .text.__malloc_lock
                0x00083798        0xc c:/program files (x86)/atmel/studio/7.0/toolchain/arm/arm-gnu-toolchain/bin/../lib/gcc/arm-none-eabi/6.3.1/../../../../arm-none-eabi/lib/thumb/v7-m\libc.a(lib_a-mlock.o)
                0x00083798                __malloc_lock
 .text.__malloc_unlock
                0x000837a4        0xc c:/program files (x86)/atmel/studio/7.0/toolchain/arm/arm-gnu-toolchain/bin/../lib/gcc/arm-none-eabi/6.3.1/../../../../arm-none-eabi/lib/thumb/v7-m\libc.a(lib_a-mlock.o)
                0x000837a4                __malloc_unlock
 .text._sbrk_r  0x000837b0       0x24 c:/program files (x86)/atmel/studio/7.0/toolchain/arm/arm-gnu-toolchain/bin/../lib/gcc/arm-none-eabi/6.3.1/../../../../arm-none-eabi/lib/thumb/v7-m\libc.a(lib_a-sbrkr.o)
                0x000837b0                _sbrk_r
 .text.__sread  0x000837d4       0x24 c:/program files (x86)/atmel/studio/7.0/toolchain/arm/arm-gnu-toolchain/bin/../lib/gcc/arm-none-eabi/6.3.1/../../../../arm-none-eabi/lib/thumb/v7-m\libc.a(lib_a-stdio.o)
                0x000837d4                __sread
 .text.__swrite
                0x000837f8       0x3c c:/program files (x86)/atmel/studio/7.0/toolchain/arm/arm-gnu-toolchain/bin/../lib/gcc/arm-none-eabi/6.3.1/../../../../arm-none-eabi/lib/thumb/v7-m\libc.a(lib_a-stdio.o)
                0x000837f8                __swrite
 .text.__sseek  0x00083834       0x20 c:/program files (x86)/atmel/studio/7.0/toolchain/arm/arm-gnu-toolchain/bin/../lib/gcc/arm-none-eabi/6.3.1/../../../../arm-none-eabi/lib/thumb/v7-m\libc.a(lib_a-stdio.o)
                0x00083834                __sseek
 .text.__sclose
                0x00083854        0x8 c:/program files (x86)/atmel/studio/7.0/toolchain/arm/arm-gnu-toolchain/bin/../lib/gcc/arm-none-eabi/6.3.1/../../../../arm-none-eabi/lib/thumb/v7-m\libc.a(lib_a-stdio.o)
                0x00083854                __sclose
 .text._write_r
                0x0008385c       0x2c c:/program files (x86)/atmel/studio/7.0/toolchain/arm/arm-gnu-toolchain/bin/../lib/gcc/arm-none-eabi/6.3.1/../../../../arm-none-eabi/lib/thumb/v7-m\libc.a(lib_a-writer.o)
                0x0008385c                _write_r
 .text.__register_exitproc
                0x00083888       0xc4 c:/program files (x86)/atmel/studio/7.0/toolchain/arm/arm-gnu-toolchain/bin/../lib/gcc/arm-none-eabi/6.3.1/../../../../arm-none-eabi/lib/thumb/v7-m\libc.a(lib_a-__atexit.o)
                0x00083888                __register_exitproc
 .text._close_r
                0x0008394c       0x24 c:/program files (x86)/atmel/studio/7.0/toolchain/arm/arm-gnu-toolchain/bin/../lib/gcc/arm-none-eabi/6.3.1/../../../../arm-none-eabi/lib/thumb/v7-m\libc.a(lib_a-closer.o)
                0x0008394c                _close_r
 .text._fclose_r
                0x00083970       0xc4 c:/program files (x86)/atmel/studio/7.0/toolchain/arm/arm-gnu-toolchain/bin/../lib/gcc/arm-none-eabi/6.3.1/../../../../arm-none-eabi/lib/thumb/v7-m\libc.a(lib_a-fclose.o)
                0x00083970                _fclose_r
 .text._fstat_r
                0x00083a34       0x28 c:/program files (x86)/atmel/studio/7.0/toolchain/arm/arm-gnu-toolchain/bin/../lib/gcc/arm-none-eabi/6.3.1/../../../../arm-none-eabi/lib/thumb/v7-m\libc.a(lib_a-fstatr.o)
                0x00083a34                _fstat_r
 .text._lseek_r
                0x00083a5c       0x2c c:/program files (x86)/atmel/studio/7.0/toolchain/arm/arm-gnu-toolchain/bin/../lib/gcc/arm-none-eabi/6.3.1/../../../../arm-none-eabi/lib/thumb/v7-m\libc.a(lib_a-lseekr.o)
                0x00083a5c                _lseek_r
 .text._read_r  0x00083a88       0x2c c:/program files (x86)/atmel/studio/7.0/toolchain/arm/arm-gnu-toolchain/bin/../lib/gcc/arm-none-eabi/6.3.1/../../../../arm-none-eabi/lib/thumb/v7-m\libc.a(lib_a-readr.o)
                0x00083a88                _read_r
 *(.glue_7t)
 .glue_7t       0x00083ab4        0x0 linker stubs
 *(.glue_7)
 .glue_7        0x00083ab4        0x0 linker stubs
 *(.rodata .rodata* .gnu.linkonce.r.*)
 .rodata.vTaskStartScheduler.str1.4
                0x00083ab4        0x5 src/ASF/thirdparty/freertos/freertos-10.0.0/Source/tasks.o
 *fill*         0x00083ab9        0x3 
 .rodata.prvCheckForValidListAndQueue.str1.4
                0x00083abc        0x5 src/ASF/thirdparty/freertos/freertos-10.0.0/Source/timers.o
 *fill*         0x00083ac1        0x3 
 .rodata.xTimerCreateTimerTask.str1.4
                0x00083ac4        0x8 src/ASF/thirdparty/freertos/freertos-10.0.0/Source/timers.o
 .rodata.init_writer1.str1.4
                0x00083acc       0x15 src/writer1.o
 *fill*         0x00083ae1        0x3 
 .rodata.writer1.str1.4
                0x00083ae4        0x9 src/writer1.o
 *fill*         0x00083aed        0x3 
 .rodata.init_writer2.str1.4
                0x00083af0       0x15 src/writer2.o
 *fill*         0x00083b05        0x3 
 .rodata.writer2.str1.4
                0x00083b08       0x10 src/writer2.o
                                  0xe (size before relaxing)
 .rodata._global_impure_ptr
                0x00083b18        0x4 c:/program files (x86)/atmel/studio/7.0/toolchain/arm/arm-gnu-toolchain/bin/../lib/gcc/arm-none-eabi/6.3.1/../../../../arm-none-eabi/lib/thumb/v7-m\libc.a(lib_a-impure.o)
                0x00083b18                _global_impure_ptr
 *(.ARM.extab* .gnu.linkonce.armextab.*)
                0x00083b1c                . = ALIGN (0x4)
 *(.init)
 .init          0x00083b1c        0x4 c:/program files (x86)/atmel/studio/7.0/toolchain/arm/arm-gnu-toolchain/bin/../lib/gcc/arm-none-eabi/6.3.1/thumb/v7-m/crti.o
                0x00083b1c                _init
 .init          0x00083b20        0x8 c:/program files (x86)/atmel/studio/7.0/toolchain/arm/arm-gnu-toolchain/bin/../lib/gcc/arm-none-eabi/6.3.1/thumb/v7-m/crtn.o
                0x00083b28                . = ALIGN (0x4)
                0x00083b28                __preinit_array_start = .
 *(.preinit_array)
                0x00083b28                __preinit_array_end = .
                0x00083b28                . = ALIGN (0x4)
                0x00083b28                __init_array_start = .
 *(SORT(.init_array.*))
 .init_array.00000
                0x00083b28        0x4 c:/program files (x86)/atmel/studio/7.0/toolchain/arm/arm-gnu-toolchain/bin/../lib/gcc/arm-none-eabi/6.3.1/../../../../arm-none-eabi/lib/thumb/v7-m\libc.a(lib_a-__call_atexit.o)
 *(.init_array)
 .init_array    0x00083b2c        0x4 c:/program files (x86)/atmel/studio/7.0/toolchain/arm/arm-gnu-toolchain/bin/../lib/gcc/arm-none-eabi/6.3.1/thumb/v7-m/crtbegin.o
                0x00083b30                __init_array_end = .
                0x00083b30                . = ALIGN (0x4)
 *crtbegin.o(.ctors)
 *(EXCLUDE_FILE(*crtend.o) .ctors)
 *(SORT(.ctors.*))
 *crtend.o(.ctors)
                0x00083b30                . = ALIGN (0x4)
 *(.fini)
 .fini          0x00083b30        0x4 c:/program files (x86)/atmel/studio/7.0/toolchain/arm/arm-gnu-toolchain/bin/../lib/gcc/arm-none-eabi/6.3.1/thumb/v7-m/crti.o
                0x00083b30                _fini
 .fini          0x00083b34        0x8 c:/program files (x86)/atmel/studio/7.0/toolchain/arm/arm-gnu-toolchain/bin/../lib/gcc/arm-none-eabi/6.3.1/thumb/v7-m/crtn.o
                0x00083b3c                . = ALIGN (0x4)
                0x00083b3c                __fini_array_start = .
 *(.fini_array)
 .fini_array    0x00083b3c        0x4 c:/program files (x86)/atmel/studio/7.0/toolchain/arm/arm-gnu-toolchain/bin/../lib/gcc/arm-none-eabi/6.3.1/thumb/v7-m/crtbegin.o
 *(SORT(.fini_array.*))
                0x00083b40                __fini_array_end = .
 *crtbegin.o(.dtors)
 *(EXCLUDE_FILE(*crtend.o) .dtors)
 *(SORT(.dtors.*))
 *crtend.o(.dtors)
                0x00083b40                . = ALIGN (0x4)
                0x00083b40                _efixed = .
                [!provide]                PROVIDE (__exidx_start, .)

.vfp11_veneer   0x00083b40        0x0
 .vfp11_veneer  0x00083b40        0x0 linker stubs

.v4_bx          0x00083b40        0x0
 .v4_bx         0x00083b40        0x0 linker stubs

.iplt           0x00083b40        0x0
 .iplt          0x00083b40        0x0 c:/program files (x86)/atmel/studio/7.0/toolchain/arm/arm-gnu-toolchain/bin/../lib/gcc/arm-none-eabi/6.3.1/thumb/v7-m/crtbegin.o

.eh_frame       0x00083b40        0x0
 .eh_frame      0x00083b40        0x0 c:/program files (x86)/atmel/studio/7.0/toolchain/arm/arm-gnu-toolchain/bin/../lib/gcc/arm-none-eabi/6.3.1/thumb/v7-m/crtbegin.o

.rel.dyn        0x00083b40        0x0
 .rel.iplt      0x00083b40        0x0 c:/program files (x86)/atmel/studio/7.0/toolchain/arm/arm-gnu-toolchain/bin/../lib/gcc/arm-none-eabi/6.3.1/thumb/v7-m/crtbegin.o

.jcr            0x00083b40        0x0
 .jcr           0x00083b40        0x0 c:/program files (x86)/atmel/studio/7.0/toolchain/arm/arm-gnu-toolchain/bin/../lib/gcc/arm-none-eabi/6.3.1/thumb/v7-m/crtbegin.o

.igot.plt       0x00083b40        0x0
 .igot.plt      0x00083b40        0x0 c:/program files (x86)/atmel/studio/7.0/toolchain/arm/arm-gnu-toolchain/bin/../lib/gcc/arm-none-eabi/6.3.1/thumb/v7-m/crtbegin.o

.ARM.exidx
 *(.ARM.exidx* .gnu.linkonce.armexidx.*)
                [!provide]                PROVIDE (__exidx_end, .)
                0x00083b40                . = ALIGN (0x4)
                0x00083b40                _etext = .

.relocate       0x20070000      0x974 load address 0x00083b40
                0x20070000                . = ALIGN (0x4)
                0x20070000                _srelocate = .
 *(.ramfunc .ramfunc.*)
 .ramfunc       0x20070000      0x12c src/ASF/sam/utils/cmsis/sam3x/source/templates/system_sam3x.o
                0x20070000                SystemInit
                0x200700a4                system_init_flash
 *(.data .data.*)
 .data.uxCriticalNesting
                0x2007012c        0x4 src/ASF/thirdparty/freertos/freertos-10.0.0/Source/portable/GCC/ARM_CM3/port.o
 .data.SystemCoreClock
                0x20070130        0x4 src/ASF/sam/utils/cmsis/sam3x/source/templates/system_sam3x.o
                0x20070130                SystemCoreClock
 .data._impure_ptr
                0x20070134        0x4 c:/program files (x86)/atmel/studio/7.0/toolchain/arm/arm-gnu-toolchain/bin/../lib/gcc/arm-none-eabi/6.3.1/../../../../arm-none-eabi/lib/thumb/v7-m\libc.a(lib_a-impure.o)
                0x20070134                _impure_ptr
 .data.impure_data
                0x20070138      0x428 c:/program files (x86)/atmel/studio/7.0/toolchain/arm/arm-gnu-toolchain/bin/../lib/gcc/arm-none-eabi/6.3.1/../../../../arm-none-eabi/lib/thumb/v7-m\libc.a(lib_a-impure.o)
 .data.__atexit_recursive_mutex
                0x20070560        0x4 c:/program files (x86)/atmel/studio/7.0/toolchain/arm/arm-gnu-toolchain/bin/../lib/gcc/arm-none-eabi/6.3.1/../../../../arm-none-eabi/lib/thumb/v7-m\libc.a(lib_a-__call_atexit.o)
                0x20070560                __atexit_recursive_mutex
 .data.__malloc_av_
                0x20070564      0x408 c:/program files (x86)/atmel/studio/7.0/toolchain/arm/arm-gnu-toolchain/bin/../lib/gcc/arm-none-eabi/6.3.1/../../../../arm-none-eabi/lib/thumb/v7-m\libc.a(lib_a-mallocr.o)
                0x20070564                __malloc_av_
 .data.__malloc_sbrk_base
                0x2007096c        0x4 c:/program files (x86)/atmel/studio/7.0/toolchain/arm/arm-gnu-toolchain/bin/../lib/gcc/arm-none-eabi/6.3.1/../../../../arm-none-eabi/lib/thumb/v7-m\libc.a(lib_a-mallocr.o)
                0x2007096c                __malloc_sbrk_base
 .data.__malloc_trim_threshold
                0x20070970        0x4 c:/program files (x86)/atmel/studio/7.0/toolchain/arm/arm-gnu-toolchain/bin/../lib/gcc/arm-none-eabi/6.3.1/../../../../arm-none-eabi/lib/thumb/v7-m\libc.a(lib_a-mallocr.o)
                0x20070970                __malloc_trim_threshold
                0x20070974                . = ALIGN (0x4)
                0x20070974                _erelocate = .

.bss            0x20070974     0xba8c load address 0x000844b4
                0x20070974                . = ALIGN (0x4)
                0x20070974                _sbss = .
                0x20070974                _szero = .
 *(.bss .bss.*)
 .bss           0x20070974       0x1c c:/program files (x86)/atmel/studio/7.0/toolchain/arm/arm-gnu-toolchain/bin/../lib/gcc/arm-none-eabi/6.3.1/thumb/v7-m/crtbegin.o
 .bss.ucMaxSysCallPriority
                0x20070990        0x1 src/ASF/thirdparty/freertos/freertos-10.0.0/Source/portable/GCC/ARM_CM3/port.o
 *fill*         0x20070991        0x3 
 .bss.ulMaxPRIGROUPValue
                0x20070994        0x4 src/ASF/thirdparty/freertos/freertos-10.0.0/Source/portable/GCC/ARM_CM3/port.o
 .bss.pucAlignedHeap.7750
                0x20070998        0x4 src/ASF/thirdparty/freertos/freertos-10.0.0/Source/portable/MemMang/heap_1.o
 .bss.ucHeap    0x2007099c     0xb800 src/ASF/thirdparty/freertos/freertos-10.0.0/Source/portable/MemMang/heap_1.o
 .bss.xNextFreeByte
                0x2007c19c        0x4 src/ASF/thirdparty/freertos/freertos-10.0.0/Source/portable/MemMang/heap_1.o
 .bss.pxCurrentTCB
                0x2007c1a0        0x4 src/ASF/thirdparty/freertos/freertos-10.0.0/Source/tasks.o
                0x2007c1a0                pxCurrentTCB
 .bss.pxDelayedTaskList
                0x2007c1a4        0x4 src/ASF/thirdparty/freertos/freertos-10.0.0/Source/tasks.o
 .bss.pxOverflowDelayedTaskList
                0x2007c1a8        0x4 src/ASF/thirdparty/freertos/freertos-10.0.0/Source/tasks.o
 .bss.pxReadyTasksLists
                0x2007c1ac       0x64 src/ASF/thirdparty/freertos/freertos-10.0.0/Source/tasks.o
 .bss.uxCurrentNumberOfTasks
                0x2007c210        0x4 src/ASF/thirdparty/freertos/freertos-10.0.0/Source/tasks.o
 .bss.uxDeletedTasksWaitingCleanUp
                0x2007c214        0x4 src/ASF/thirdparty/freertos/freertos-10.0.0/Source/tasks.o
 .bss.uxPendedTicks
                0x2007c218        0x4 src/ASF/thirdparty/freertos/freertos-10.0.0/Source/tasks.o
 .bss.uxSchedulerSuspended
                0x2007c21c        0x4 src/ASF/thirdparty/freertos/freertos-10.0.0/Source/tasks.o
 .bss.uxTaskNumber
                0x2007c220        0x4 src/ASF/thirdparty/freertos/freertos-10.0.0/Source/tasks.o
 .bss.uxTopReadyPriority
                0x2007c224        0x4 src/ASF/thirdparty/freertos/freertos-10.0.0/Source/tasks.o
 .bss.xDelayedTaskList1
                0x2007c228       0x14 src/ASF/thirdparty/freertos/freertos-10.0.0/Source/tasks.o
 .bss.xDelayedTaskList2
                0x2007c23c       0x14 src/ASF/thirdparty/freertos/freertos-10.0.0/Source/tasks.o
 .bss.xIdleTaskHandle
                0x2007c250        0x4 src/ASF/thirdparty/freertos/freertos-10.0.0/Source/tasks.o
 .bss.xNextTaskUnblockTime
                0x2007c254        0x4 src/ASF/thirdparty/freertos/freertos-10.0.0/Source/tasks.o
 .bss.xNumOfOverflows
                0x2007c258        0x4 src/ASF/thirdparty/freertos/freertos-10.0.0/Source/tasks.o
 .bss.xPendingReadyList
                0x2007c25c       0x14 src/ASF/thirdparty/freertos/freertos-10.0.0/Source/tasks.o
 .bss.xSchedulerRunning
                0x2007c270        0x4 src/ASF/thirdparty/freertos/freertos-10.0.0/Source/tasks.o
 .bss.xSuspendedTaskList
                0x2007c274       0x14 src/ASF/thirdparty/freertos/freertos-10.0.0/Source/tasks.o
 .bss.xTasksWaitingTermination
                0x2007c288       0x14 src/ASF/thirdparty/freertos/freertos-10.0.0/Source/tasks.o
 .bss.xTickCount
                0x2007c29c        0x4 src/ASF/thirdparty/freertos/freertos-10.0.0/Source/tasks.o
 .bss.xYieldPending
                0x2007c2a0        0x4 src/ASF/thirdparty/freertos/freertos-10.0.0/Source/tasks.o
 .bss.pxCurrentTimerList
                0x2007c2a4        0x4 src/ASF/thirdparty/freertos/freertos-10.0.0/Source/timers.o
 .bss.pxOverflowTimerList
                0x2007c2a8        0x4 src/ASF/thirdparty/freertos/freertos-10.0.0/Source/timers.o
 .bss.xActiveTimerList1
                0x2007c2ac       0x14 src/ASF/thirdparty/freertos/freertos-10.0.0/Source/timers.o
 .bss.xActiveTimerList2
                0x2007c2c0       0x14 src/ASF/thirdparty/freertos/freertos-10.0.0/Source/timers.o
 .bss.xLastTime.8056
                0x2007c2d4        0x4 src/ASF/thirdparty/freertos/freertos-10.0.0/Source/timers.o
 .bss.xTimerQueue
                0x2007c2d8        0x4 src/ASF/thirdparty/freertos/freertos-10.0.0/Source/timers.o
 .bss.xTimerTaskHandle
                0x2007c2dc        0x4 src/ASF/thirdparty/freertos/freertos-10.0.0/Source/timers.o
 .bss.gs_interrupt_sources
                0x2007c2e0       0x70 src/ASF/sam/drivers/pio/pio_handler.o
 .bss.heap.5297
                0x2007c350        0x4 src/ASF/sam/utils/syscalls/gcc/syscalls.o
 .bss.__malloc_current_mallinfo
                0x2007c354       0x28 c:/program files (x86)/atmel/studio/7.0/toolchain/arm/arm-gnu-toolchain/bin/../lib/gcc/arm-none-eabi/6.3.1/../../../../arm-none-eabi/lib/thumb/v7-m\libc.a(lib_a-mallocr.o)
                0x2007c354                __malloc_current_mallinfo
 .bss.__malloc_max_sbrked_mem
                0x2007c37c        0x4 c:/program files (x86)/atmel/studio/7.0/toolchain/arm/arm-gnu-toolchain/bin/../lib/gcc/arm-none-eabi/6.3.1/../../../../arm-none-eabi/lib/thumb/v7-m\libc.a(lib_a-mallocr.o)
                0x2007c37c                __malloc_max_sbrked_mem
 .bss.__malloc_max_total_mem
                0x2007c380        0x4 c:/program files (x86)/atmel/studio/7.0/toolchain/arm/arm-gnu-toolchain/bin/../lib/gcc/arm-none-eabi/6.3.1/../../../../arm-none-eabi/lib/thumb/v7-m\libc.a(lib_a-mallocr.o)
                0x2007c380                __malloc_max_total_mem
 .bss.__malloc_top_pad
                0x2007c384        0x4 c:/program files (x86)/atmel/studio/7.0/toolchain/arm/arm-gnu-toolchain/bin/../lib/gcc/arm-none-eabi/6.3.1/../../../../arm-none-eabi/lib/thumb/v7-m\libc.a(lib_a-mallocr.o)
                0x2007c384                __malloc_top_pad
 *(COMMON)
 COMMON         0x2007c388        0x4 src/ASF/common/utils/stdio/read.o
                0x2007c388                ptr_get
 COMMON         0x2007c38c        0x8 src/ASF/common/utils/stdio/write.o
                0x2007c38c                ptr_put
                0x2007c390                stdio_base
 COMMON         0x2007c394        0x4 src/console_po.o
                0x2007c394                xSemaphore
 COMMON         0x2007c398       0x40 src/ASF/thirdparty/freertos/freertos-10.0.0/Source/queue.o
                0x2007c398                xQueueRegistry
 COMMON         0x2007c3d8       0x21 c:/program files (x86)/atmel/studio/7.0/toolchain/arm/arm-gnu-toolchain/bin/../lib/gcc/arm-none-eabi/6.3.1/../../../../arm-none-eabi/lib/thumb/v7-m\libc.a(lib_a-lock.o)
                0x2007c3d8                __lock___atexit_recursive_mutex
                0x2007c3dc                __lock___arc4random_mutex
                0x2007c3e0                __lock___env_recursive_mutex
                0x2007c3e4                __lock___sinit_recursive_mutex
                0x2007c3e8                __lock___malloc_recursive_mutex
                0x2007c3ec                __lock___at_quick_exit_mutex
                0x2007c3f0                __lock___dd_hash_mutex
                0x2007c3f4                __lock___tz_mutex
                0x2007c3f8                __lock___sfp_recursive_mutex
 *fill*         0x2007c3f9        0x3 
 COMMON         0x2007c3fc        0x4 c:/program files (x86)/atmel/studio/7.0/toolchain/arm/arm-gnu-toolchain/bin/../lib/gcc/arm-none-eabi/6.3.1/../../../../arm-none-eabi/lib/thumb/v7-m\libc.a(lib_a-reent.o)
                0x2007c3fc                errno
                0x2007c400                . = ALIGN (0x4)
                0x2007c400                _ebss = .
                0x2007c400                _ezero = .

.stack          0x2007c400     0x2000 load address 0x0008ff40
                0x2007c400                . = ALIGN (0x8)
                0x2007c400                _sstack = .
                0x2007e400                . = (. + __stack_size__)
 *fill*         0x2007c400     0x2000 
                0x2007e400                . = ALIGN (0x8)
                0x2007e400                _estack = .
                0x2007e400                . = ALIGN (0x4)
                0x2007e400                _end = .
OUTPUT(RTOS4.elf elf32-littlearm)

.ARM.attributes
                0x00000000       0x29
 .ARM.attributes
                0x00000000       0x1d c:/program files (x86)/atmel/studio/7.0/toolchain/arm/arm-gnu-toolchain/bin/../lib/gcc/arm-none-eabi/6.3.1/thumb/v7-m/crti.o
 .ARM.attributes
                0x0000001d       0x2d c:/program files (x86)/atmel/studio/7.0/toolchain/arm/arm-gnu-toolchain/bin/../lib/gcc/arm-none-eabi/6.3.1/thumb/v7-m/crtbegin.o
 .ARM.attributes
                0x0000004a       0x33 src/ASF/common/utils/stdio/read.o
 .ARM.attributes
                0x0000007d       0x33 src/ASF/common/utils/stdio/write.o
 .ARM.attributes
                0x000000b0       0x33 src/ASF/sam/drivers/usart/usart.o
 .ARM.attributes
                0x000000e3       0x33 src/console_po.o
 .ARM.attributes
                0x00000116       0x33 src/ASF/sam/drivers/uart/uart.o
 .ARM.attributes
                0x00000149       0x33 src/ASF/thirdparty/freertos/freertos-10.0.0/Source/list.o
 .ARM.attributes
                0x0000017c       0x33 src/ASF/thirdparty/freertos/freertos-10.0.0/Source/portable/GCC/ARM_CM3/port.o
 .ARM.attributes
                0x000001af       0x33 src/ASF/thirdparty/freertos/freertos-10.0.0/Source/portable/MemMang/heap_1.o
 .ARM.attributes
                0x000001e2       0x33 src/ASF/thirdparty/freertos/freertos-10.0.0/Source/queue.o
 .ARM.attributes
                0x00000215       0x33 src/ASF/thirdparty/freertos/freertos-10.0.0/Source/tasks.o
 .ARM.attributes
                0x00000248       0x33 src/ASF/thirdparty/freertos/freertos-10.0.0/Source/timers.o
 .ARM.attributes
                0x0000027b       0x33 src/ASF/common/services/clock/sam3x/sysclk.o
 .ARM.attributes
                0x000002ae       0x33 src/ASF/sam/boards/arduino_due_x/init.o
 .ARM.attributes
                0x000002e1       0x33 src/ASF/sam/drivers/pio/pio.o
 .ARM.attributes
                0x00000314       0x33 src/ASF/sam/drivers/pio/pio_handler.o
 .ARM.attributes
                0x00000347       0x33 src/ASF/sam/drivers/pmc/pmc.o
 .ARM.attributes
                0x0000037a       0x33 src/ASF/sam/utils/cmsis/sam3x/source/templates/exceptions.o
 .ARM.attributes
                0x000003ad       0x33 src/ASF/sam/utils/cmsis/sam3x/source/templates/gcc/startup_sam3x.o
 .ARM.attributes
                0x000003e0       0x33 src/ASF/sam/utils/cmsis/sam3x/source/templates/system_sam3x.o
 .ARM.attributes
                0x00000413       0x33 src/ASF/sam/utils/syscalls/gcc/syscalls.o
 .ARM.attributes
                0x00000446       0x33 src/writer1.o
 .ARM.attributes
                0x00000479       0x33 src/writer2.o
 .ARM.attributes
                0x000004ac       0x33 src/main.o
 .ARM.attributes
                0x000004df       0x2d c:/program files (x86)/atmel/studio/7.0/toolchain/arm/arm-gnu-toolchain/bin/../lib/gcc/arm-none-eabi/6.3.1/../../../../arm-none-eabi/lib/thumb/v7-m\libc.a(lib_a-impure.o)
 .ARM.attributes
                0x0000050c       0x2d c:/program files (x86)/atmel/studio/7.0/toolchain/arm/arm-gnu-toolchain/bin/../lib/gcc/arm-none-eabi/6.3.1/../../../../arm-none-eabi/lib/thumb/v7-m\libc.a(lib_a-init.o)
 .ARM.attributes
                0x00000539       0x1b c:/program files (x86)/atmel/studio/7.0/toolchain/arm/arm-gnu-toolchain/bin/../lib/gcc/arm-none-eabi/6.3.1/../../../../arm-none-eabi/lib/thumb/v7-m\libc.a(lib_a-memcpy.o)
 .ARM.attributes
                0x00000554       0x2d c:/program files (x86)/atmel/studio/7.0/toolchain/arm/arm-gnu-toolchain/bin/../lib/gcc/arm-none-eabi/6.3.1/../../../../arm-none-eabi/lib/thumb/v7-m\libc.a(lib_a-memset.o)
 .ARM.attributes
                0x00000581       0x2d c:/program files (x86)/atmel/studio/7.0/toolchain/arm/arm-gnu-toolchain/bin/../lib/gcc/arm-none-eabi/6.3.1/../../../../arm-none-eabi/lib/thumb/v7-m\libc.a(lib_a-setbuf.o)
 .ARM.attributes
                0x000005ae       0x2d c:/program files (x86)/atmel/studio/7.0/toolchain/arm/arm-gnu-toolchain/bin/../lib/gcc/arm-none-eabi/6.3.1/../../../../arm-none-eabi/lib/thumb/v7-m\libc.a(lib_a-setvbuf.o)
 .ARM.attributes
                0x000005db       0x2d c:/program files (x86)/atmel/studio/7.0/toolchain/arm/arm-gnu-toolchain/bin/../lib/gcc/arm-none-eabi/6.3.1/../../../../arm-none-eabi/lib/thumb/v7-m\libc.a(lib_a-__call_atexit.o)
 .ARM.attributes
                0x00000608       0x2d c:/program files (x86)/atmel/studio/7.0/toolchain/arm/arm-gnu-toolchain/bin/../lib/gcc/arm-none-eabi/6.3.1/../../../../arm-none-eabi/lib/thumb/v7-m\libc.a(lib_a-atexit.o)
 .ARM.attributes
                0x00000635       0x2d c:/program files (x86)/atmel/studio/7.0/toolchain/arm/arm-gnu-toolchain/bin/../lib/gcc/arm-none-eabi/6.3.1/../../../../arm-none-eabi/lib/thumb/v7-m\libc.a(lib_a-fflush.o)
 .ARM.attributes
                0x00000662       0x2d c:/program files (x86)/atmel/studio/7.0/toolchain/arm/arm-gnu-toolchain/bin/../lib/gcc/arm-none-eabi/6.3.1/../../../../arm-none-eabi/lib/thumb/v7-m\libc.a(lib_a-findfp.o)
 .ARM.attributes
                0x0000068f       0x2d c:/program files (x86)/atmel/studio/7.0/toolchain/arm/arm-gnu-toolchain/bin/../lib/gcc/arm-none-eabi/6.3.1/../../../../arm-none-eabi/lib/thumb/v7-m\libc.a(lib_a-fini.o)
 .ARM.attributes
                0x000006bc       0x2d c:/program files (x86)/atmel/studio/7.0/toolchain/arm/arm-gnu-toolchain/bin/../lib/gcc/arm-none-eabi/6.3.1/../../../../arm-none-eabi/lib/thumb/v7-m\libc.a(lib_a-freer.o)
 .ARM.attributes
                0x000006e9       0x2d c:/program files (x86)/atmel/studio/7.0/toolchain/arm/arm-gnu-toolchain/bin/../lib/gcc/arm-none-eabi/6.3.1/../../../../arm-none-eabi/lib/thumb/v7-m\libc.a(lib_a-fwalk.o)
 .ARM.attributes
                0x00000716       0x2d c:/program files (x86)/atmel/studio/7.0/toolchain/arm/arm-gnu-toolchain/bin/../lib/gcc/arm-none-eabi/6.3.1/../../../../arm-none-eabi/lib/thumb/v7-m\libc.a(lib_a-lock.o)
 .ARM.attributes
                0x00000743       0x2d c:/program files (x86)/atmel/studio/7.0/toolchain/arm/arm-gnu-toolchain/bin/../lib/gcc/arm-none-eabi/6.3.1/../../../../arm-none-eabi/lib/thumb/v7-m\libc.a(lib_a-makebuf.o)
 .ARM.attributes
                0x00000770       0x2d c:/program files (x86)/atmel/studio/7.0/toolchain/arm/arm-gnu-toolchain/bin/../lib/gcc/arm-none-eabi/6.3.1/../../../../arm-none-eabi/lib/thumb/v7-m\libc.a(lib_a-malloc.o)
 .ARM.attributes
                0x0000079d       0x2d c:/program files (x86)/atmel/studio/7.0/toolchain/arm/arm-gnu-toolchain/bin/../lib/gcc/arm-none-eabi/6.3.1/../../../../arm-none-eabi/lib/thumb/v7-m\libc.a(lib_a-mallocr.o)
 .ARM.attributes
                0x000007ca       0x2d c:/program files (x86)/atmel/studio/7.0/toolchain/arm/arm-gnu-toolchain/bin/../lib/gcc/arm-none-eabi/6.3.1/../../../../arm-none-eabi/lib/thumb/v7-m\libc.a(lib_a-mlock.o)
 .ARM.attributes
                0x000007f7       0x2d c:/program files (x86)/atmel/studio/7.0/toolchain/arm/arm-gnu-toolchain/bin/../lib/gcc/arm-none-eabi/6.3.1/../../../../arm-none-eabi/lib/thumb/v7-m\libc.a(lib_a-sbrkr.o)
 .ARM.attributes
                0x00000824       0x2d c:/program files (x86)/atmel/studio/7.0/toolchain/arm/arm-gnu-toolchain/bin/../lib/gcc/arm-none-eabi/6.3.1/../../../../arm-none-eabi/lib/thumb/v7-m\libc.a(lib_a-stdio.o)
 .ARM.attributes
                0x00000851       0x2d c:/program files (x86)/atmel/studio/7.0/toolchain/arm/arm-gnu-toolchain/bin/../lib/gcc/arm-none-eabi/6.3.1/../../../../arm-none-eabi/lib/thumb/v7-m\libc.a(lib_a-writer.o)
 .ARM.attributes
                0x0000087e       0x2d c:/program files (x86)/atmel/studio/7.0/toolchain/arm/arm-gnu-toolchain/bin/../lib/gcc/arm-none-eabi/6.3.1/../../../../arm-none-eabi/lib/thumb/v7-m\libc.a(lib_a-__atexit.o)
 .ARM.attributes
                0x000008ab       0x2d c:/program files (x86)/atmel/studio/7.0/toolchain/arm/arm-gnu-toolchain/bin/../lib/gcc/arm-none-eabi/6.3.1/../../../../arm-none-eabi/lib/thumb/v7-m\libc.a(lib_a-closer.o)
 .ARM.attributes
                0x000008d8       0x2d c:/program files (x86)/atmel/studio/7.0/toolchain/arm/arm-gnu-toolchain/bin/../lib/gcc/arm-none-eabi/6.3.1/../../../../arm-none-eabi/lib/thumb/v7-m\libc.a(lib_a-fclose.o)
 .ARM.attributes
                0x00000905       0x2d c:/program files (x86)/atmel/studio/7.0/toolchain/arm/arm-gnu-toolchain/bin/../lib/gcc/arm-none-eabi/6.3.1/../../../../arm-none-eabi/lib/thumb/v7-m\libc.a(lib_a-fstatr.o)
 .ARM.attributes
                0x00000932       0x2d c:/program files (x86)/atmel/studio/7.0/toolchain/arm/arm-gnu-toolchain/bin/../lib/gcc/arm-none-eabi/6.3.1/../../../../arm-none-eabi/lib/thumb/v7-m\libc.a(lib_a-lseekr.o)
 .ARM.attributes
                0x0000095f       0x2d c:/program files (x86)/atmel/studio/7.0/toolchain/arm/arm-gnu-toolchain/bin/../lib/gcc/arm-none-eabi/6.3.1/../../../../arm-none-eabi/lib/thumb/v7-m\libc.a(lib_a-readr.o)
 .ARM.attributes
                0x0000098c       0x2d c:/program files (x86)/atmel/studio/7.0/toolchain/arm/arm-gnu-toolchain/bin/../lib/gcc/arm-none-eabi/6.3.1/../../../../arm-none-eabi/lib/thumb/v7-m\libc.a(lib_a-reent.o)
 .ARM.attributes
                0x000009b9       0x1d c:/program files (x86)/atmel/studio/7.0/toolchain/arm/arm-gnu-toolchain/bin/../lib/gcc/arm-none-eabi/6.3.1/thumb/v7-m/crtn.o

.comment        0x00000000       0x59
 .comment       0x00000000       0x59 src/ASF/common/utils/stdio/read.o
                                 0x5a (size before relaxing)
 .comment       0x00000059       0x5a src/ASF/common/utils/stdio/write.o
 .comment       0x00000059       0x5a src/ASF/sam/drivers/usart/usart.o
 .comment       0x00000059       0x5a src/console_po.o
 .comment       0x00000059       0x5a src/ASF/sam/drivers/uart/uart.o
 .comment       0x00000059       0x5a src/ASF/thirdparty/freertos/freertos-10.0.0/Source/list.o
 .comment       0x00000059       0x5a src/ASF/thirdparty/freertos/freertos-10.0.0/Source/portable/GCC/ARM_CM3/port.o
 .comment       0x00000059       0x5a src/ASF/thirdparty/freertos/freertos-10.0.0/Source/portable/MemMang/heap_1.o
 .comment       0x00000059       0x5a src/ASF/thirdparty/freertos/freertos-10.0.0/Source/queue.o
 .comment       0x00000059       0x5a src/ASF/thirdparty/freertos/freertos-10.0.0/Source/tasks.o
 .comment       0x00000059       0x5a src/ASF/thirdparty/freertos/freertos-10.0.0/Source/timers.o
 .comment       0x00000059       0x5a src/ASF/common/services/clock/sam3x/sysclk.o
 .comment       0x00000059       0x5a src/ASF/sam/boards/arduino_due_x/init.o
 .comment       0x00000059       0x5a src/ASF/sam/drivers/pio/pio.o
 .comment       0x00000059       0x5a src/ASF/sam/drivers/pio/pio_handler.o
 .comment       0x00000059       0x5a src/ASF/sam/drivers/pmc/pmc.o
 .comment       0x00000059       0x5a src/ASF/sam/utils/cmsis/sam3x/source/templates/exceptions.o
 .comment       0x00000059       0x5a src/ASF/sam/utils/cmsis/sam3x/source/templates/gcc/startup_sam3x.o
 .comment       0x00000059       0x5a src/ASF/sam/utils/cmsis/sam3x/source/templates/system_sam3x.o
 .comment       0x00000059       0x5a src/ASF/sam/utils/syscalls/gcc/syscalls.o
 .comment       0x00000059       0x5a src/writer1.o
 .comment       0x00000059       0x5a src/writer2.o
 .comment       0x00000059       0x5a src/main.o

.debug_info     0x00000000    0x1c940
 .debug_info    0x00000000      0xac9 src/ASF/common/utils/stdio/read.o
 .debug_info    0x00000ac9      0xac6 src/ASF/common/utils/stdio/write.o
 .debug_info    0x0000158f     0x24e3 src/ASF/sam/drivers/usart/usart.o
 .debug_info    0x00003a72     0x141d src/console_po.o
 .debug_info    0x00004e8f     0x119c src/ASF/sam/drivers/uart/uart.o
 .debug_info    0x0000602b      0xc5c src/ASF/thirdparty/freertos/freertos-10.0.0/Source/list.o
 .debug_info    0x00006c87      0xf1e src/ASF/thirdparty/freertos/freertos-10.0.0/Source/portable/GCC/ARM_CM3/port.o
 .debug_info    0x00007ba5      0xb86 src/ASF/thirdparty/freertos/freertos-10.0.0/Source/portable/MemMang/heap_1.o
 .debug_info    0x0000872b     0x28ae src/ASF/thirdparty/freertos/freertos-10.0.0/Source/queue.o
 .debug_info    0x0000afd9     0x35e2 src/ASF/thirdparty/freertos/freertos-10.0.0/Source/tasks.o
 .debug_info    0x0000e5bb     0x1d27 src/ASF/thirdparty/freertos/freertos-10.0.0/Source/timers.o
 .debug_info    0x000102e2     0x11ad src/ASF/common/services/clock/sam3x/sysclk.o
 .debug_info    0x0001148f     0x108a src/ASF/sam/boards/arduino_due_x/init.o
 .debug_info    0x00012519     0x1c61 src/ASF/sam/drivers/pio/pio.o
 .debug_info    0x0001417a     0x17be src/ASF/sam/drivers/pio/pio_handler.o
 .debug_info    0x00015938     0x1a59 src/ASF/sam/drivers/pmc/pmc.o
 .debug_info    0x00017391      0xa39 src/ASF/sam/utils/cmsis/sam3x/source/templates/exceptions.o
 .debug_info    0x00017dca      0xd1b src/ASF/sam/utils/cmsis/sam3x/source/templates/gcc/startup_sam3x.o
 .debug_info    0x00018ae5      0xdc2 src/ASF/sam/utils/cmsis/sam3x/source/templates/system_sam3x.o
 .debug_info    0x000198a7      0xdb0 src/ASF/sam/utils/syscalls/gcc/syscalls.o
 .debug_info    0x0001a657      0xbc9 src/writer1.o
 .debug_info    0x0001b220      0xbc9 src/writer2.o
 .debug_info    0x0001bde9      0xb57 src/main.o

.debug_abbrev   0x00000000     0x40bc
 .debug_abbrev  0x00000000      0x1fe src/ASF/common/utils/stdio/read.o
 .debug_abbrev  0x000001fe      0x1e9 src/ASF/common/utils/stdio/write.o
 .debug_abbrev  0x000003e7      0x406 src/ASF/sam/drivers/usart/usart.o
 .debug_abbrev  0x000007ed      0x366 src/console_po.o
 .debug_abbrev  0x00000b53      0x288 src/ASF/sam/drivers/uart/uart.o
 .debug_abbrev  0x00000ddb      0x221 src/ASF/thirdparty/freertos/freertos-10.0.0/Source/list.o
 .debug_abbrev  0x00000ffc      0x3ab src/ASF/thirdparty/freertos/freertos-10.0.0/Source/portable/GCC/ARM_CM3/port.o
 .debug_abbrev  0x000013a7      0x284 src/ASF/thirdparty/freertos/freertos-10.0.0/Source/portable/MemMang/heap_1.o
 .debug_abbrev  0x0000162b      0x430 src/ASF/thirdparty/freertos/freertos-10.0.0/Source/queue.o
 .debug_abbrev  0x00001a5b      0x48d src/ASF/thirdparty/freertos/freertos-10.0.0/Source/tasks.o
 .debug_abbrev  0x00001ee8      0x406 src/ASF/thirdparty/freertos/freertos-10.0.0/Source/timers.o
 .debug_abbrev  0x000022ee      0x330 src/ASF/common/services/clock/sam3x/sysclk.o
 .debug_abbrev  0x0000261e      0x262 src/ASF/sam/boards/arduino_due_x/init.o
 .debug_abbrev  0x00002880      0x3c7 src/ASF/sam/drivers/pio/pio.o
 .debug_abbrev  0x00002c47      0x329 src/ASF/sam/drivers/pio/pio_handler.o
 .debug_abbrev  0x00002f70      0x335 src/ASF/sam/drivers/pmc/pmc.o
 .debug_abbrev  0x000032a5      0x1a4 src/ASF/sam/utils/cmsis/sam3x/source/templates/exceptions.o
 .debug_abbrev  0x00003449      0x1f2 src/ASF/sam/utils/cmsis/sam3x/source/templates/gcc/startup_sam3x.o
 .debug_abbrev  0x0000363b      0x1f4 src/ASF/sam/utils/cmsis/sam3x/source/templates/system_sam3x.o
 .debug_abbrev  0x0000382f      0x264 src/ASF/sam/utils/syscalls/gcc/syscalls.o
 .debug_abbrev  0x00003a93      0x21e src/writer1.o
 .debug_abbrev  0x00003cb1      0x21e src/writer2.o
 .debug_abbrev  0x00003ecf      0x1ed src/main.o

.debug_loc      0x00000000     0x8363
 .debug_loc     0x00000000       0xb3 src/ASF/common/utils/stdio/read.o
 .debug_loc     0x000000b3      0x12b src/ASF/common/utils/stdio/write.o
 .debug_loc     0x000001de     0x1062 src/ASF/sam/drivers/usart/usart.o
 .debug_loc     0x00001240      0x403 src/console_po.o
 .debug_loc     0x00001643      0x241 src/ASF/sam/drivers/uart/uart.o
 .debug_loc     0x00001884       0x91 src/ASF/thirdparty/freertos/freertos-10.0.0/Source/list.o
 .debug_loc     0x00001915      0x152 src/ASF/thirdparty/freertos/freertos-10.0.0/Source/portable/GCC/ARM_CM3/port.o
 .debug_loc     0x00001a67      0x106 src/ASF/thirdparty/freertos/freertos-10.0.0/Source/portable/MemMang/heap_1.o
 .debug_loc     0x00001b6d     0x166d src/ASF/thirdparty/freertos/freertos-10.0.0/Source/queue.o
 .debug_loc     0x000031da     0x2409 src/ASF/thirdparty/freertos/freertos-10.0.0/Source/tasks.o
 .debug_loc     0x000055e3      0xe72 src/ASF/thirdparty/freertos/freertos-10.0.0/Source/timers.o
 .debug_loc     0x00006455      0x183 src/ASF/common/services/clock/sam3x/sysclk.o
 .debug_loc     0x000065d8       0x70 src/ASF/sam/boards/arduino_due_x/init.o
 .debug_loc     0x00006648      0xacc src/ASF/sam/drivers/pio/pio.o
 .debug_loc     0x00007114      0x569 src/ASF/sam/drivers/pio/pio_handler.o
 .debug_loc     0x0000767d      0xa54 src/ASF/sam/drivers/pmc/pmc.o
 .debug_loc     0x000080d1       0x6b src/ASF/sam/utils/cmsis/sam3x/source/templates/gcc/startup_sam3x.o
 .debug_loc     0x0000813c       0xfd src/ASF/sam/utils/syscalls/gcc/syscalls.o
 .debug_loc     0x00008239       0x85 src/writer1.o
 .debug_loc     0x000082be       0x85 src/writer2.o
 .debug_loc     0x00008343       0x20 src/main.o

.debug_aranges  0x00000000      0xda0
 .debug_aranges
                0x00000000       0x20 src/ASF/common/utils/stdio/read.o
 .debug_aranges
                0x00000020       0x20 src/ASF/common/utils/stdio/write.o
 .debug_aranges
                0x00000040      0x2a8 src/ASF/sam/drivers/usart/usart.o
 .debug_aranges
                0x000002e8       0x38 src/console_po.o
 .debug_aranges
                0x00000320       0xe8 src/ASF/sam/drivers/uart/uart.o
 .debug_aranges
                0x00000408       0x40 src/ASF/thirdparty/freertos/freertos-10.0.0/Source/list.o
 .debug_aranges
                0x00000448       0x78 src/ASF/thirdparty/freertos/freertos-10.0.0/Source/portable/GCC/ARM_CM3/port.o
 .debug_aranges
                0x000004c0       0x38 src/ASF/thirdparty/freertos/freertos-10.0.0/Source/portable/MemMang/heap_1.o
 .debug_aranges
                0x000004f8      0x100 src/ASF/thirdparty/freertos/freertos-10.0.0/Source/queue.o
 .debug_aranges
                0x000005f8      0x1c0 src/ASF/thirdparty/freertos/freertos-10.0.0/Source/tasks.o
 .debug_aranges
                0x000007b8       0xa8 src/ASF/thirdparty/freertos/freertos-10.0.0/Source/timers.o
 .debug_aranges
                0x00000860       0x40 src/ASF/common/services/clock/sam3x/sysclk.o
 .debug_aranges
                0x000008a0       0x20 src/ASF/sam/boards/arduino_due_x/init.o
 .debug_aranges
                0x000008c0      0x148 src/ASF/sam/drivers/pio/pio.o
 .debug_aranges
                0x00000a08       0x58 src/ASF/sam/drivers/pio/pio_handler.o
 .debug_aranges
                0x00000a60      0x200 src/ASF/sam/drivers/pmc/pmc.o
 .debug_aranges
                0x00000c60       0x20 src/ASF/sam/utils/cmsis/sam3x/source/templates/exceptions.o
 .debug_aranges
                0x00000c80       0x20 src/ASF/sam/utils/cmsis/sam3x/source/templates/gcc/startup_sam3x.o
 .debug_aranges
                0x00000ca0       0x30 src/ASF/sam/utils/cmsis/sam3x/source/templates/system_sam3x.o
 .debug_aranges
                0x00000cd0       0x60 src/ASF/sam/utils/syscalls/gcc/syscalls.o
 .debug_aranges
                0x00000d30       0x28 src/writer1.o
 .debug_aranges
                0x00000d58       0x28 src/writer2.o
 .debug_aranges
                0x00000d80       0x20 src/main.o

.debug_ranges   0x00000000      0xef8
 .debug_ranges  0x00000000       0x10 src/ASF/common/utils/stdio/read.o
 .debug_ranges  0x00000010       0x10 src/ASF/common/utils/stdio/write.o
 .debug_ranges  0x00000020      0x298 src/ASF/sam/drivers/usart/usart.o
 .debug_ranges  0x000002b8       0x28 src/console_po.o
 .debug_ranges  0x000002e0       0xd8 src/ASF/sam/drivers/uart/uart.o
 .debug_ranges  0x000003b8       0x30 src/ASF/thirdparty/freertos/freertos-10.0.0/Source/list.o
 .debug_ranges  0x000003e8       0x68 src/ASF/thirdparty/freertos/freertos-10.0.0/Source/portable/GCC/ARM_CM3/port.o
 .debug_ranges  0x00000450       0x28 src/ASF/thirdparty/freertos/freertos-10.0.0/Source/portable/MemMang/heap_1.o
 .debug_ranges  0x00000478      0x240 src/ASF/thirdparty/freertos/freertos-10.0.0/Source/queue.o
 .debug_ranges  0x000006b8      0x290 src/ASF/thirdparty/freertos/freertos-10.0.0/Source/tasks.o
 .debug_ranges  0x00000948      0x100 src/ASF/thirdparty/freertos/freertos-10.0.0/Source/timers.o
 .debug_ranges  0x00000a48       0x30 src/ASF/common/services/clock/sam3x/sysclk.o
 .debug_ranges  0x00000a78       0x10 src/ASF/sam/boards/arduino_due_x/init.o
 .debug_ranges  0x00000a88      0x150 src/ASF/sam/drivers/pio/pio.o
 .debug_ranges  0x00000bd8       0x60 src/ASF/sam/drivers/pio/pio_handler.o
 .debug_ranges  0x00000c38      0x1f0 src/ASF/sam/drivers/pmc/pmc.o
 .debug_ranges  0x00000e28       0x10 src/ASF/sam/utils/cmsis/sam3x/source/templates/exceptions.o
 .debug_ranges  0x00000e38       0x10 src/ASF/sam/utils/cmsis/sam3x/source/templates/gcc/startup_sam3x.o
 .debug_ranges  0x00000e48       0x20 src/ASF/sam/utils/cmsis/sam3x/source/templates/system_sam3x.o
 .debug_ranges  0x00000e68       0x50 src/ASF/sam/utils/syscalls/gcc/syscalls.o
 .debug_ranges  0x00000eb8       0x18 src/writer1.o
 .debug_ranges  0x00000ed0       0x18 src/writer2.o
 .debug_ranges  0x00000ee8       0x10 src/main.o

.debug_macro    0x00000000     0x9cf5
 .debug_macro   0x00000000      0x550 src/ASF/common/utils/stdio/read.o
 .debug_macro   0x00000550      0x550 src/ASF/common/utils/stdio/write.o
 .debug_macro   0x00000aa0      0x59b src/ASF/sam/drivers/usart/usart.o
 .debug_macro   0x0000103b       0x28 src/ASF/sam/drivers/usart/usart.o
 .debug_macro   0x00001063      0x7c0 src/console_po.o
 .debug_macro   0x00001823      0x124 src/console_po.o
 .debug_macro   0x00001947      0x15a src/console_po.o
 .debug_macro   0x00001aa1       0xdd src/console_po.o
 .debug_macro   0x00001b7e       0x10 src/console_po.o
 .debug_macro   0x00001b8e       0x1f src/console_po.o
 .debug_macro   0x00001bad      0x46a src/console_po.o
 .debug_macro   0x00002017       0x11 src/console_po.o
 .debug_macro   0x00002028       0xb5 src/console_po.o
 .debug_macro   0x000020dd       0x43 src/console_po.o
 .debug_macro   0x00002120       0x8c src/console_po.o
 .debug_macro   0x000021ac       0x91 src/console_po.o
 .debug_macro   0x0000223d       0x18 src/console_po.o
 .debug_macro   0x00002255       0x5f src/console_po.o
 .debug_macro   0x000022b4       0x86 src/console_po.o
 .debug_macro   0x0000233a       0x69 src/console_po.o
 .debug_macro   0x000023a3       0x94 src/console_po.o
 .debug_macro   0x00002437       0x40 src/console_po.o
 .debug_macro   0x00002477       0x70 src/console_po.o
 .debug_macro   0x000024e7       0x34 src/console_po.o
 .debug_macro   0x0000251b       0x10 src/console_po.o
 .debug_macro   0x0000252b       0x4c src/console_po.o
 .debug_macro   0x00002577       0x10 src/console_po.o
 .debug_macro   0x00002587       0x10 src/console_po.o
 .debug_macro   0x00002597      0x55f src/ASF/sam/drivers/uart/uart.o
 .debug_macro   0x00002af6       0x16 src/ASF/sam/drivers/uart/uart.o
 .debug_macro   0x00002b0c      0x626 src/ASF/thirdparty/freertos/freertos-10.0.0/Source/list.o
 .debug_macro   0x00003132      0x6e4 src/ASF/thirdparty/freertos/freertos-10.0.0/Source/portable/GCC/ARM_CM3/port.o
 .debug_macro   0x00003816      0x648 src/ASF/thirdparty/freertos/freertos-10.0.0/Source/portable/MemMang/heap_1.o
 .debug_macro   0x00003e5e      0x6a7 src/ASF/thirdparty/freertos/freertos-10.0.0/Source/queue.o
 .debug_macro   0x00004505       0x16 src/ASF/thirdparty/freertos/freertos-10.0.0/Source/queue.o
 .debug_macro   0x0000451b      0x711 src/ASF/thirdparty/freertos/freertos-10.0.0/Source/tasks.o
 .debug_macro   0x00004c2c       0x10 src/ASF/thirdparty/freertos/freertos-10.0.0/Source/tasks.o
 .debug_macro   0x00004c3c      0x66c src/ASF/thirdparty/freertos/freertos-10.0.0/Source/timers.o
 .debug_macro   0x000052a8      0x5d1 src/ASF/common/services/clock/sam3x/sysclk.o
 .debug_macro   0x00005879      0x616 src/ASF/sam/boards/arduino_due_x/init.o
 .debug_macro   0x00005e8f       0x16 src/ASF/sam/boards/arduino_due_x/init.o
 .debug_macro   0x00005ea5       0x6a src/ASF/sam/boards/arduino_due_x/init.o
 .debug_macro   0x00005f0f      0x56b src/ASF/sam/drivers/pio/pio.o
 .debug_macro   0x0000647a       0x8e src/ASF/sam/drivers/pio/pio.o
 .debug_macro   0x00006508      0x56f src/ASF/sam/drivers/pio/pio_handler.o
 .debug_macro   0x00006a77      0x565 src/ASF/sam/drivers/pmc/pmc.o
 .debug_macro   0x00006fdc       0x58 src/ASF/sam/drivers/pmc/pmc.o
 .debug_macro   0x00007034      0x564 src/ASF/sam/utils/cmsis/sam3x/source/templates/exceptions.o
 .debug_macro   0x00007598      0x572 src/ASF/sam/utils/cmsis/sam3x/source/templates/gcc/startup_sam3x.o
 .debug_macro   0x00007b0a      0x572 src/ASF/sam/utils/cmsis/sam3x/source/templates/system_sam3x.o
 .debug_macro   0x0000807c      0x1d6 src/ASF/sam/utils/syscalls/gcc/syscalls.o
 .debug_macro   0x00008252       0x97 src/ASF/sam/utils/syscalls/gcc/syscalls.o
 .debug_macro   0x000082e9       0xf6 src/ASF/sam/utils/syscalls/gcc/syscalls.o
 .debug_macro   0x000083df       0x4c src/ASF/sam/utils/syscalls/gcc/syscalls.o
 .debug_macro   0x0000842b       0x16 src/ASF/sam/utils/syscalls/gcc/syscalls.o
 .debug_macro   0x00008441       0x10 src/ASF/sam/utils/syscalls/gcc/syscalls.o
 .debug_macro   0x00008451       0x10 src/ASF/sam/utils/syscalls/gcc/syscalls.o
 .debug_macro   0x00008461       0x35 src/ASF/sam/utils/syscalls/gcc/syscalls.o
 .debug_macro   0x00008496      0x122 src/ASF/sam/utils/syscalls/gcc/syscalls.o
 .debug_macro   0x000085b8      0x7bf src/writer1.o
 .debug_macro   0x00008d77      0x7bf src/writer2.o
 .debug_macro   0x00009536      0x7bf src/main.o

.debug_line     0x00000000    0x14b49
 .debug_line    0x00000000      0xb48 src/ASF/common/utils/stdio/read.o
 .debug_line    0x00000b48      0xb40 src/ASF/common/utils/stdio/write.o
 .debug_line    0x00001688     0x1222 src/ASF/sam/drivers/usart/usart.o
 .debug_line    0x000028aa     0x1147 src/console_po.o
 .debug_line    0x000039f1      0xcfb src/ASF/sam/drivers/uart/uart.o
 .debug_line    0x000046ec      0xdf3 src/ASF/thirdparty/freertos/freertos-10.0.0/Source/list.o
 .debug_line    0x000054df      0xea9 src/ASF/thirdparty/freertos/freertos-10.0.0/Source/portable/GCC/ARM_CM3/port.o
 .debug_line    0x00006388      0xdf1 src/ASF/thirdparty/freertos/freertos-10.0.0/Source/portable/MemMang/heap_1.o
 .debug_line    0x00007179     0x13d4 src/ASF/thirdparty/freertos/freertos-10.0.0/Source/queue.o
 .debug_line    0x0000854d     0x1809 src/ASF/thirdparty/freertos/freertos-10.0.0/Source/tasks.o
 .debug_line    0x00009d56     0x1049 src/ASF/thirdparty/freertos/freertos-10.0.0/Source/timers.o
 .debug_line    0x0000ad9f      0xcba src/ASF/common/services/clock/sam3x/sysclk.o
 .debug_line    0x0000ba59      0xd4d src/ASF/sam/boards/arduino_due_x/init.o
 .debug_line    0x0000c7a6      0xec9 src/ASF/sam/drivers/pio/pio.o
 .debug_line    0x0000d66f      0xc0d src/ASF/sam/drivers/pio/pio_handler.o
 .debug_line    0x0000e27c     0x10b2 src/ASF/sam/drivers/pmc/pmc.o
 .debug_line    0x0000f32e      0xb23 src/ASF/sam/utils/cmsis/sam3x/source/templates/exceptions.o
 .debug_line    0x0000fe51      0xb6c src/ASF/sam/utils/cmsis/sam3x/source/templates/gcc/startup_sam3x.o
 .debug_line    0x000109bd      0xb9e src/ASF/sam/utils/cmsis/sam3x/source/templates/system_sam3x.o
 .debug_line    0x0001155b      0x40b src/ASF/sam/utils/syscalls/gcc/syscalls.o
 .debug_line    0x00011966     0x10aa src/writer1.o
 .debug_line    0x00012a10     0x10aa src/writer2.o
 .debug_line    0x00013aba     0x108f src/main.o

.debug_str      0x00000000    0x6d195
 .debug_str     0x00000000    0x5ce0c src/ASF/common/utils/stdio/read.o
                              0x5d1a3 (size before relaxing)
 .debug_str     0x0005ce0c       0x2e src/ASF/common/utils/stdio/write.o
                              0x5d1a4 (size before relaxing)
 .debug_str     0x0005ce3a      0xc86 src/ASF/sam/drivers/usart/usart.o
                              0x5de20 (size before relaxing)
 .debug_str     0x0005dac0     0xab1d src/console_po.o
                              0x67f16 (size before relaxing)
 .debug_str     0x000685dd      0x1e4 src/ASF/sam/drivers/uart/uart.o
                              0x5d56f (size before relaxing)
 .debug_str     0x000687c1      0x15f src/ASF/thirdparty/freertos/freertos-10.0.0/Source/list.o
                              0x64455 (size before relaxing)
 .debug_str     0x00068920      0x795 src/ASF/thirdparty/freertos/freertos-10.0.0/Source/portable/GCC/ARM_CM3/port.o
                              0x65138 (size before relaxing)
 .debug_str     0x000690b5      0x17b src/ASF/thirdparty/freertos/freertos-10.0.0/Source/portable/MemMang/heap_1.o
                              0x64a38 (size before relaxing)
 .debug_str     0x00069230      0x900 src/ASF/thirdparty/freertos/freertos-10.0.0/Source/queue.o
                              0x65b30 (size before relaxing)
 .debug_str     0x00069b30     0x12e9 src/ASF/thirdparty/freertos/freertos-10.0.0/Source/tasks.o
                              0x668ba (size before relaxing)
 .debug_str     0x0006ae19      0x52d src/ASF/thirdparty/freertos/freertos-10.0.0/Source/timers.o
                              0x65fd4 (size before relaxing)
 .debug_str     0x0006b346      0x370 src/ASF/common/services/clock/sam3x/sysclk.o
                              0x6126d (size before relaxing)
 .debug_str     0x0006b6b6      0x28b src/ASF/sam/boards/arduino_due_x/init.o
                              0x6194f (size before relaxing)
 .debug_str     0x0006b941      0x408 src/ASF/sam/drivers/pio/pio.o
                              0x5db4e (size before relaxing)
 .debug_str     0x0006bd49      0x44e src/ASF/sam/drivers/pio/pio_handler.o
                              0x5dc47 (size before relaxing)
 .debug_str     0x0006c197      0x57e src/ASF/sam/drivers/pmc/pmc.o
                              0x5dbca (size before relaxing)
 .debug_str     0x0006c715       0x4d src/ASF/sam/utils/cmsis/sam3x/source/templates/exceptions.o
                              0x5d1c3 (size before relaxing)
 .debug_str     0x0006c762       0xd9 src/ASF/sam/utils/cmsis/sam3x/source/templates/gcc/startup_sam3x.o
                              0x5d2bf (size before relaxing)
 .debug_str     0x0006c83b      0x195 src/ASF/sam/utils/cmsis/sam3x/source/templates/system_sam3x.o
                              0x5d49b (size before relaxing)
 .debug_str     0x0006c9d0      0x768 src/ASF/sam/utils/syscalls/gcc/syscalls.o
                               0x7420 (size before relaxing)
 .debug_str     0x0006d138       0x31 src/writer1.o
                              0x67a8d (size before relaxing)
 .debug_str     0x0006d169       0x1e src/writer2.o
                              0x67a8d (size before relaxing)
 .debug_str     0x0006d187        0xe src/main.o
                              0x67a65 (size before relaxing)

.debug_frame    0x00000000     0x2788
 .debug_frame   0x00000000       0x30 src/ASF/common/utils/stdio/read.o
 .debug_frame   0x00000030       0x48 src/ASF/common/utils/stdio/write.o
 .debug_frame   0x00000078      0x5cc src/ASF/sam/drivers/usart/usart.o
 .debug_frame   0x00000644       0x8c src/console_po.o
 .debug_frame   0x000006d0      0x1bc src/ASF/sam/drivers/uart/uart.o
 .debug_frame   0x0000088c       0x6c src/ASF/thirdparty/freertos/freertos-10.0.0/Source/list.o
 .debug_frame   0x000008f8       0xf0 src/ASF/thirdparty/freertos/freertos-10.0.0/Source/portable/GCC/ARM_CM3/port.o
 .debug_frame   0x000009e8       0x5c src/ASF/thirdparty/freertos/freertos-10.0.0/Source/portable/MemMang/heap_1.o
 .debug_frame   0x00000a44      0x340 src/ASF/thirdparty/freertos/freertos-10.0.0/Source/queue.o
 .debug_frame   0x00000d84      0x5b0 src/ASF/thirdparty/freertos/freertos-10.0.0/Source/tasks.o
 .debug_frame   0x00001334      0x1f4 src/ASF/thirdparty/freertos/freertos-10.0.0/Source/timers.o
 .debug_frame   0x00001528       0x88 src/ASF/common/services/clock/sam3x/sysclk.o
 .debug_frame   0x000015b0       0x28 src/ASF/sam/boards/arduino_due_x/init.o
 .debug_frame   0x000015d8      0x2b8 src/ASF/sam/drivers/pio/pio.o
 .debug_frame   0x00001890       0xf8 src/ASF/sam/drivers/pio/pio_handler.o
 .debug_frame   0x00001988      0x404 src/ASF/sam/drivers/pmc/pmc.o
 .debug_frame   0x00001d8c       0x20 src/ASF/sam/utils/cmsis/sam3x/source/templates/exceptions.o
 .debug_frame   0x00001dac       0x28 src/ASF/sam/utils/cmsis/sam3x/source/templates/gcc/startup_sam3x.o
 .debug_frame   0x00001dd4       0x40 src/ASF/sam/utils/cmsis/sam3x/source/templates/system_sam3x.o
 .debug_frame   0x00001e14       0xa0 src/ASF/sam/utils/syscalls/gcc/syscalls.o
 .debug_frame   0x00001eb4       0x48 src/writer1.o
 .debug_frame   0x00001efc       0x48 src/writer2.o
 .debug_frame   0x00001f44       0x28 src/main.o
 .debug_frame   0x00001f6c       0x2c c:/program files (x86)/atmel/studio/7.0/toolchain/arm/arm-gnu-toolchain/bin/../lib/gcc/arm-none-eabi/6.3.1/../../../../arm-none-eabi/lib/thumb/v7-m\libc.a(lib_a-init.o)
 .debug_frame   0x00001f98       0x34 c:/program files (x86)/atmel/studio/7.0/toolchain/arm/arm-gnu-toolchain/bin/../lib/gcc/arm-none-eabi/6.3.1/../../../../arm-none-eabi/lib/thumb/v7-m\libc.a(lib_a-memset.o)
 .debug_frame   0x00001fcc       0x20 c:/program files (x86)/atmel/studio/7.0/toolchain/arm/arm-gnu-toolchain/bin/../lib/gcc/arm-none-eabi/6.3.1/../../../../arm-none-eabi/lib/thumb/v7-m\libc.a(lib_a-setbuf.o)
 .debug_frame   0x00001fec       0x48 c:/program files (x86)/atmel/studio/7.0/toolchain/arm/arm-gnu-toolchain/bin/../lib/gcc/arm-none-eabi/6.3.1/../../../../arm-none-eabi/lib/thumb/v7-m\libc.a(lib_a-setvbuf.o)
 .debug_frame   0x00002034       0x5c c:/program files (x86)/atmel/studio/7.0/toolchain/arm/arm-gnu-toolchain/bin/../lib/gcc/arm-none-eabi/6.3.1/../../../../arm-none-eabi/lib/thumb/v7-m\libc.a(lib_a-__call_atexit.o)
 .debug_frame   0x00002090       0x20 c:/program files (x86)/atmel/studio/7.0/toolchain/arm/arm-gnu-toolchain/bin/../lib/gcc/arm-none-eabi/6.3.1/../../../../arm-none-eabi/lib/thumb/v7-m\libc.a(lib_a-atexit.o)
 .debug_frame   0x000020b0       0x5c c:/program files (x86)/atmel/studio/7.0/toolchain/arm/arm-gnu-toolchain/bin/../lib/gcc/arm-none-eabi/6.3.1/../../../../arm-none-eabi/lib/thumb/v7-m\libc.a(lib_a-fflush.o)
 .debug_frame   0x0000210c      0x150 c:/program files (x86)/atmel/studio/7.0/toolchain/arm/arm-gnu-toolchain/bin/../lib/gcc/arm-none-eabi/6.3.1/../../../../arm-none-eabi/lib/thumb/v7-m\libc.a(lib_a-findfp.o)
 .debug_frame   0x0000225c       0x34 c:/program files (x86)/atmel/studio/7.0/toolchain/arm/arm-gnu-toolchain/bin/../lib/gcc/arm-none-eabi/6.3.1/../../../../arm-none-eabi/lib/thumb/v7-m\libc.a(lib_a-fini.o)
 .debug_frame   0x00002290       0x74 c:/program files (x86)/atmel/studio/7.0/toolchain/arm/arm-gnu-toolchain/bin/../lib/gcc/arm-none-eabi/6.3.1/../../../../arm-none-eabi/lib/thumb/v7-m\libc.a(lib_a-freer.o)
 .debug_frame   0x00002304       0x54 c:/program files (x86)/atmel/studio/7.0/toolchain/arm/arm-gnu-toolchain/bin/../lib/gcc/arm-none-eabi/6.3.1/../../../../arm-none-eabi/lib/thumb/v7-m\libc.a(lib_a-fwalk.o)
 .debug_frame   0x00002358       0xb0 c:/program files (x86)/atmel/studio/7.0/toolchain/arm/arm-gnu-toolchain/bin/../lib/gcc/arm-none-eabi/6.3.1/../../../../arm-none-eabi/lib/thumb/v7-m\libc.a(lib_a-lock.o)
 .debug_frame   0x00002408       0x68 c:/program files (x86)/atmel/studio/7.0/toolchain/arm/arm-gnu-toolchain/bin/../lib/gcc/arm-none-eabi/6.3.1/../../../../arm-none-eabi/lib/thumb/v7-m\libc.a(lib_a-makebuf.o)
 .debug_frame   0x00002470       0x30 c:/program files (x86)/atmel/studio/7.0/toolchain/arm/arm-gnu-toolchain/bin/../lib/gcc/arm-none-eabi/6.3.1/../../../../arm-none-eabi/lib/thumb/v7-m\libc.a(lib_a-malloc.o)
 .debug_frame   0x000024a0       0x54 c:/program files (x86)/atmel/studio/7.0/toolchain/arm/arm-gnu-toolchain/bin/../lib/gcc/arm-none-eabi/6.3.1/../../../../arm-none-eabi/lib/thumb/v7-m\libc.a(lib_a-mallocr.o)
 .debug_frame   0x000024f4       0x30 c:/program files (x86)/atmel/studio/7.0/toolchain/arm/arm-gnu-toolchain/bin/../lib/gcc/arm-none-eabi/6.3.1/../../../../arm-none-eabi/lib/thumb/v7-m\libc.a(lib_a-mlock.o)
 .debug_frame   0x00002524       0x2c c:/program files (x86)/atmel/studio/7.0/toolchain/arm/arm-gnu-toolchain/bin/../lib/gcc/arm-none-eabi/6.3.1/../../../../arm-none-eabi/lib/thumb/v7-m\libc.a(lib_a-sbrkr.o)
 .debug_frame   0x00002550       0x88 c:/program files (x86)/atmel/studio/7.0/toolchain/arm/arm-gnu-toolchain/bin/../lib/gcc/arm-none-eabi/6.3.1/../../../../arm-none-eabi/lib/thumb/v7-m\libc.a(lib_a-stdio.o)
 .debug_frame   0x000025d8       0x30 c:/program files (x86)/atmel/studio/7.0/toolchain/arm/arm-gnu-toolchain/bin/../lib/gcc/arm-none-eabi/6.3.1/../../../../arm-none-eabi/lib/thumb/v7-m\libc.a(lib_a-writer.o)
 .debug_frame   0x00002608       0x34 c:/program files (x86)/atmel/studio/7.0/toolchain/arm/arm-gnu-toolchain/bin/../lib/gcc/arm-none-eabi/6.3.1/../../../../arm-none-eabi/lib/thumb/v7-m\libc.a(lib_a-__atexit.o)
 .debug_frame   0x0000263c       0x2c c:/program files (x86)/atmel/studio/7.0/toolchain/arm/arm-gnu-toolchain/bin/../lib/gcc/arm-none-eabi/6.3.1/../../../../arm-none-eabi/lib/thumb/v7-m\libc.a(lib_a-closer.o)
 .debug_frame   0x00002668       0x3c c:/program files (x86)/atmel/studio/7.0/toolchain/arm/arm-gnu-toolchain/bin/../lib/gcc/arm-none-eabi/6.3.1/../../../../arm-none-eabi/lib/thumb/v7-m\libc.a(lib_a-fclose.o)
 .debug_frame   0x000026a4       0x2c c:/program files (x86)/atmel/studio/7.0/toolchain/arm/arm-gnu-toolchain/bin/../lib/gcc/arm-none-eabi/6.3.1/../../../../arm-none-eabi/lib/thumb/v7-m\libc.a(lib_a-fstatr.o)
 .debug_frame   0x000026d0       0x30 c:/program files (x86)/atmel/studio/7.0/toolchain/arm/arm-gnu-toolchain/bin/../lib/gcc/arm-none-eabi/6.3.1/../../../../arm-none-eabi/lib/thumb/v7-m\libc.a(lib_a-lseekr.o)
 .debug_frame   0x00002700       0x30 c:/program files (x86)/atmel/studio/7.0/toolchain/arm/arm-gnu-toolchain/bin/../lib/gcc/arm-none-eabi/6.3.1/../../../../arm-none-eabi/lib/thumb/v7-m\libc.a(lib_a-readr.o)
 .debug_frame   0x00002730       0x58 c:/program files (x86)/atmel/studio/7.0/toolchain/arm/arm-gnu-toolchain/bin/../lib/gcc/arm-none-eabi/6.3.1/../../../../arm-none-eabi/lib/thumb/v7-m\libc.a(lib_a-reent.o)

Cross Reference Table

Symbol                                            File
ADC_Handler                                       src/ASF/sam/utils/cmsis/sam3x/source/templates/exceptions.o
                                                  src/ASF/sam/utils/cmsis/sam3x/source/templates/gcc/startup_sam3x.o
BusFault_Handler                                  src/ASF/sam/utils/cmsis/sam3x/source/templates/exceptions.o
                                                  src/ASF/sam/utils/cmsis/sam3x/source/templates/gcc/startup_sam3x.o
CAN0_Handler                                      src/ASF/sam/utils/cmsis/sam3x/source/templates/exceptions.o
                                                  src/ASF/sam/utils/cmsis/sam3x/source/templates/gcc/startup_sam3x.o
CAN1_Handler                                      src/ASF/sam/utils/cmsis/sam3x/source/templates/exceptions.o
                                                  src/ASF/sam/utils/cmsis/sam3x/source/templates/gcc/startup_sam3x.o
DACC_Handler                                      src/ASF/sam/utils/cmsis/sam3x/source/templates/exceptions.o
                                                  src/ASF/sam/utils/cmsis/sam3x/source/templates/gcc/startup_sam3x.o
DMAC_Handler                                      src/ASF/sam/utils/cmsis/sam3x/source/templates/exceptions.o
                                                  src/ASF/sam/utils/cmsis/sam3x/source/templates/gcc/startup_sam3x.o
DebugMon_Handler                                  src/ASF/sam/utils/cmsis/sam3x/source/templates/exceptions.o
                                                  src/ASF/sam/utils/cmsis/sam3x/source/templates/gcc/startup_sam3x.o
Dummy_Handler                                     src/ASF/sam/utils/cmsis/sam3x/source/templates/exceptions.o
EFC0_Handler                                      src/ASF/sam/utils/cmsis/sam3x/source/templates/exceptions.o
                                                  src/ASF/sam/utils/cmsis/sam3x/source/templates/gcc/startup_sam3x.o
EFC1_Handler                                      src/ASF/sam/utils/cmsis/sam3x/source/templates/exceptions.o
                                                  src/ASF/sam/utils/cmsis/sam3x/source/templates/gcc/startup_sam3x.o
EMAC_Handler                                      src/ASF/sam/utils/cmsis/sam3x/source/templates/exceptions.o
                                                  src/ASF/sam/utils/cmsis/sam3x/source/templates/gcc/startup_sam3x.o
HSMCI_Handler                                     src/ASF/sam/utils/cmsis/sam3x/source/templates/exceptions.o
                                                  src/ASF/sam/utils/cmsis/sam3x/source/templates/gcc/startup_sam3x.o
HardFault_Handler                                 src/ASF/sam/utils/cmsis/sam3x/source/templates/exceptions.o
                                                  src/ASF/sam/utils/cmsis/sam3x/source/templates/gcc/startup_sam3x.o
MemManage_Handler                                 src/ASF/sam/utils/cmsis/sam3x/source/templates/exceptions.o
                                                  src/ASF/sam/utils/cmsis/sam3x/source/templates/gcc/startup_sam3x.o
NMI_Handler                                       src/ASF/sam/utils/cmsis/sam3x/source/templates/exceptions.o
                                                  src/ASF/sam/utils/cmsis/sam3x/source/templates/gcc/startup_sam3x.o
PIOA_Handler                                      src/ASF/sam/drivers/pio/pio_handler.o
                                                  src/ASF/sam/utils/cmsis/sam3x/source/templates/gcc/startup_sam3x.o
PIOB_Handler                                      src/ASF/sam/drivers/pio/pio_handler.o
                                                  src/ASF/sam/utils/cmsis/sam3x/source/templates/gcc/startup_sam3x.o
PIOC_Handler                                      src/ASF/sam/drivers/pio/pio_handler.o
                                                  src/ASF/sam/utils/cmsis/sam3x/source/templates/gcc/startup_sam3x.o
PIOD_Handler                                      src/ASF/sam/drivers/pio/pio_handler.o
                                                  src/ASF/sam/utils/cmsis/sam3x/source/templates/gcc/startup_sam3x.o
PMC_Handler                                       src/ASF/sam/utils/cmsis/sam3x/source/templates/exceptions.o
                                                  src/ASF/sam/utils/cmsis/sam3x/source/templates/gcc/startup_sam3x.o
PWM_Handler                                       src/ASF/sam/utils/cmsis/sam3x/source/templates/exceptions.o
                                                  src/ASF/sam/utils/cmsis/sam3x/source/templates/gcc/startup_sam3x.o
PendSV_Handler                                    src/ASF/thirdparty/freertos/freertos-10.0.0/Source/portable/GCC/ARM_CM3/port.o
                                                  src/ASF/sam/utils/cmsis/sam3x/source/templates/gcc/startup_sam3x.o
RSTC_Handler                                      src/ASF/sam/utils/cmsis/sam3x/source/templates/exceptions.o
                                                  src/ASF/sam/utils/cmsis/sam3x/source/templates/gcc/startup_sam3x.o
RTC_Handler                                       src/ASF/sam/utils/cmsis/sam3x/source/templates/exceptions.o
                                                  src/ASF/sam/utils/cmsis/sam3x/source/templates/gcc/startup_sam3x.o
RTT_Handler                                       src/ASF/sam/utils/cmsis/sam3x/source/templates/exceptions.o
                                                  src/ASF/sam/utils/cmsis/sam3x/source/templates/gcc/startup_sam3x.o
Reset_Handler                                     src/ASF/sam/utils/cmsis/sam3x/source/templates/gcc/startup_sam3x.o
SMC_Handler                                       src/ASF/sam/utils/cmsis/sam3x/source/templates/exceptions.o
                                                  src/ASF/sam/utils/cmsis/sam3x/source/templates/gcc/startup_sam3x.o
SPI0_Handler                                      src/ASF/sam/utils/cmsis/sam3x/source/templates/exceptions.o
                                                  src/ASF/sam/utils/cmsis/sam3x/source/templates/gcc/startup_sam3x.o
SSC_Handler                                       src/ASF/sam/utils/cmsis/sam3x/source/templates/exceptions.o
                                                  src/ASF/sam/utils/cmsis/sam3x/source/templates/gcc/startup_sam3x.o
SUPC_Handler                                      src/ASF/sam/utils/cmsis/sam3x/source/templates/exceptions.o
                                                  src/ASF/sam/utils/cmsis/sam3x/source/templates/gcc/startup_sam3x.o
SVC_Handler                                       src/ASF/thirdparty/freertos/freertos-10.0.0/Source/portable/GCC/ARM_CM3/port.o