Archive member included to satisfy reference by file (symbol)

c:/program files (x86)/atmel/studio/7.0/toolchain/arm/arm-gnu-toolchain/bin/../lib/gcc/arm-none-eabi/6.3.1/../../../../arm-none-eabi/lib/thumb/v7-m\libc.a(lib_a-exit.o)
                              c:/program files (x86)/atmel/studio/7.0/toolchain/arm/arm-gnu-toolchain/bin/../lib/gcc/arm-none-eabi/6.3.1/../../../../arm-none-eabi/lib/thumb/v7-m/crt0.o (exit)
c:/program files (x86)/atmel/studio/7.0/toolchain/arm/arm-gnu-toolchain/bin/../lib/gcc/arm-none-eabi/6.3.1/../../../../arm-none-eabi/lib/thumb/v7-m\libc.a(lib_a-impure.o)
                              c:/program files (x86)/atmel/studio/7.0/toolchain/arm/arm-gnu-toolchain/bin/../lib/gcc/arm-none-eabi/6.3.1/../../../../arm-none-eabi/lib/thumb/v7-m\libc.a(lib_a-exit.o) (_global_impure_ptr)
c:/program files (x86)/atmel/studio/7.0/toolchain/arm/arm-gnu-toolchain/bin/../lib/gcc/arm-none-eabi/6.3.1/../../../../arm-none-eabi/lib/thumb/v7-m\libc.a(lib_a-init.o)
                              c:/program files (x86)/atmel/studio/7.0/toolchain/arm/arm-gnu-toolchain/bin/../lib/gcc/arm-none-eabi/6.3.1/../../../../arm-none-eabi/lib/thumb/v7-m/crt0.o (__libc_init_array)
c:/program files (x86)/atmel/studio/7.0/toolchain/arm/arm-gnu-toolchain/bin/../lib/gcc/arm-none-eabi/6.3.1/../../../../arm-none-eabi/lib/thumb/v7-m\libc.a(lib_a-memcpy.o)
                              src/ASF/thirdparty/freertos/freertos-10.0.0/Source/queue.o (memcpy)
c:/program files (x86)/atmel/studio/7.0/toolchain/arm/arm-gnu-toolchain/bin/../lib/gcc/arm-none-eabi/6.3.1/../../../../arm-none-eabi/lib/thumb/v7-m\libc.a(lib_a-memset.o)
                              c:/program files (x86)/atmel/studio/7.0/toolchain/arm/arm-gnu-toolchain/bin/../lib/gcc/arm-none-eabi/6.3.1/../../../../arm-none-eabi/lib/thumb/v7-m/crt0.o (memset)
c:/program files (x86)/atmel/studio/7.0/toolchain/arm/arm-gnu-toolchain/bin/../lib/gcc/arm-none-eabi/6.3.1/../../../../arm-none-eabi/lib/thumb/v7-m\libc.a(lib_a-sprintf.o)
                              src/ASF/thirdparty/freertos/freertos-10.0.0/Source/tasks.o (sprintf)
c:/program files (x86)/atmel/studio/7.0/toolchain/arm/arm-gnu-toolchain/bin/../lib/gcc/arm-none-eabi/6.3.1/../../../../arm-none-eabi/lib/thumb/v7-m\libc.a(lib_a-strcpy.o)
                              src/ASF/thirdparty/freertos/freertos-10.0.0/Source/tasks.o (strcpy)
c:/program files (x86)/atmel/studio/7.0/toolchain/arm/arm-gnu-toolchain/bin/../lib/gcc/arm-none-eabi/6.3.1/../../../../arm-none-eabi/lib/thumb/v7-m\libc.a(lib_a-strlen-stub.o)
                              src/ASF/thirdparty/freertos/freertos-10.0.0/Source/tasks.o (strlen)
c:/program files (x86)/atmel/studio/7.0/toolchain/arm/arm-gnu-toolchain/bin/../lib/gcc/arm-none-eabi/6.3.1/../../../../arm-none-eabi/lib/thumb/v7-m\libc.a(lib_a-svfprintf.o)
                              c:/program files (x86)/atmel/studio/7.0/toolchain/arm/arm-gnu-toolchain/bin/../lib/gcc/arm-none-eabi/6.3.1/../../../../arm-none-eabi/lib/thumb/v7-m\libc.a(lib_a-sprintf.o) (_svfprintf_r)
c:/program files (x86)/atmel/studio/7.0/toolchain/arm/arm-gnu-toolchain/bin/../lib/gcc/arm-none-eabi/6.3.1/../../../../arm-none-eabi/lib/thumb/v7-m\libc.a(lib_a-__call_atexit.o)
                              c:/program files (x86)/atmel/studio/7.0/toolchain/arm/arm-gnu-toolchain/bin/../lib/gcc/arm-none-eabi/6.3.1/../../../../arm-none-eabi/lib/thumb/v7-m\libc.a(lib_a-exit.o) (__call_exitprocs)
c:/program files (x86)/atmel/studio/7.0/toolchain/arm/arm-gnu-toolchain/bin/../lib/gcc/arm-none-eabi/6.3.1/../../../../arm-none-eabi/lib/thumb/v7-m\libc.a(lib_a-atexit.o)
                              c:/program files (x86)/atmel/studio/7.0/toolchain/arm/arm-gnu-toolchain/bin/../lib/gcc/arm-none-eabi/6.3.1/../../../../arm-none-eabi/lib/thumb/v7-m\libc.a(lib_a-__call_atexit.o) (atexit)
c:/program files (x86)/atmel/studio/7.0/toolchain/arm/arm-gnu-toolchain/bin/../lib/gcc/arm-none-eabi/6.3.1/../../../../arm-none-eabi/lib/thumb/v7-m\libc.a(lib_a-dtoa.o)
                              c:/program files (x86)/atmel/studio/7.0/toolchain/arm/arm-gnu-toolchain/bin/../lib/gcc/arm-none-eabi/6.3.1/../../../../arm-none-eabi/lib/thumb/v7-m\libc.a(lib_a-svfprintf.o) (_dtoa_r)
c:/program files (x86)/atmel/studio/7.0/toolchain/arm/arm-gnu-toolchain/bin/../lib/gcc/arm-none-eabi/6.3.1/../../../../arm-none-eabi/lib/thumb/v7-m\libc.a(lib_a-fini.o)
                              c:/program files (x86)/atmel/studio/7.0/toolchain/arm/arm-gnu-toolchain/bin/../lib/gcc/arm-none-eabi/6.3.1/../../../../arm-none-eabi/lib/thumb/v7-m\libc.a(lib_a-__call_atexit.o) (__libc_fini_array)
c:/program files (x86)/atmel/studio/7.0/toolchain/arm/arm-gnu-toolchain/bin/../lib/gcc/arm-none-eabi/6.3.1/../../../../arm-none-eabi/lib/thumb/v7-m\libc.a(lib_a-localeconv.o)
                              c:/program files (x86)/atmel/studio/7.0/toolchain/arm/arm-gnu-toolchain/bin/../lib/gcc/arm-none-eabi/6.3.1/../../../../arm-none-eabi/lib/thumb/v7-m\libc.a(lib_a-svfprintf.o) (_localeconv_r)
[...]
Memory Configuration

Name             Origin             Length             Attributes
rom              0x00080000         0x00080000         xr
sram0            0x20000000         0x00010000         xrw
sram1            0x20080000         0x00008000         xrw
ram              0x20070000         0x00018000         xrw
*default*        0x00000000         0xffffffff

Linker script and memory map

LOAD c:/program files (x86)/atmel/studio/7.0/toolchain/arm/arm-gnu-toolchain/bin/../lib/gcc/arm-none-eabi/6.3.1/thumb/v7-m/crti.o
LOAD c:/program files (x86)/atmel/studio/7.0/toolchain/arm/arm-gnu-toolchain/bin/../lib/gcc/arm-none-eabi/6.3.1/thumb/v7-m/crtbegin.o
LOAD c:/program files (x86)/atmel/studio/7.0/toolchain/arm/arm-gnu-toolchain/bin/../lib/gcc/arm-none-eabi/6.3.1/../../../../arm-none-eabi/lib/thumb/v7-m/crt0.o
LOAD src/ASF/sam/drivers/trng/trng.o
LOAD src/ASF/sam/drivers/twi/twi.o
LOAD src/ASF/sam/drivers/uart/uart.o
LOAD src/ASF/thirdparty/freertos/freertos-10.0.0/Source/croutine.o
LOAD src/ASF/thirdparty/freertos/freertos-10.0.0/Source/event_groups.o
LOAD src/ASF/thirdparty/freertos/freertos-10.0.0/Source/list.o
LOAD src/ASF/thirdparty/freertos/freertos-10.0.0/Source/portable/GCC/ARM_CM3/port.o
LOAD src/ASF/thirdparty/freertos/freertos-10.0.0/Source/portable/MemMang/heap_1.o
LOAD src/ASF/thirdparty/freertos/freertos-10.0.0/Source/queue.o
LOAD src/ASF/thirdparty/freertos/freertos-10.0.0/Source/stream_buffer.o
LOAD src/ASF/thirdparty/freertos/freertos-10.0.0/Source/tasks.o
LOAD src/ASF/thirdparty/freertos/freertos-10.0.0/Source/timers.o
LOAD src/ASF/common/services/clock/sam3x/sysclk.o
LOAD src/ASF/common/utils/interrupt/interrupt_sam_nvic.o
LOAD src/ASF/sam/boards/arduino_due_x/init.o
LOAD src/ASF/sam/drivers/pio/pio.o
LOAD src/ASF/sam/drivers/pio/pio_handler.o
LOAD src/ASF/sam/drivers/pmc/pmc.o
LOAD src/ASF/sam/drivers/pmc/sleep.o
LOAD src/ASF/sam/utils/cmsis/sam3x/source/templates/exceptions.o
LOAD src/ASF/sam/utils/cmsis/sam3x/source/templates/gcc/startup_sam3x.o
LOAD src/ASF/sam/utils/cmsis/sam3x/source/templates/system_sam3x.o
LOAD src/ASF/sam/utils/syscalls/gcc/syscalls.o
LOAD src/blink.o
LOAD src/main.o
START GROUP
LOAD ../src/ASF/thirdparty/CMSIS/Lib/GCC\libarm_cortexM3l_math.a
LOAD c:/program files (x86)/atmel/studio/7.0/toolchain/arm/arm-gnu-toolchain/bin/../lib/gcc/arm-none-eabi/6.3.1/../../../../arm-none-eabi/lib/thumb/v7-m\libm.a
END GROUP
START GROUP
LOAD c:/program files (x86)/atmel/studio/7.0/toolchain/arm/arm-gnu-toolchain/bin/../lib/gcc/arm-none-eabi/6.3.1/thumb/v7-m\libgcc.a
LOAD c:/program files (x86)/atmel/studio/7.0/toolchain/arm/arm-gnu-toolchain/bin/../lib/gcc/arm-none-eabi/6.3.1/../../../../arm-none-eabi/lib/thumb/v7-m\libc.a
END GROUP
LOAD c:/program files (x86)/atmel/studio/7.0/toolchain/arm/arm-gnu-toolchain/bin/../lib/gcc/arm-none-eabi/6.3.1/thumb/v7-m/crtend.o
LOAD c:/program files (x86)/atmel/studio/7.0/toolchain/arm/arm-gnu-toolchain/bin/../lib/gcc/arm-none-eabi/6.3.1/thumb/v7-m/crtn.o
                0x00002000                __stack_size__ = DEFINED (__stack_size__)?__stack_size__:0x2000
                0x20087ffc                __ram_end__ = ((ORIGIN (ram) + LENGTH (ram)) - 0x4)

.text           0x00080000     0x24bc
                0x00080000                . = ALIGN (0x4)
                0x00080000                _sfixed = .
 *(.vectors .vectors.*)
 .vectors       0x00080000       0xf4 src/ASF/sam/utils/cmsis/sam3x/source/templates/gcc/startup_sam3x.o
                0x00080000                exception_table
 *(.text .text.* .gnu.linkonce.t.*)
 .text          0x000800f4       0x6c c:/program files (x86)/atmel/studio/7.0/toolchain/arm/arm-gnu-toolchain/bin/../lib/gcc/arm-none-eabi/6.3.1/thumb/v7-m/crtbegin.o
 .text.vListInitialise
                0x00080160       0x16 src/ASF/thirdparty/freertos/freertos-10.0.0/Source/list.o
                0x00080160                vListInitialise
 .text.vListInitialiseItem
                0x00080176        0x6 src/ASF/thirdparty/freertos/freertos-10.0.0/Source/list.o
                0x00080176                vListInitialiseItem
 .text.vListInsertEnd
                0x0008017c       0x18 src/ASF/thirdparty/freertos/freertos-10.0.0/Source/list.o
                0x0008017c                vListInsertEnd
 .text.vListInsert
                0x00080194       0x34 src/ASF/thirdparty/freertos/freertos-10.0.0/Source/list.o
                0x00080194                vListInsert
 .text.uxListRemove
                0x000801c8       0x26 src/ASF/thirdparty/freertos/freertos-10.0.0/Source/list.o
                0x000801c8                uxListRemove
 *fill*         0x000801ee        0x2 
 .text.prvTaskExitError
                0x000801f0       0x40 src/ASF/thirdparty/freertos/freertos-10.0.0/Source/portable/GCC/ARM_CM3/port.o
 .text.prvPortStartFirstTask
                0x00080230       0x20 src/ASF/thirdparty/freertos/freertos-10.0.0/Source/portable/GCC/ARM_CM3/port.o
 .text.pxPortInitialiseStack
                0x00080250       0x24 src/ASF/thirdparty/freertos/freertos-10.0.0/Source/portable/GCC/ARM_CM3/port.o
                0x00080250                pxPortInitialiseStack
 *fill*         0x00080274        0xc 
 .text.SVC_Handler
                0x00080280       0x28 src/ASF/thirdparty/freertos/freertos-10.0.0/Source/portable/GCC/ARM_CM3/port.o
                0x00080280                SVC_Handler
 .text.vPortEnterCritical
                0x000802a8       0x44 src/ASF/thirdparty/freertos/freertos-10.0.0/Source/portable/GCC/ARM_CM3/port.o
                0x000802a8                vPortEnterCritical
 .text.vPortExitCritical
                0x000802ec       0x2c src/ASF/thirdparty/freertos/freertos-10.0.0/Source/portable/GCC/ARM_CM3/port.o
                0x000802ec                vPortExitCritical
 *fill*         0x00080318        0x8 
 .text.PendSV_Handler
                0x00080320       0x48 src/ASF/thirdparty/freertos/freertos-10.0.0/Source/portable/GCC/ARM_CM3/port.o
                0x00080320                PendSV_Handler
 .text.SysTick_Handler
                0x00080368       0x30 src/ASF/thirdparty/freertos/freertos-10.0.0/Source/portable/GCC/ARM_CM3/port.o
                0x00080368                SysTick_Handler
 .text.vPortSetupTimerInterrupt
                0x00080398       0x28 src/ASF/thirdparty/freertos/freertos-10.0.0/Source/portable/GCC/ARM_CM3/port.o
                0x00080398                vPortSetupTimerInterrupt
 .text.xPortStartScheduler
                0x000803c0       0xd0 src/ASF/thirdparty/freertos/freertos-10.0.0/Source/portable/GCC/ARM_CM3/port.o
                0x000803c0                xPortStartScheduler
 .text.vPortValidateInterruptPriority
                0x00080490       0x5c src/ASF/thirdparty/freertos/freertos-10.0.0/Source/portable/GCC/ARM_CM3/port.o
                0x00080490                vPortValidateInterruptPriority
 .text.pvPortMalloc
                0x000804ec       0x68 src/ASF/thirdparty/freertos/freertos-10.0.0/Source/portable/MemMang/heap_1.o
                0x000804ec                pvPortMalloc
 .text.vPortFree
                0x00080554       0x16 src/ASF/thirdparty/freertos/freertos-10.0.0/Source/portable/MemMang/heap_1.o
                0x00080554                vPortFree
 *fill*         0x0008056a        0x2 
 .text.prvIsQueueEmpty
                0x0008056c       0x20 src/ASF/thirdparty/freertos/freertos-10.0.0/Source/queue.o
 .text.prvCopyDataToQueue
                0x0008058c       0x80 src/ASF/thirdparty/freertos/freertos-10.0.0/Source/queue.o
 .text.prvCopyDataFromQueue
                0x0008060c       0x28 src/ASF/thirdparty/freertos/freertos-10.0.0/Source/queue.o
 .text.prvUnlockQueue
                0x00080634       0x98 src/ASF/thirdparty/freertos/freertos-10.0.0/Source/queue.o
 .text.xQueueGenericReset
                0x000806cc       0x90 src/ASF/thirdparty/freertos/freertos-10.0.0/Source/queue.o
                0x000806cc                xQueueGenericReset
 .text.xQueueGenericCreate
                0x0008075c       0x54 src/ASF/thirdparty/freertos/freertos-10.0.0/Source/queue.o
                0x0008075c                xQueueGenericCreate
 .text.xQueueGenericSend
                0x000807b0      0x1b4 src/ASF/thirdparty/freertos/freertos-10.0.0/Source/queue.o
                0x000807b0                xQueueGenericSend
 .text.xQueueGenericSendFromISR
                0x00080964       0xe4 src/ASF/thirdparty/freertos/freertos-10.0.0/Source/queue.o
                0x00080964                xQueueGenericSendFromISR
 .text.xQueueReceive
                0x00080a48      0x188 src/ASF/thirdparty/freertos/freertos-10.0.0/Source/queue.o
                0x00080a48                xQueueReceive
 .text.vQueueAddToRegistry
                0x00080bd0       0x30 src/ASF/thirdparty/freertos/freertos-10.0.0/Source/queue.o
                0x00080bd0                vQueueAddToRegistry
 .text.vQueueWaitForMessageRestricted
                0x00080c00       0x60 src/ASF/thirdparty/freertos/freertos-10.0.0/Source/queue.o
                0x00080c00                vQueueWaitForMessageRestricted
 .text.prvResetNextTaskUnblockTime
                0x00080c60       0x2c src/ASF/thirdparty/freertos/freertos-10.0.0/Source/tasks.o
 .text.prvIdleTask
                0x00080c8c       0x80 src/ASF/thirdparty/freertos/freertos-10.0.0/Source/tasks.o
 .text.prvAddCurrentTaskToDelayedList
                0x00080d0c       0xa4 src/ASF/thirdparty/freertos/freertos-10.0.0/Source/tasks.o
 .text.xTaskCreate
                0x00080db0      0x1f4 src/ASF/thirdparty/freertos/freertos-10.0.0/Source/tasks.o
                0x00080db0                xTaskCreate
 .text.vTaskStartScheduler
                0x00080fa4       0x8c src/ASF/thirdparty/freertos/freertos-10.0.0/Source/tasks.o
                0x00080fa4                vTaskStartScheduler
 .text.vTaskSuspendAll
                0x00081030       0x10 src/ASF/thirdparty/freertos/freertos-10.0.0/Source/tasks.o
                0x00081030                vTaskSuspendAll
 .text.xTaskGetTickCount
                0x00081040        0xc src/ASF/thirdparty/freertos/freertos-10.0.0/Source/tasks.o
                0x00081040                xTaskGetTickCount
 .text.xTaskIncrementTick
                0x0008104c      0x134 src/ASF/thirdparty/freertos/freertos-10.0.0/Source/tasks.o
                0x0008104c                xTaskIncrementTick
 .text.xTaskResumeAll
                0x00081180      0x114 src/ASF/thirdparty/freertos/freertos-10.0.0/Source/tasks.o
                0x00081180                xTaskResumeAll
 .text.vTaskDelayUntil
                0x00081294       0xac src/ASF/thirdparty/freertos/freertos-10.0.0/Source/tasks.o
                0x00081294                vTaskDelayUntil
 .text.vTaskSwitchContext
                0x00081340       0x94 src/ASF/thirdparty/freertos/freertos-10.0.0/Source/tasks.o
                0x00081340                vTaskSwitchContext
 .text.vTaskPlaceOnEventList
                0x000813d4       0x38 src/ASF/thirdparty/freertos/freertos-10.0.0/Source/tasks.o
                0x000813d4                vTaskPlaceOnEventList
 .text.vTaskPlaceOnEventListRestricted
                0x0008140c       0x44 src/ASF/thirdparty/freertos/freertos-10.0.0/Source/tasks.o
                0x0008140c                vTaskPlaceOnEventListRestricted
 .text.xTaskRemoveFromEventList
                0x00081450       0x90 src/ASF/thirdparty/freertos/freertos-10.0.0/Source/tasks.o
                0x00081450                xTaskRemoveFromEventList
 .text.vTaskInternalSetTimeOutState
                0x000814e0       0x18 src/ASF/thirdparty/freertos/freertos-10.0.0/Source/tasks.o
                0x000814e0                vTaskInternalSetTimeOutState
 .text.xTaskCheckForTimeOut
                0x000814f8       0x8c src/ASF/thirdparty/freertos/freertos-10.0.0/Source/tasks.o
                0x000814f8                xTaskCheckForTimeOut
 .text.vTaskMissedYield
                0x00081584        0xc src/ASF/thirdparty/freertos/freertos-10.0.0/Source/tasks.o
                0x00081584                vTaskMissedYield
 .text.xTaskGetSchedulerState
                0x00081590       0x20 src/ASF/thirdparty/freertos/freertos-10.0.0/Source/tasks.o
                0x00081590                xTaskGetSchedulerState
 .text.xTaskPriorityDisinherit
                0x000815b0       0xbc src/ASF/thirdparty/freertos/freertos-10.0.0/Source/tasks.o
                0x000815b0                xTaskPriorityDisinherit
 .text.prvInsertTimerInActiveList
                0x0008166c       0x4c src/ASF/thirdparty/freertos/freertos-10.0.0/Source/timers.o
 .text.prvCheckForValidListAndQueue
                0x000816b8       0x70 src/ASF/thirdparty/freertos/freertos-10.0.0/Source/timers.o
 .text.xTimerCreateTimerTask
                0x00081728       0x54 src/ASF/thirdparty/freertos/freertos-10.0.0/Source/timers.o
                0x00081728                xTimerCreateTimerTask
 .text.xTimerGenericCommand
                0x0008177c       0x6c src/ASF/thirdparty/freertos/freertos-10.0.0/Source/timers.o
                0x0008177c                xTimerGenericCommand
 .text.prvSampleTimeNow
                0x000817e8       0xb4 src/ASF/thirdparty/freertos/freertos-10.0.0/Source/timers.o
 .text.prvTimerTask
                0x0008189c      0x1fc src/ASF/thirdparty/freertos/freertos-10.0.0/Source/timers.o
 .text.sysclk_init
                0x00081a98       0x64 src/ASF/common/services/clock/sam3x/sysclk.o
                0x00081a98                sysclk_init
 .text.board_init
                0x00081afc       0x80 src/ASF/sam/boards/arduino_due_x/init.o
                0x00081afc                board_init
 .text.pio_set_peripheral
                0x00081b7c       0x3e src/ASF/sam/drivers/pio/pio.o
                0x00081b7c                pio_set_peripheral
 .text.pio_set_input
                0x00081bba       0x32 src/ASF/sam/drivers/pio/pio.o
                0x00081bba                pio_set_input
 .text.pio_set_output
                0x00081bec       0x26 src/ASF/sam/drivers/pio/pio.o
                0x00081bec                pio_set_output
 .text.pio_get_interrupt_status
                0x00081c12        0x4 src/ASF/sam/drivers/pio/pio.o
                0x00081c12                pio_get_interrupt_status
 .text.pio_get_interrupt_mask
                0x00081c16        0x4 src/ASF/sam/drivers/pio/pio.o
                0x00081c16                pio_get_interrupt_mask
 *fill*         0x00081c1a        0x2 
 .text.pio_configure_pin
                0x00081c1c       0xd0 src/ASF/sam/drivers/pio/pio.o
                0x00081c1c                pio_configure_pin
 .text.pio_configure_pin_group
                0x00081cec       0x9c src/ASF/sam/drivers/pio/pio.o
                0x00081cec                pio_configure_pin_group
 .text.pio_handler_process
                0x00081d88       0x50 src/ASF/sam/drivers/pio/pio_handler.o
                0x00081d88                pio_handler_process
 .text.PIOA_Handler
                0x00081dd8       0x14 src/ASF/sam/drivers/pio/pio_handler.o
                0x00081dd8                PIOA_Handler
 .text.PIOB_Handler
                0x00081dec       0x14 src/ASF/sam/drivers/pio/pio_handler.o
                0x00081dec                PIOB_Handler
 .text.PIOC_Handler
                0x00081e00       0x14 src/ASF/sam/drivers/pio/pio_handler.o
                0x00081e00                PIOC_Handler
 .text.PIOD_Handler
                0x00081e14       0x14 src/ASF/sam/drivers/pio/pio_handler.o
                0x00081e14                PIOD_Handler
 .text.pmc_switch_mck_to_pllack
                0x00081e28       0x64 src/ASF/sam/drivers/pmc/pmc.o
                0x00081e28                pmc_switch_mck_to_pllack
 .text.pmc_switch_mainck_to_xtal
                0x00081e8c       0x54 src/ASF/sam/drivers/pmc/pmc.o
                0x00081e8c                pmc_switch_mainck_to_xtal
 .text.pmc_osc_is_ready_mainck
                0x00081ee0       0x10 src/ASF/sam/drivers/pmc/pmc.o
                0x00081ee0                pmc_osc_is_ready_mainck
 .text.pmc_disable_pllack
                0x00081ef0       0x10 src/ASF/sam/drivers/pmc/pmc.o
                0x00081ef0                pmc_disable_pllack
 .text.pmc_is_locked_pllack
                0x00081f00       0x10 src/ASF/sam/drivers/pmc/pmc.o
                0x00081f00                pmc_is_locked_pllack
 .text.pmc_enable_periph_clk
                0x00081f10       0x20 src/ASF/sam/drivers/pmc/pmc.o
                0x00081f10                pmc_enable_periph_clk
 .text.Dummy_Handler
                0x00081f30        0x2 src/ASF/sam/utils/cmsis/sam3x/source/templates/exceptions.o
                0x00081f30                DACC_Handler
                0x00081f30                DebugMon_Handler
                0x00081f30                DMAC_Handler
                0x00081f30                TRNG_Handler
                0x00081f30                HardFault_Handler
                0x00081f30                TC2_Handler
                0x00081f30                USART3_Handler
                0x00081f30                TWI1_Handler
                0x00081f30                NMI_Handler
                0x00081f30                TC7_Handler
                0x00081f30                ADC_Handler
                0x00081f30                SMC_Handler
                0x00081f30                USART0_Handler
                0x00081f30                RTT_Handler
                0x00081f30                EFC1_Handler
                0x00081f30                RTC_Handler
                0x00081f30                UsageFault_Handler
                0x00081f30                TC6_Handler
                0x00081f30                WDT_Handler
                0x00081f30                CAN0_Handler
                0x00081f30                TC4_Handler
                0x00081f30                TC1_Handler
                0x00081f30                HSMCI_Handler
                0x00081f30                TC3_Handler
                0x00081f30                Dummy_Handler
                0x00081f30                TWI0_Handler
                0x00081f30                USART1_Handler
                0x00081f30                SSC_Handler
                0x00081f30                EFC0_Handler
                0x00081f30                PMC_Handler
                0x00081f30                PWM_Handler
                0x00081f30                CAN1_Handler
                0x00081f30                MemManage_Handler
                0x00081f30                SUPC_Handler
                0x00081f30                TC8_Handler
                0x00081f30                USART2_Handler
                0x00081f30                EMAC_Handler
                0x00081f30                UART_Handler
                0x00081f30                BusFault_Handler
                0x00081f30                RSTC_Handler
                0x00081f30                TC0_Handler
                0x00081f30                TC5_Handler
                0x00081f30                UOTGHS_Handler
                0x00081f30                SPI0_Handler
 *fill*         0x00081f32        0x2 
 .text.Reset_Handler
                0x00081f34       0x98 src/ASF/sam/utils/cmsis/sam3x/source/templates/gcc/startup_sam3x.o
                0x00081f34                Reset_Handler
 .text.SystemCoreClockUpdate
                0x00081fcc      0x118 src/ASF/sam/utils/cmsis/sam3x/source/templates/system_sam3x.o
                0x00081fcc                SystemCoreClockUpdate
 .text.vTaskBlink
                0x000820e4       0x34 src/blink.o
                0x000820e4                vTaskBlink
 .text.blink_init
                0x00082118       0x38 src/blink.o
                0x00082118                blink_init
 .text.main     0x00082150       0x28 src/main.o
                0x00082150                main
 .text.__libc_init_array
                0x00082178       0x50 c:/program files (x86)/atmel/studio/7.0/toolchain/arm/arm-gnu-toolchain/bin/../lib/gcc/arm-none-eabi/6.3.1/../../../../arm-none-eabi/lib/thumb/v7-m\libc.a(lib_a-init.o)
                0x00082178                __libc_init_array
 .text          0x000821c8       0xec c:/program files (x86)/atmel/studio/7.0/toolchain/arm/arm-gnu-toolchain/bin/../lib/gcc/arm-none-eabi/6.3.1/../../../../arm-none-eabi/lib/thumb/v7-m\libc.a(lib_a-memcpy.o)
                0x000821c8                memcpy
 .text.memset   0x000822b4       0x9c c:/program files (x86)/atmel/studio/7.0/toolchain/arm/arm-gnu-toolchain/bin/../lib/gcc/arm-none-eabi/6.3.1/../../../../arm-none-eabi/lib/thumb/v7-m\libc.a(lib_a-memset.o)
                0x000822b4                memset
 .text.startup.register_fini
                0x00082350       0x14 c:/program files (x86)/atmel/studio/7.0/toolchain/arm/arm-gnu-toolchain/bin/../lib/gcc/arm-none-eabi/6.3.1/../../../../arm-none-eabi/lib/thumb/v7-m\libc.a(lib_a-__call_atexit.o)
 .text.atexit   0x00082364        0xc c:/program files (x86)/atmel/studio/7.0/toolchain/arm/arm-gnu-toolchain/bin/../lib/gcc/arm-none-eabi/6.3.1/../../../../arm-none-eabi/lib/thumb/v7-m\libc.a(lib_a-atexit.o)
                0x00082364                atexit
 .text.__libc_fini_array
                0x00082370       0x34 c:/program files (x86)/atmel/studio/7.0/toolchain/arm/arm-gnu-toolchain/bin/../lib/gcc/arm-none-eabi/6.3.1/../../../../arm-none-eabi/lib/thumb/v7-m\libc.a(lib_a-fini.o)
                0x00082370                __libc_fini_array
 .text.__retarget_lock_acquire_recursive
                0x000823a4        0x4 c:/program files (x86)/atmel/studio/7.0/toolchain/arm/arm-gnu-toolchain/bin/../lib/gcc/arm-none-eabi/6.3.1/../../../../arm-none-eabi/lib/thumb/v7-m\libc.a(lib_a-lock.o)
                0x000823a4                __retarget_lock_acquire_recursive
 .text.__retarget_lock_release_recursive
                0x000823a8        0x4 c:/program files (x86)/atmel/studio/7.0/toolchain/arm/arm-gnu-toolchain/bin/../lib/gcc/arm-none-eabi/6.3.1/../../../../arm-none-eabi/lib/thumb/v7-m\libc.a(lib_a-lock.o)
                0x000823a8                __retarget_lock_release_recursive
 .text.__register_exitproc
                0x000823ac       0xc4 c:/program files (x86)/atmel/studio/7.0/toolchain/arm/arm-gnu-toolchain/bin/../lib/gcc/arm-none-eabi/6.3.1/../../../../arm-none-eabi/lib/thumb/v7-m\libc.a(lib_a-__atexit.o)
                0x000823ac                __register_exitproc
 *(.glue_7t)
 .glue_7t       0x00082470        0x0 linker stubs
 *(.glue_7)
 .glue_7        0x00082470        0x0 linker stubs
 *(.rodata .rodata* .gnu.linkonce.r.*)
 .rodata.vTaskStartScheduler.str1.4
                0x00082470        0x5 src/ASF/thirdparty/freertos/freertos-10.0.0/Source/tasks.o
 *fill*         0x00082475        0x3 
 .rodata.prvCheckForValidListAndQueue.str1.4
                0x00082478        0x5 src/ASF/thirdparty/freertos/freertos-10.0.0/Source/timers.o
 *fill*         0x0008247d        0x3 
 .rodata.xTimerCreateTimerTask.str1.4
                0x00082480        0x8 src/ASF/thirdparty/freertos/freertos-10.0.0/Source/timers.o
 .rodata.blink_init.str1.4
                0x00082488        0xc src/blink.o
                                  0xb (size before relaxing)
 .rodata._global_impure_ptr
                0x00082494        0x4 c:/program files (x86)/atmel/studio/7.0/toolchain/arm/arm-gnu-toolchain/bin/../lib/gcc/arm-none-eabi/6.3.1/../../../../arm-none-eabi/lib/thumb/v7-m\libc.a(lib_a-impure.o)
                0x00082494                _global_impure_ptr
 *(.ARM.extab* .gnu.linkonce.armextab.*)
                0x00082498                . = ALIGN (0x4)
 *(.init)
 .init          0x00082498        0x4 c:/program files (x86)/atmel/studio/7.0/toolchain/arm/arm-gnu-toolchain/bin/../lib/gcc/arm-none-eabi/6.3.1/thumb/v7-m/crti.o
                0x00082498                _init
 .init          0x0008249c        0x8 c:/program files (x86)/atmel/studio/7.0/toolchain/arm/arm-gnu-toolchain/bin/../lib/gcc/arm-none-eabi/6.3.1/thumb/v7-m/crtn.o
                0x000824a4                . = ALIGN (0x4)
                0x000824a4                __preinit_array_start = .
 *(.preinit_array)
                0x000824a4                __preinit_array_end = .
                0x000824a4                . = ALIGN (0x4)
                0x000824a4                __init_array_start = .
 *(SORT(.init_array.*))
 .init_array.00000
                0x000824a4        0x4 c:/program files (x86)/atmel/studio/7.0/toolchain/arm/arm-gnu-toolchain/bin/../lib/gcc/arm-none-eabi/6.3.1/../../../../arm-none-eabi/lib/thumb/v7-m\libc.a(lib_a-__call_atexit.o)
 *(.init_array)
 .init_array    0x000824a8        0x4 c:/program files (x86)/atmel/studio/7.0/toolchain/arm/arm-gnu-toolchain/bin/../lib/gcc/arm-none-eabi/6.3.1/thumb/v7-m/crtbegin.o
                0x000824ac                __init_array_end = .
                0x000824ac                . = ALIGN (0x4)
 *crtbegin.o(.ctors)
 *(EXCLUDE_FILE(*crtend.o) .ctors)
 *(SORT(.ctors.*))
 *crtend.o(.ctors)
                0x000824ac                . = ALIGN (0x4)
 *(.fini)
 .fini          0x000824ac        0x4 c:/program files (x86)/atmel/studio/7.0/toolchain/arm/arm-gnu-toolchain/bin/../lib/gcc/arm-none-eabi/6.3.1/thumb/v7-m/crti.o
                0x000824ac                _fini
 .fini          0x000824b0        0x8 c:/program files (x86)/atmel/studio/7.0/toolchain/arm/arm-gnu-toolchain/bin/../lib/gcc/arm-none-eabi/6.3.1/thumb/v7-m/crtn.o
                0x000824b8                . = ALIGN (0x4)
                0x000824b8                __fini_array_start = .
 *(.fini_array)
 .fini_array    0x000824b8        0x4 c:/program files (x86)/atmel/studio/7.0/toolchain/arm/arm-gnu-toolchain/bin/../lib/gcc/arm-none-eabi/6.3.1/thumb/v7-m/crtbegin.o
 *(SORT(.fini_array.*))
                0x000824bc                __fini_array_end = .
 *crtbegin.o(.dtors)
 *(EXCLUDE_FILE(*crtend.o) .dtors)
 *(SORT(.dtors.*))
 *crtend.o(.dtors)
                0x000824bc                . = ALIGN (0x4)
                0x000824bc                _efixed = .
                [!provide]                PROVIDE (__exidx_start, .)

.vfp11_veneer   0x000824bc        0x0
 .vfp11_veneer  0x000824bc        0x0 linker stubs

.v4_bx          0x000824bc        0x0
 .v4_bx         0x000824bc        0x0 linker stubs

.iplt           0x000824bc        0x0
 .iplt          0x000824bc        0x0 c:/program files (x86)/atmel/studio/7.0/toolchain/arm/arm-gnu-toolchain/bin/../lib/gcc/arm-none-eabi/6.3.1/thumb/v7-m/crtbegin.o

.eh_frame       0x000824bc        0x0
 .eh_frame      0x000824bc        0x0 c:/program files (x86)/atmel/studio/7.0/toolchain/arm/arm-gnu-toolchain/bin/../lib/gcc/arm-none-eabi/6.3.1/thumb/v7-m/crtbegin.o

.rel.dyn        0x000824bc        0x0
 .rel.iplt      0x000824bc        0x0 c:/program files (x86)/atmel/studio/7.0/toolchain/arm/arm-gnu-toolchain/bin/../lib/gcc/arm-none-eabi/6.3.1/thumb/v7-m/crtbegin.o

.jcr            0x000824bc        0x0
 .jcr           0x000824bc        0x0 c:/program files (x86)/atmel/studio/7.0/toolchain/arm/arm-gnu-toolchain/bin/../lib/gcc/arm-none-eabi/6.3.1/thumb/v7-m/crtbegin.o

.igot.plt       0x000824bc        0x0
 .igot.plt      0x000824bc        0x0 c:/program files (x86)/atmel/studio/7.0/toolchain/arm/arm-gnu-toolchain/bin/../lib/gcc/arm-none-eabi/6.3.1/thumb/v7-m/crtbegin.o

.ARM.exidx
 *(.ARM.exidx* .gnu.linkonce.armexidx.*)
                [!provide]                PROVIDE (__exidx_end, .)
                0x000824bc                . = ALIGN (0x4)
                0x000824bc                _etext = .

.relocate       0x20070000      0x564 load address 0x000824bc
                0x20070000                . = ALIGN (0x4)
                0x20070000                _srelocate = .
 *(.ramfunc .ramfunc.*)
 .ramfunc       0x20070000      0x12c src/ASF/sam/utils/cmsis/sam3x/source/templates/system_sam3x.o
                0x20070000                SystemInit
                0x200700a4                system_init_flash
 *(.data .data.*)
 .data.uxCriticalNesting
                0x2007012c        0x4 src/ASF/thirdparty/freertos/freertos-10.0.0/Source/portable/GCC/ARM_CM3/port.o
 .data.SystemCoreClock
                0x20070130        0x4 src/ASF/sam/utils/cmsis/sam3x/source/templates/system_sam3x.o
                0x20070130                SystemCoreClock
 *fill*         0x20070134        0x4 
 .data.impure_data
                0x20070138      0x428 c:/program files (x86)/atmel/studio/7.0/toolchain/arm/arm-gnu-toolchain/bin/../lib/gcc/arm-none-eabi/6.3.1/../../../../arm-none-eabi/lib/thumb/v7-m\libc.a(lib_a-impure.o)
 .data.__atexit_recursive_mutex
                0x20070560        0x4 c:/program files (x86)/atmel/studio/7.0/toolchain/arm/arm-gnu-toolchain/bin/../lib/gcc/arm-none-eabi/6.3.1/../../../../arm-none-eabi/lib/thumb/v7-m\libc.a(lib_a-__call_atexit.o)
                0x20070560                __atexit_recursive_mutex
                0x20070564                . = ALIGN (0x4)
                0x20070564                _erelocate = .

.bss            0x20070564     0xba40 load address 0x00082a20
                0x20070564                . = ALIGN (0x4)
                0x20070564                _sbss = .
                0x20070564                _szero = .
 *(.bss .bss.*)
 .bss           0x20070564       0x1c c:/program files (x86)/atmel/studio/7.0/toolchain/arm/arm-gnu-toolchain/bin/../lib/gcc/arm-none-eabi/6.3.1/thumb/v7-m/crtbegin.o
 .bss.ucMaxSysCallPriority
                0x20070580        0x1 src/ASF/thirdparty/freertos/freertos-10.0.0/Source/portable/GCC/ARM_CM3/port.o
 *fill*         0x20070581        0x3 
 .bss.ulMaxPRIGROUPValue
                0x20070584        0x4 src/ASF/thirdparty/freertos/freertos-10.0.0/Source/portable/GCC/ARM_CM3/port.o
 .bss.pucAlignedHeap.7750
                0x20070588        0x4 src/ASF/thirdparty/freertos/freertos-10.0.0/Source/portable/MemMang/heap_1.o
 .bss.ucHeap    0x2007058c     0xb800 src/ASF/thirdparty/freertos/freertos-10.0.0/Source/portable/MemMang/heap_1.o
 .bss.xNextFreeByte
                0x2007bd8c        0x4 src/ASF/thirdparty/freertos/freertos-10.0.0/Source/portable/MemMang/heap_1.o
 .bss.pxCurrentTCB
                0x2007bd90        0x4 src/ASF/thirdparty/freertos/freertos-10.0.0/Source/tasks.o
                0x2007bd90                pxCurrentTCB
 .bss.pxDelayedTaskList
                0x2007bd94        0x4 src/ASF/thirdparty/freertos/freertos-10.0.0/Source/tasks.o
 .bss.pxOverflowDelayedTaskList
                0x2007bd98        0x4 src/ASF/thirdparty/freertos/freertos-10.0.0/Source/tasks.o
 .bss.pxReadyTasksLists
                0x2007bd9c       0x64 src/ASF/thirdparty/freertos/freertos-10.0.0/Source/tasks.o
 .bss.uxCurrentNumberOfTasks
                0x2007be00        0x4 src/ASF/thirdparty/freertos/freertos-10.0.0/Source/tasks.o
 .bss.uxDeletedTasksWaitingCleanUp
                0x2007be04        0x4 src/ASF/thirdparty/freertos/freertos-10.0.0/Source/tasks.o
 .bss.uxPendedTicks
                0x2007be08        0x4 src/ASF/thirdparty/freertos/freertos-10.0.0/Source/tasks.o
 .bss.uxSchedulerSuspended
                0x2007be0c        0x4 src/ASF/thirdparty/freertos/freertos-10.0.0/Source/tasks.o
 .bss.uxTaskNumber
                0x2007be10        0x4 src/ASF/thirdparty/freertos/freertos-10.0.0/Source/tasks.o
 .bss.uxTopReadyPriority
                0x2007be14        0x4 src/ASF/thirdparty/freertos/freertos-10.0.0/Source/tasks.o
 .bss.xDelayedTaskList1
                0x2007be18       0x14 src/ASF/thirdparty/freertos/freertos-10.0.0/Source/tasks.o
 .bss.xDelayedTaskList2
                0x2007be2c       0x14 src/ASF/thirdparty/freertos/freertos-10.0.0/Source/tasks.o
 .bss.xIdleTaskHandle
                0x2007be40        0x4 src/ASF/thirdparty/freertos/freertos-10.0.0/Source/tasks.o
 .bss.xNextTaskUnblockTime
                0x2007be44        0x4 src/ASF/thirdparty/freertos/freertos-10.0.0/Source/tasks.o
 .bss.xNumOfOverflows
                0x2007be48        0x4 src/ASF/thirdparty/freertos/freertos-10.0.0/Source/tasks.o
 .bss.xPendingReadyList
                0x2007be4c       0x14 src/ASF/thirdparty/freertos/freertos-10.0.0/Source/tasks.o
 .bss.xSchedulerRunning
                0x2007be60        0x4 src/ASF/thirdparty/freertos/freertos-10.0.0/Source/tasks.o
 .bss.xSuspendedTaskList
                0x2007be64       0x14 src/ASF/thirdparty/freertos/freertos-10.0.0/Source/tasks.o
 .bss.xTasksWaitingTermination
                0x2007be78       0x14 src/ASF/thirdparty/freertos/freertos-10.0.0/Source/tasks.o
 .bss.xTickCount
                0x2007be8c        0x4 src/ASF/thirdparty/freertos/freertos-10.0.0/Source/tasks.o
 .bss.xYieldPending
                0x2007be90        0x4 src/ASF/thirdparty/freertos/freertos-10.0.0/Source/tasks.o
 .bss.pxCurrentTimerList
                0x2007be94        0x4 src/ASF/thirdparty/freertos/freertos-10.0.0/Source/timers.o
 .bss.pxOverflowTimerList
                0x2007be98        0x4 src/ASF/thirdparty/freertos/freertos-10.0.0/Source/timers.o
 .bss.xActiveTimerList1
                0x2007be9c       0x14 src/ASF/thirdparty/freertos/freertos-10.0.0/Source/timers.o
 .bss.xActiveTimerList2
                0x2007beb0       0x14 src/ASF/thirdparty/freertos/freertos-10.0.0/Source/timers.o
 .bss.xLastTime.8056
                0x2007bec4        0x4 src/ASF/thirdparty/freertos/freertos-10.0.0/Source/timers.o
 .bss.xTimerQueue
                0x2007bec8        0x4 src/ASF/thirdparty/freertos/freertos-10.0.0/Source/timers.o
 .bss.xTimerTaskHandle
                0x2007becc        0x4 src/ASF/thirdparty/freertos/freertos-10.0.0/Source/timers.o
 .bss.gs_interrupt_sources
                0x2007bed0       0x70 src/ASF/sam/drivers/pio/pio_handler.o
 *(COMMON)
 COMMON         0x2007bf40       0x40 src/ASF/thirdparty/freertos/freertos-10.0.0/Source/queue.o
                0x2007bf40                xQueueRegistry
 COMMON         0x2007bf80       0x21 c:/program files (x86)/atmel/studio/7.0/toolchain/arm/arm-gnu-toolchain/bin/../lib/gcc/arm-none-eabi/6.3.1/../../../../arm-none-eabi/lib/thumb/v7-m\libc.a(lib_a-lock.o)
                0x2007bf80                __lock___atexit_recursive_mutex
                0x2007bf84                __lock___arc4random_mutex
                0x2007bf88                __lock___env_recursive_mutex
                0x2007bf8c                __lock___sinit_recursive_mutex
                0x2007bf90                __lock___malloc_recursive_mutex
                0x2007bf94                __lock___at_quick_exit_mutex
                0x2007bf98                __lock___dd_hash_mutex
                0x2007bf9c                __lock___tz_mutex
                0x2007bfa0                __lock___sfp_recursive_mutex
                0x2007bfa4                . = ALIGN (0x4)
 *fill*         0x2007bfa1        0x3 
                0x2007bfa4                _ebss = .
                0x2007bfa4                _ezero = .

.stack          0x2007bfa4     0x2004 load address 0x0008e460
                0x2007bfa8                . = ALIGN (0x8)
 *fill*         0x2007bfa4        0x4 
                0x2007bfa8                _sstack = .
                0x2007dfa8                . = (. + __stack_size__)
 *fill*         0x2007bfa8     0x2000 
                0x2007dfa8                . = ALIGN (0x8)
                0x2007dfa8                _estack = .
                0x2007dfa8                . = ALIGN (0x4)
                0x2007dfa8                _end = .
OUTPUT(RTOS_Blink.elf elf32-littlearm)

.ARM.attributes
                0x00000000       0x29
 .ARM.attributes
                0x00000000       0x1d c:/program files (x86)/atmel/studio/7.0/toolchain/arm/arm-gnu-toolchain/bin/../lib/gcc/arm-none-eabi/6.3.1/thumb/v7-m/crti.o
 .ARM.attributes
                0x0000001d       0x2d c:/program files (x86)/atmel/studio/7.0/toolchain/arm/arm-gnu-toolchain/bin/../lib/gcc/arm-none-eabi/6.3.1/thumb/v7-m/crtbegin.o
 .ARM.attributes
                0x0000004a       0x33 src/ASF/thirdparty/freertos/freertos-10.0.0/Source/list.o
 .ARM.attributes
                0x0000007d       0x33 src/ASF/thirdparty/freertos/freertos-10.0.0/Source/portable/GCC/ARM_CM3/port.o
 .ARM.attributes
                0x000000b0       0x33 src/ASF/thirdparty/freertos/freertos-10.0.0/Source/portable/MemMang/heap_1.o
 .ARM.attributes
                0x000000e3       0x33 src/ASF/thirdparty/freertos/freertos-10.0.0/Source/queue.o
 .ARM.attributes
                0x00000116       0x33 src/ASF/thirdparty/freertos/freertos-10.0.0/Source/tasks.o
 .ARM.attributes
                0x00000149       0x33 src/ASF/thirdparty/freertos/freertos-10.0.0/Source/timers.o
 .ARM.attributes
                0x0000017c       0x33 src/ASF/common/services/clock/sam3x/sysclk.o
 .ARM.attributes
                0x000001af       0x33 src/ASF/sam/boards/arduino_due_x/init.o
 .ARM.attributes
                0x000001e2       0x33 src/ASF/sam/drivers/pio/pio.o
 .ARM.attributes
                0x00000215       0x33 src/ASF/sam/drivers/pio/pio_handler.o
 .ARM.attributes
                0x00000248       0x33 src/ASF/sam/drivers/pmc/pmc.o
 .ARM.attributes
                0x0000027b       0x33 src/ASF/sam/utils/cmsis/sam3x/source/templates/exceptions.o
 .ARM.attributes
                0x000002ae       0x33 src/ASF/sam/utils/cmsis/sam3x/source/templates/gcc/startup_sam3x.o
 .ARM.attributes
                0x000002e1       0x33 src/ASF/sam/utils/cmsis/sam3x/source/templates/system_sam3x.o
 .ARM.attributes
                0x00000314       0x33 src/blink.o
 .ARM.attributes
                0x00000347       0x33 src/main.o
 .ARM.attributes
                0x0000037a       0x2d c:/program files (x86)/atmel/studio/7.0/toolchain/arm/arm-gnu-toolchain/bin/../lib/gcc/arm-none-eabi/6.3.1/../../../../arm-none-eabi/lib/thumb/v7-m\libc.a(lib_a-impure.o)
 .ARM.attributes
                0x000003a7       0x2d c:/program files (x86)/atmel/studio/7.0/toolchain/arm/arm-gnu-toolchain/bin/../lib/gcc/arm-none-eabi/6.3.1/../../../../arm-none-eabi/lib/thumb/v7-m\libc.a(lib_a-init.o)
 .ARM.attributes
                0x000003d4       0x1b c:/program files (x86)/atmel/studio/7.0/toolchain/arm/arm-gnu-toolchain/bin/../lib/gcc/arm-none-eabi/6.3.1/../../../../arm-none-eabi/lib/thumb/v7-m\libc.a(lib_a-memcpy.o)
 .ARM.attributes
                0x000003ef       0x2d c:/program files (x86)/atmel/studio/7.0/toolchain/arm/arm-gnu-toolchain/bin/../lib/gcc/arm-none-eabi/6.3.1/../../../../arm-none-eabi/lib/thumb/v7-m\libc.a(lib_a-memset.o)
 .ARM.attributes
                0x0000041c       0x2d c:/program files (x86)/atmel/studio/7.0/toolchain/arm/arm-gnu-toolchain/bin/../lib/gcc/arm-none-eabi/6.3.1/../../../../arm-none-eabi/lib/thumb/v7-m\libc.a(lib_a-__call_atexit.o)
 .ARM.attributes
                0x00000449       0x2d c:/program files (x86)/atmel/studio/7.0/toolchain/arm/arm-gnu-toolchain/bin/../lib/gcc/arm-none-eabi/6.3.1/../../../../arm-none-eabi/lib/thumb/v7-m\libc.a(lib_a-atexit.o)
 .ARM.attributes
                0x00000476       0x2d c:/program files (x86)/atmel/studio/7.0/toolchain/arm/arm-gnu-toolchain/bin/../lib/gcc/arm-none-eabi/6.3.1/../../../../arm-none-eabi/lib/thumb/v7-m\libc.a(lib_a-fini.o)
 .ARM.attributes
                0x000004a3       0x2d c:/program files (x86)/atmel/studio/7.0/toolchain/arm/arm-gnu-toolchain/bin/../lib/gcc/arm-none-eabi/6.3.1/../../../../arm-none-eabi/lib/thumb/v7-m\libc.a(lib_a-lock.o)
 .ARM.attributes
                0x000004d0       0x2d c:/program files (x86)/atmel/studio/7.0/toolchain/arm/arm-gnu-toolchain/bin/../lib/gcc/arm-none-eabi/6.3.1/../../../../arm-none-eabi/lib/thumb/v7-m\libc.a(lib_a-__atexit.o)
 .ARM.attributes
                0x000004fd       0x1d c:/program files (x86)/atmel/studio/7.0/toolchain/arm/arm-gnu-toolchain/bin/../lib/gcc/arm-none-eabi/6.3.1/thumb/v7-m/crtn.o

.comment        0x00000000       0x59
 .comment       0x00000000       0x59 src/ASF/thirdparty/freertos/freertos-10.0.0/Source/list.o
                                 0x5a (size before relaxing)
 .comment       0x00000059       0x5a src/ASF/thirdparty/freertos/freertos-10.0.0/Source/portable/GCC/ARM_CM3/port.o
 .comment       0x00000059       0x5a src/ASF/thirdparty/freertos/freertos-10.0.0/Source/portable/MemMang/heap_1.o
 .comment       0x00000059       0x5a src/ASF/thirdparty/freertos/freertos-10.0.0/Source/queue.o
 .comment       0x00000059       0x5a src/ASF/thirdparty/freertos/freertos-10.0.0/Source/tasks.o
 .comment       0x00000059       0x5a src/ASF/thirdparty/freertos/freertos-10.0.0/Source/timers.o
 .comment       0x00000059       0x5a src/ASF/common/services/clock/sam3x/sysclk.o
 .comment       0x00000059       0x5a src/ASF/sam/boards/arduino_due_x/init.o
 .comment       0x00000059       0x5a src/ASF/sam/drivers/pio/pio.o
 .comment       0x00000059       0x5a src/ASF/sam/drivers/pio/pio_handler.o
 .comment       0x00000059       0x5a src/ASF/sam/drivers/pmc/pmc.o
 .comment       0x00000059       0x5a src/ASF/sam/utils/cmsis/sam3x/source/templates/exceptions.o
 .comment       0x00000059       0x5a src/ASF/sam/utils/cmsis/sam3x/source/templates/gcc/startup_sam3x.o
 .comment       0x00000059       0x5a src/ASF/sam/utils/cmsis/sam3x/source/templates/system_sam3x.o
 .comment       0x00000059       0x5a src/blink.o
 .comment       0x00000059       0x5a src/main.o

.debug_info     0x00000000    0x151da
 .debug_info    0x00000000      0xc5c src/ASF/thirdparty/freertos/freertos-10.0.0/Source/list.o
 .debug_info    0x00000c5c      0xf1e src/ASF/thirdparty/freertos/freertos-10.0.0/Source/portable/GCC/ARM_CM3/port.o
 .debug_info    0x00001b7a      0xb86 src/ASF/thirdparty/freertos/freertos-10.0.0/Source/portable/MemMang/heap_1.o
 .debug_info    0x00002700     0x28ae src/ASF/thirdparty/freertos/freertos-10.0.0/Source/queue.o
 .debug_info    0x00004fae     0x35e2 src/ASF/thirdparty/freertos/freertos-10.0.0/Source/tasks.o
 .debug_info    0x00008590     0x1d27 src/ASF/thirdparty/freertos/freertos-10.0.0/Source/timers.o
 .debug_info    0x0000a2b7     0x11ad src/ASF/common/services/clock/sam3x/sysclk.o
 .debug_info    0x0000b464     0x108a src/ASF/sam/boards/arduino_due_x/init.o
 .debug_info    0x0000c4ee     0x1c61 src/ASF/sam/drivers/pio/pio.o
 .debug_info    0x0000e14f     0x17be src/ASF/sam/drivers/pio/pio_handler.o
 .debug_info    0x0000f90d     0x1a59 src/ASF/sam/drivers/pmc/pmc.o
 .debug_info    0x00011366      0xa39 src/ASF/sam/utils/cmsis/sam3x/source/templates/exceptions.o
 .debug_info    0x00011d9f      0xd1b src/ASF/sam/utils/cmsis/sam3x/source/templates/gcc/startup_sam3x.o
 .debug_info    0x00012aba      0xdc2 src/ASF/sam/utils/cmsis/sam3x/source/templates/system_sam3x.o
 .debug_info    0x0001387c      0xec0 src/blink.o
 .debug_info    0x0001473c      0xa9e src/main.o

.debug_abbrev   0x00000000     0x2e2e
 .debug_abbrev  0x00000000      0x221 src/ASF/thirdparty/freertos/freertos-10.0.0/Source/list.o
 .debug_abbrev  0x00000221      0x3ab src/ASF/thirdparty/freertos/freertos-10.0.0/Source/portable/GCC/ARM_CM3/port.o
 .debug_abbrev  0x000005cc      0x284 src/ASF/thirdparty/freertos/freertos-10.0.0/Source/portable/MemMang/heap_1.o
 .debug_abbrev  0x00000850      0x430 src/ASF/thirdparty/freertos/freertos-10.0.0/Source/queue.o
 .debug_abbrev  0x00000c80      0x48d src/ASF/thirdparty/freertos/freertos-10.0.0/Source/tasks.o
 .debug_abbrev  0x0000110d      0x406 src/ASF/thirdparty/freertos/freertos-10.0.0/Source/timers.o
 .debug_abbrev  0x00001513      0x330 src/ASF/common/services/clock/sam3x/sysclk.o
 .debug_abbrev  0x00001843      0x262 src/ASF/sam/boards/arduino_due_x/init.o
 .debug_abbrev  0x00001aa5      0x3c7 src/ASF/sam/drivers/pio/pio.o
 .debug_abbrev  0x00001e6c      0x329 src/ASF/sam/drivers/pio/pio_handler.o
 .debug_abbrev  0x00002195      0x335 src/ASF/sam/drivers/pmc/pmc.o
 .debug_abbrev  0x000024ca      0x1a4 src/ASF/sam/utils/cmsis/sam3x/source/templates/exceptions.o
 .debug_abbrev  0x0000266e      0x1f2 src/ASF/sam/utils/cmsis/sam3x/source/templates/gcc/startup_sam3x.o
 .debug_abbrev  0x00002860      0x1f4 src/ASF/sam/utils/cmsis/sam3x/source/templates/system_sam3x.o
 .debug_abbrev  0x00002a54      0x203 src/blink.o
 .debug_abbrev  0x00002c57      0x1d7 src/main.o

.debug_loc      0x00000000     0x6951
 .debug_loc     0x00000000       0x91 src/ASF/thirdparty/freertos/freertos-10.0.0/Source/list.o
 .debug_loc     0x00000091      0x152 src/ASF/thirdparty/freertos/freertos-10.0.0/Source/portable/GCC/ARM_CM3/port.o
 .debug_loc     0x000001e3      0x106 src/ASF/thirdparty/freertos/freertos-10.0.0/Source/portable/MemMang/heap_1.o
 .debug_loc     0x000002e9     0x166d src/ASF/thirdparty/freertos/freertos-10.0.0/Source/queue.o
 .debug_loc     0x00001956     0x2409 src/ASF/thirdparty/freertos/freertos-10.0.0/Source/tasks.o
 .debug_loc     0x00003d5f      0xe72 src/ASF/thirdparty/freertos/freertos-10.0.0/Source/timers.o
 .debug_loc     0x00004bd1      0x183 src/ASF/common/services/clock/sam3x/sysclk.o
 .debug_loc     0x00004d54       0x70 src/ASF/sam/boards/arduino_due_x/init.o
 .debug_loc     0x00004dc4      0xacc src/ASF/sam/drivers/pio/pio.o
 .debug_loc     0x00005890      0x569 src/ASF/sam/drivers/pio/pio_handler.o
 .debug_loc     0x00005df9      0xa54 src/ASF/sam/drivers/pmc/pmc.o
 .debug_loc     0x0000684d       0x6b src/ASF/sam/utils/cmsis/sam3x/source/templates/gcc/startup_sam3x.o
 .debug_loc     0x000068b8       0x79 src/blink.o
 .debug_loc     0x00006931       0x20 src/main.o

.debug_aranges  0x00000000      0x910
 .debug_aranges
                0x00000000       0x40 src/ASF/thirdparty/freertos/freertos-10.0.0/Source/list.o
 .debug_aranges
                0x00000040       0x78 src/ASF/thirdparty/freertos/freertos-10.0.0/Source/portable/GCC/ARM_CM3/port.o
 .debug_aranges
                0x000000b8       0x38 src/ASF/thirdparty/freertos/freertos-10.0.0/Source/portable/MemMang/heap_1.o
 .debug_aranges
                0x000000f0      0x100 src/ASF/thirdparty/freertos/freertos-10.0.0/Source/queue.o
 .debug_aranges
                0x000001f0      0x1c0 src/ASF/thirdparty/freertos/freertos-10.0.0/Source/tasks.o
 .debug_aranges
                0x000003b0       0xa8 src/ASF/thirdparty/freertos/freertos-10.0.0/Source/timers.o
 .debug_aranges
                0x00000458       0x40 src/ASF/common/services/clock/sam3x/sysclk.o
 .debug_aranges
                0x00000498       0x20 src/ASF/sam/boards/arduino_due_x/init.o
 .debug_aranges
                0x000004b8      0x148 src/ASF/sam/drivers/pio/pio.o
 .debug_aranges
                0x00000600       0x58 src/ASF/sam/drivers/pio/pio_handler.o
 .debug_aranges
                0x00000658      0x200 src/ASF/sam/drivers/pmc/pmc.o
 .debug_aranges
                0x00000858       0x20 src/ASF/sam/utils/cmsis/sam3x/source/templates/exceptions.o
 .debug_aranges
                0x00000878       0x20 src/ASF/sam/utils/cmsis/sam3x/source/templates/gcc/startup_sam3x.o
 .debug_aranges
                0x00000898       0x30 src/ASF/sam/utils/cmsis/sam3x/source/templates/system_sam3x.o
 .debug_aranges
                0x000008c8       0x28 src/blink.o
 .debug_aranges
                0x000008f0       0x20 src/main.o

.debug_ranges   0x00000000      0xad8
 .debug_ranges  0x00000000       0x30 src/ASF/thirdparty/freertos/freertos-10.0.0/Source/list.o
 .debug_ranges  0x00000030       0x68 src/ASF/thirdparty/freertos/freertos-10.0.0/Source/portable/GCC/ARM_CM3/port.o
 .debug_ranges  0x00000098       0x28 src/ASF/thirdparty/freertos/freertos-10.0.0/Source/portable/MemMang/heap_1.o
 .debug_ranges  0x000000c0      0x240 src/ASF/thirdparty/freertos/freertos-10.0.0/Source/queue.o
 .debug_ranges  0x00000300      0x290 src/ASF/thirdparty/freertos/freertos-10.0.0/Source/tasks.o
 .debug_ranges  0x00000590      0x100 src/ASF/thirdparty/freertos/freertos-10.0.0/Source/timers.o
 .debug_ranges  0x00000690       0x30 src/ASF/common/services/clock/sam3x/sysclk.o
 .debug_ranges  0x000006c0       0x10 src/ASF/sam/boards/arduino_due_x/init.o
 .debug_ranges  0x000006d0      0x150 src/ASF/sam/drivers/pio/pio.o
 .debug_ranges  0x00000820       0x60 src/ASF/sam/drivers/pio/pio_handler.o
 .debug_ranges  0x00000880      0x1f0 src/ASF/sam/drivers/pmc/pmc.o
 .debug_ranges  0x00000a70       0x10 src/ASF/sam/utils/cmsis/sam3x/source/templates/exceptions.o
 .debug_ranges  0x00000a80       0x10 src/ASF/sam/utils/cmsis/sam3x/source/templates/gcc/startup_sam3x.o
 .debug_ranges  0x00000a90       0x20 src/ASF/sam/utils/cmsis/sam3x/source/templates/system_sam3x.o
 .debug_ranges  0x00000ab0       0x18 src/blink.o
 .debug_ranges  0x00000ac8       0x10 src/main.o

.debug_macro    0x00000000     0x6a4a
 .debug_macro   0x00000000      0x626 src/ASF/thirdparty/freertos/freertos-10.0.0/Source/list.o
 .debug_macro   0x00000626      0x6e4 src/ASF/thirdparty/freertos/freertos-10.0.0/Source/portable/GCC/ARM_CM3/port.o
 .debug_macro   0x00000d0a      0x648 src/ASF/thirdparty/freertos/freertos-10.0.0/Source/portable/MemMang/heap_1.o
 .debug_macro   0x00001352      0x6a7 src/ASF/thirdparty/freertos/freertos-10.0.0/Source/queue.o
 .debug_macro   0x000019f9       0x16 src/ASF/thirdparty/freertos/freertos-10.0.0/Source/queue.o
 .debug_macro   0x00001a0f       0x86 src/ASF/thirdparty/freertos/freertos-10.0.0/Source/queue.o
 .debug_macro   0x00001a95      0x711 src/ASF/thirdparty/freertos/freertos-10.0.0/Source/tasks.o
 .debug_macro   0x000021a6       0x10 src/ASF/thirdparty/freertos/freertos-10.0.0/Source/tasks.o
 .debug_macro   0x000021b6      0x66c src/ASF/thirdparty/freertos/freertos-10.0.0/Source/timers.o
 .debug_macro   0x00002822      0x5d1 src/ASF/common/services/clock/sam3x/sysclk.o
 .debug_macro   0x00002df3      0x616 src/ASF/sam/boards/arduino_due_x/init.o
 .debug_macro   0x00003409      0x2c3 src/ASF/sam/boards/arduino_due_x/init.o
 .debug_macro   0x000036cc       0x16 src/ASF/sam/boards/arduino_due_x/init.o
 .debug_macro   0x000036e2       0x94 src/ASF/sam/boards/arduino_due_x/init.o
 .debug_macro   0x00003776       0x40 src/ASF/sam/boards/arduino_due_x/init.o
 .debug_macro   0x000037b6       0x6a src/ASF/sam/boards/arduino_due_x/init.o
 .debug_macro   0x00003820      0x56b src/ASF/sam/drivers/pio/pio.o
 .debug_macro   0x00003d8b       0x8e src/ASF/sam/drivers/pio/pio.o
 .debug_macro   0x00003e19      0x56f src/ASF/sam/drivers/pio/pio_handler.o
 .debug_macro   0x00004388      0x565 src/ASF/sam/drivers/pmc/pmc.o
 .debug_macro   0x000048ed       0x58 src/ASF/sam/drivers/pmc/pmc.o
 .debug_macro   0x00004945      0x564 src/ASF/sam/utils/cmsis/sam3x/source/templates/exceptions.o
 .debug_macro   0x00004ea9      0x572 src/ASF/sam/utils/cmsis/sam3x/source/templates/gcc/startup_sam3x.o
 .debug_macro   0x0000541b      0x572 src/ASF/sam/utils/cmsis/sam3x/source/templates/system_sam3x.o
 .debug_macro   0x0000598d      0x776 src/blink.o
 .debug_macro   0x00006103       0x11 src/blink.o
 .debug_macro   0x00006114       0x5f src/blink.o
 .debug_macro   0x00006173       0x69 src/blink.o
 .debug_macro   0x000061dc       0x70 src/blink.o
 .debug_macro   0x0000624c       0x10 src/blink.o
 .debug_macro   0x0000625c       0x4c src/blink.o
 .debug_macro   0x000062a8       0x1c src/blink.o
 .debug_macro   0x000062c4       0x10 src/blink.o
 .debug_macro   0x000062d4      0x776 src/main.o

.debug_line     0x00000000     0xed9d
 .debug_line    0x00000000      0xdf3 src/ASF/thirdparty/freertos/freertos-10.0.0/Source/list.o
 .debug_line    0x00000df3      0xea9 src/ASF/thirdparty/freertos/freertos-10.0.0/Source/portable/GCC/ARM_CM3/port.o
 .debug_line    0x00001c9c      0xdf1 src/ASF/thirdparty/freertos/freertos-10.0.0/Source/portable/MemMang/heap_1.o
 .debug_line    0x00002a8d     0x13d4 src/ASF/thirdparty/freertos/freertos-10.0.0/Source/queue.o
 .debug_line    0x00003e61     0x1809 src/ASF/thirdparty/freertos/freertos-10.0.0/Source/tasks.o
 .debug_line    0x0000566a     0x1049 src/ASF/thirdparty/freertos/freertos-10.0.0/Source/timers.o
 .debug_line    0x000066b3      0xcba src/ASF/common/services/clock/sam3x/sysclk.o
 .debug_line    0x0000736d      0xd4d src/ASF/sam/boards/arduino_due_x/init.o
 .debug_line    0x000080ba      0xec9 src/ASF/sam/drivers/pio/pio.o
 .debug_line    0x00008f83      0xc0d src/ASF/sam/drivers/pio/pio_handler.o
 .debug_line    0x00009b90     0x10b2 src/ASF/sam/drivers/pmc/pmc.o
 .debug_line    0x0000ac42      0xb23 src/ASF/sam/utils/cmsis/sam3x/source/templates/exceptions.o
 .debug_line    0x0000b765      0xb6c src/ASF/sam/utils/cmsis/sam3x/source/templates/gcc/startup_sam3x.o
 .debug_line    0x0000c2d1      0xb9e src/ASF/sam/utils/cmsis/sam3x/source/templates/system_sam3x.o
 .debug_line    0x0000ce6f      0xfa7 src/blink.o
 .debug_line    0x0000de16      0xf87 src/main.o

.debug_str      0x00000000    0x6b838
 .debug_str     0x00000000    0x640d4 src/ASF/thirdparty/freertos/freertos-10.0.0/Source/list.o
                              0x6447e (size before relaxing)
 .debug_str     0x000640d4      0xde1 src/ASF/thirdparty/freertos/freertos-10.0.0/Source/portable/GCC/ARM_CM3/port.o
                              0x65161 (size before relaxing)
 .debug_str     0x00064eb5      0x17b src/ASF/thirdparty/freertos/freertos-10.0.0/Source/portable/MemMang/heap_1.o
                              0x64a61 (size before relaxing)
 .debug_str     0x00065030     0x1051 src/ASF/thirdparty/freertos/freertos-10.0.0/Source/queue.o
                              0x65b59 (size before relaxing)
 .debug_str     0x00066081     0x1ad1 src/ASF/thirdparty/freertos/freertos-10.0.0/Source/tasks.o
                              0x668e3 (size before relaxing)
 .debug_str     0x00067b52      0x52d src/ASF/thirdparty/freertos/freertos-10.0.0/Source/timers.o
                              0x65ffd (size before relaxing)
 .debug_str     0x0006807f      0x3aa src/ASF/common/services/clock/sam3x/sysclk.o
                              0x61296 (size before relaxing)
 .debug_str     0x00068429      0xaa9 src/ASF/sam/boards/arduino_due_x/init.o
                              0x61978 (size before relaxing)
 .debug_str     0x00068ed2      0x408 src/ASF/sam/drivers/pio/pio.o
                              0x5db77 (size before relaxing)
 .debug_str     0x000692da      0x466 src/ASF/sam/drivers/pio/pio_handler.o
                              0x5dc70 (size before relaxing)
 .debug_str     0x00069740      0x591 src/ASF/sam/drivers/pmc/pmc.o
                              0x5dbf3 (size before relaxing)
 .debug_str     0x00069cd1       0x4d src/ASF/sam/utils/cmsis/sam3x/source/templates/exceptions.o
                              0x5d1ec (size before relaxing)
 .debug_str     0x00069d1e       0xd9 src/ASF/sam/utils/cmsis/sam3x/source/templates/gcc/startup_sam3x.o
                              0x5d2e8 (size before relaxing)
 .debug_str     0x00069df7      0x195 src/ASF/sam/utils/cmsis/sam3x/source/templates/system_sam3x.o
                              0x5d4c4 (size before relaxing)
 .debug_str     0x00069f8c     0x189e src/blink.o
                              0x67aa2 (size before relaxing)
 .debug_str     0x0006b82a        0xe src/main.o
                              0x67869 (size before relaxing)

.debug_frame    0x00000000     0x17f0
 .debug_frame   0x00000000       0x6c src/ASF/thirdparty/freertos/freertos-10.0.0/Source/list.o
 .debug_frame   0x0000006c       0xf0 src/ASF/thirdparty/freertos/freertos-10.0.0/Source/portable/GCC/ARM_CM3/port.o
 .debug_frame   0x0000015c       0x5c src/ASF/thirdparty/freertos/freertos-10.0.0/Source/portable/MemMang/heap_1.o
 .debug_frame   0x000001b8      0x340 src/ASF/thirdparty/freertos/freertos-10.0.0/Source/queue.o
 .debug_frame   0x000004f8      0x5b0 src/ASF/thirdparty/freertos/freertos-10.0.0/Source/tasks.o
 .debug_frame   0x00000aa8      0x1f4 src/ASF/thirdparty/freertos/freertos-10.0.0/Source/timers.o
 .debug_frame   0x00000c9c       0x88 src/ASF/common/services/clock/sam3x/sysclk.o
 .debug_frame   0x00000d24       0x28 src/ASF/sam/boards/arduino_due_x/init.o
 .debug_frame   0x00000d4c      0x2b8 src/ASF/sam/drivers/pio/pio.o
 .debug_frame   0x00001004       0xf8 src/ASF/sam/drivers/pio/pio_handler.o
 .debug_frame   0x000010fc      0x404 src/ASF/sam/drivers/pmc/pmc.o
 .debug_frame   0x00001500       0x20 src/ASF/sam/utils/cmsis/sam3x/source/templates/exceptions.o
 .debug_frame   0x00001520       0x28 src/ASF/sam/utils/cmsis/sam3x/source/templates/gcc/startup_sam3x.o
 .debug_frame   0x00001548       0x40 src/ASF/sam/utils/cmsis/sam3x/source/templates/system_sam3x.o
 .debug_frame   0x00001588       0x4c src/blink.o
 .debug_frame   0x000015d4       0x28 src/main.o
 .debug_frame   0x000015fc       0x2c c:/program files (x86)/atmel/studio/7.0/toolchain/arm/arm-gnu-toolchain/bin/../lib/gcc/arm-none-eabi/6.3.1/../../../../arm-none-eabi/lib/thumb/v7-m\libc.a(lib_a-init.o)
 .debug_frame   0x00001628       0x34 c:/program files (x86)/atmel/studio/7.0/toolchain/arm/arm-gnu-toolchain/bin/../lib/gcc/arm-none-eabi/6.3.1/../../../../arm-none-eabi/lib/thumb/v7-m\libc.a(lib_a-memset.o)
 .debug_frame   0x0000165c       0x5c c:/program files (x86)/atmel/studio/7.0/toolchain/arm/arm-gnu-toolchain/bin/../lib/gcc/arm-none-eabi/6.3.1/../../../../arm-none-eabi/lib/thumb/v7-m\libc.a(lib_a-__call_atexit.o)
 .debug_frame   0x000016b8       0x20 c:/program files (x86)/atmel/studio/7.0/toolchain/arm/arm-gnu-toolchain/bin/../lib/gcc/arm-none-eabi/6.3.1/../../../../arm-none-eabi/lib/thumb/v7-m\libc.a(lib_a-atexit.o)
 .debug_frame   0x000016d8       0x34 c:/program files (x86)/atmel/studio/7.0/toolchain/arm/arm-gnu-toolchain/bin/../lib/gcc/arm-none-eabi/6.3.1/../../../../arm-none-eabi/lib/thumb/v7-m\libc.a(lib_a-fini.o)
 .debug_frame   0x0000170c       0xb0 c:/program files (x86)/atmel/studio/7.0/toolchain/arm/arm-gnu-toolchain/bin/../lib/gcc/arm-none-eabi/6.3.1/../../../../arm-none-eabi/lib/thumb/v7-m\libc.a(lib_a-lock.o)
 .debug_frame   0x000017bc       0x34 c:/program files (x86)/atmel/studio/7.0/toolchain/arm/arm-gnu-toolchain/bin/../lib/gcc/arm-none-eabi/6.3.1/../../../../arm-none-eabi/lib/thumb/v7-m\libc.a(lib_a-__atexit.o)

Cross Reference Table

Symbol                                            File
ADC_Handler                                       src/ASF/sam/utils/cmsis/sam3x/source/templates/exceptions.o
                                                  src/ASF/sam/utils/cmsis/sam3x/source/templates/gcc/startup_sam3x.o
BusFault_Handler                                  src/ASF/sam/utils/cmsis/sam3x/source/templates/exceptions.o
                                                  src/ASF/sam/utils/cmsis/sam3x/source/templates/gcc/startup_sam3x.o
CAN0_Handler                                      src/ASF/sam/utils/cmsis/sam3x/source/templates/exceptions.o
                                                  src/ASF/sam/utils/cmsis/sam3x/source/templates/gcc/startup_sam3x.o
CAN1_Handler                                      src/ASF/sam/utils/cmsis/sam3x/source/templates/exceptions.o
                                                  src/ASF/sam/utils/cmsis/sam3x/source/templates/gcc/startup_sam3x.o
DACC_Handler                                      src/ASF/sam/utils/cmsis/sam3x/source/templates/exceptions.o
                                                  src/ASF/sam/utils/cmsis/sam3x/source/templates/gcc/startup_sam3x.o
DMAC_Handler                                      src/ASF/sam/utils/cmsis/sam3x/source/templates/exceptions.o
                                                  src/ASF/sam/utils/cmsis/sam3x/source/templates/gcc/startup_sam3x.o
DebugMon_Handler                                  src/ASF/sam/utils/cmsis/sam3x/source/templates/exceptions.o
                                                  src/ASF/sam/utils/cmsis/sam3x/source/templates/gcc/startup_sam3x.o
Dummy_Handler                                     src/ASF/sam/utils/cmsis/sam3x/source/templates/exceptions.o
EFC0_Handler                                      src/ASF/sam/utils/cmsis/sam3x/source/templates/exceptions.o
                                                  src/ASF/sam/utils/cmsis/sam3x/source/templates/gcc/startup_sam3x.o
EFC1_Handler                                      src/ASF/sam/utils/cmsis/sam3x/source/templates/exceptions.o
                                                  src/ASF/sam/utils/cmsis/sam3x/source/templates/gcc/startup_sam3x.o
EMAC_Handler                                      src/ASF/sam/utils/cmsis/sam3x/source/templates/exceptions.o
                                                  src/ASF/sam/utils/cmsis/sam3x/source/templates/gcc/startup_sam3x.o
HSMCI_Handler                                     src/ASF/sam/utils/cmsis/sam3x/source/templates/exceptions.o
                                                  src/ASF/sam/utils/cmsis/sam3x/source/templates/gcc/startup_sam3x.o
HardFault_Handler                                 src/ASF/sam/utils/cmsis/sam3x/source/templates/exceptions.o
                                                  src/ASF/sam/utils/cmsis/sam3x/source/templates/gcc/startup_sam3x.o
MemManage_Handler                                 src/ASF/sam/utils/cmsis/sam3x/source/templates/exceptions.o
                                                  src/ASF/sam/utils/cmsis/sam3x/source/templates/gcc/startup_sam3x.o
NMI_Handler                                       src/ASF/sam/utils/cmsis/sam3x/source/templates/exceptions.o
                                                  src/ASF/sam/utils/cmsis/sam3x/source/templates/gcc/startup_sam3x.o
PIOA_Handler                                      src/ASF/sam/drivers/pio/pio_handler.o
                                                  src/ASF/sam/utils/cmsis/sam3x/source/templates/gcc/startup_sam3x.o
PIOB_Handler                                      src/ASF/sam/drivers/pio/pio_handler.o
                                                  src/ASF/sam/utils/cmsis/sam3x/source/templates/gcc/startup_sam3x.o
PIOC_Handler                                      src/ASF/sam/drivers/pio/pio_handler.o
                                                  src/ASF/sam/utils/cmsis/sam3x/source/templates/gcc/startup_sam3x.o
PIOD_Handler                                      src/ASF/sam/drivers/pio/pio_handler.o
                                                  src/ASF/sam/utils/cmsis/sam3x/source/templates/gcc/startup_sam3x.o
PMC_Handler                                       src/ASF/sam/utils/cmsis/sam3x/source/templates/exceptions.o
                                                  src/ASF/sam/utils/cmsis/sam3x/source/templates/gcc/startup_sam3x.o
PWM_Handler                                       src/ASF/sam/utils/cmsis/sam3x/source/templates/exceptions.o
                                                  src/ASF/sam/utils/cmsis/sam3x/source/templates/gcc/startup_sam3x.o
PendSV_Handler                                    src/ASF/thirdparty/freertos/freertos-10.0.0/Source/portable/GCC/ARM_CM3/port.o
                                                  src/ASF/sam/utils/cmsis/sam3x/source/templates/gcc/startup_sam3x.o
RSTC_Handler                                      src/ASF/sam/utils/cmsis/sam3x/source/templates/exceptions.o
                                                  src/ASF/sam/utils/cmsis/sam3x/source/templates/gcc/startup_sam3x.o
RTC_Handler                                       src/ASF/sam/utils/cmsis/sam3x/source/templates/exceptions.o
                                                  src/ASF/sam/utils/cmsis/sam3x/source/templates/gcc/startup_sam3x.o
RTT_Handler                                       src/ASF/sam/utils/cmsis/sam3x/source/templates/exceptions.o
                                                  src/ASF/sam/utils/cmsis/sam3x/source/templates/gcc/startup_sam3x.o
Reset_Handler                                     src/ASF/sam/utils/cmsis/sam3x/source/templates/gcc/startup_sam3x.o
SMC_Handler                                       src/ASF/sam/utils/cmsis/sam3x/source/templates/exceptions.o
                                                  src/ASF/sam/utils/cmsis/sam3x/source/templates/gcc/startup_sam3x.o
SPI0_Handler                                      src/ASF/sam/utils/cmsis/sam3x/source/templates/exceptions.o
                                                  src/ASF/sam/utils/cmsis/sam3x/source/templates/gcc/startup_sam3x.o
SSC_Handler                                       src/ASF/sam/utils/cmsis/sam3x/source/templates/exceptions.o
                                                  src/ASF/sam/utils/cmsis/sam3x/source/templates/gcc/startup_sam3x.o
SUPC_Handler                                      src/ASF/sam/utils/cmsis/sam3x/source/templates/exceptions.o
                                                  src/ASF/sam/utils/cmsis/sam3x/source/templates/gcc/startup_sam3x.o
SVC_Handler                                       src/ASF/thirdparty/freertos/freertos-10.0.0/Source/portable/GCC/ARM_CM3/port.o
                                                  src/ASF/sam/utils/cmsis/sam3x/source/templates/gcc/startup_sam3x.o
SysTick_Handler                                   src/ASF/thirdparty/freertos/freertos-10.0.0/Source/portable/GCC/ARM_CM3/port.o
                                                  src/ASF/sam/utils/cmsis/sam3x/source/templates/gcc/startup_sam3x.o
SystemCoreClock                                   src/ASF/sam/utils/cmsis/sam3x/source/templates/system_sam3x.o
SystemCoreClockUpdate                             src/ASF/sam/utils/cmsis/sam3x/source/templates/system_sam3x.o
                                                  src/ASF/common/services/clock/sam3x/sysclk.o
SystemInit                                        src/ASF/sam/utils/cmsis/sam3x/source/templates/system_sam3x.o
TC0_Handler                                       src/ASF/sam/utils/cmsis/sam3x/source/templates/exceptions.o
                                                  src/ASF/sam/utils/cmsis/sam3x/source/templates/gcc/startup_sam3x.o
TC1_Handler                                       src/ASF/sam/utils/cmsis/sam3x/source/templates/exceptions.o
                                                  src/ASF/sam/utils/cmsis/sam3x/source/templates/gcc/startup_sam3x.o
TC2_Handler                                       src/ASF/sam/utils/cmsis/sam3x/source/templates/exceptions.o
                                                  src/ASF/sam/utils/cmsis/sam3x/source/templates/gcc/startup_sam3x.o
TC3_Handler                                       src/ASF/sam/utils/cmsis/sam3x/source/templates/exceptions.o
                                                  src/ASF/sam/utils/cmsis/sam3x/source/templates/gcc/startup_sam3x.o
TC4_Handler                                       src/ASF/sam/utils/cmsis/sam3x/source/templates/exceptions.o
                                                  src/ASF/sam/utils/cmsis/sam3x/source/templates/gcc/startup_sam3x.o
TC5_Handler                                       src/ASF/sam/utils/cmsis/sam3x/source/templates/exceptions.o
                                                  src/ASF/sam/utils/cmsis/sam3x/source/templates/gcc/startup_sam3x.o
TC6_Handler                                       src/ASF/sam/utils/cmsis/sam3x/source/templates/exceptions.o
                                                  src/ASF/sam/utils/cmsis/sam3x/source/templates/gcc/startup_sam3x.o
TC7_Handler                                       src/ASF/sam/utils/cmsis/sam3x/source/templates/exceptions.o
                                                  src/ASF/sam/utils/cmsis/sam3x/source/templates/gcc/startup_sam3x.o
TC8_Handler                                       src/ASF/sam/utils/cmsis/sam3x/source/templates/exceptions.o
                                                  src/ASF/sam/utils/cmsis/sam3x/source/templates/gcc/startup_sam3x.o
TRNG_Handler                                      src/ASF/sam/utils/cmsis/sam3x/source/templates/exceptions.o
                                                  src/ASF/sam/utils/cmsis/sam3x/source/templates/gcc/startup_sam3x.o
TWI0_Handler                                      src/ASF/sam/utils/cmsis/sam3x/source/templates/exceptions.o
                                                  src/ASF/sam/utils/cmsis/sam3x/source/templates/gcc/startup_sam3x.o
TWI1_Handler                                      src/ASF/sam/utils/cmsis/sam3x/source/templates/exceptions.o
                                                  src/ASF/sam/utils/cmsis/sam3x/source/templates/gcc/startup_sam3x.o
UART_Handler                                      src/ASF/sam/utils/cmsis/sam3x/source/templates/exceptions.o
                                                  src/ASF/sam/utils/cmsis/sam3x/source/templates/gcc/startup_sam3x.o
UOTGHS_Handler                                    src/ASF/sam/utils/cmsis/sam3x/source/templates/exceptions.o
                                                  src/ASF/sam/utils/cmsis/sam3x/source/templates/gcc/startup_sam3x.o
USART0_Handler                                    src/ASF/sam/utils/cmsis/sam3x/source/templates/exceptions.o
                                                  src/ASF/sam/utils/cmsis/sam3x/source/templates/gcc/startup_sam3x.o
USART1_Handler                                    src/ASF/sam/utils/cmsis/sam3x/source/templates/exceptions.o
                                                  src/ASF/sam/utils/cmsis/sam3x/source/templates/gcc/startup_sam3x.o
USART2_Handler                                    src/ASF/sam/utils/cmsis/sam3x/source/templates/exceptions.o
                                                  src/ASF/sam/utils/cmsis/sam3x/source/templates/gcc/startup_sam3x.o
USART3_Handler                                    src/ASF/sam/utils/cmsis/sam3x/source/templates/exceptions.o
                                                  src/ASF/sam/utils/cmsis/sam3x/source/templates/gcc/startup_sam3x.o
UsageFault_Handler                                src/ASF/sam/utils/cmsis/sam3x/source/templates/exceptions.o
                                                  src/ASF/sam/utils/cmsis/sam3x/source/templates/gcc/startup_sam3x.o
WDT_Handler                                       src/ASF/sam/utils/cmsis/sam3x/source/templates/exceptions.o
                                                  src/ASF/sam/utils/cmsis/sam3x/source/templates/gcc/startup_sam3x.o
_Balloc                                           c:/program files (x86)/atmel/studio/7.0/toolchain/arm/arm-gnu-toolchain/bin/../lib/gcc/arm-none-eabi/6.3.1/../../../../arm-none-eabi/lib/thumb/v7-m\libc.a(lib_a-mprec.o)
                                                  c:/program files (x86)/atmel/studio/7.0/toolchain/arm/arm-gnu-toolchain/bin/../lib/gcc/arm-none-eabi/6.3.1/../../../../arm-none-eabi/lib/thumb/v7-m\libc.a(lib_a-dtoa.o)
_Bfree                                            c:/program files (x86)/atmel/studio/7.0/toolchain/arm/arm-gnu-toolchain/bin/../lib/gcc/arm-none-eabi/6.3.1/../../../../arm-none-eabi/lib/thumb/v7-m\libc.a(lib_a-mprec.o)
                                                  c:/program files (x86)/atmel/studio/7.0/toolchain/arm/arm-gnu-toolchain/bin/../lib/gcc/arm-none-eabi/6.3.1/../../../../arm-none-eabi/lib/thumb/v7-m\libc.a(lib_a-dtoa.o)
_Jv_RegisterClasses                               c:/program files (x86)/atmel/studio/7.0/toolchain/arm/arm-gnu-toolchain/bin/../lib/gcc/arm-none-eabi/6.3.1/thumb/v7-m/crtbegin.o
_PathLocale                                       c:/program files (x86)/atmel/studio/7.0/toolchain/arm/arm-gnu-toolchain/bin/../lib/gcc/arm-none-eabi/6.3.1/../../../../arm-none-eabi/lib/thumb/v7-m\libc.a(lib_a-locale.o)
__adddf3                                          c:/program files (x86)/atmel/studio/7.0/toolchain/arm/arm-gnu-toolchain/bin/../lib/gcc/arm-none-eabi/6.3.1/thumb/v7-m\libgcc.a(_arm_addsubdf3.o)
__aeabi_cdcmpeq                                   c:/program files (x86)/atmel/studio/7.0/toolchain/arm/arm-gnu-toolchain/bin/../lib/gcc/arm-none-eabi/6.3.1/thumb/v7-m\libgcc.a(_arm_cmpdf2.o)
__aeabi_cdcmple                                   c:/program files (x86)/atmel/studio/7.0/toolchain/arm/arm-gnu-toolchain/bin/../lib/gcc/arm-none-eabi/6.3.1/thumb/v7-m\libgcc.a(_arm_cmpdf2.o)
__aeabi_cdrcmple                                  c:/program files (x86)/atmel/studio/7.0/toolchain/arm/arm-gnu-toolchain/bin/../lib/gcc/arm-none-eabi/6.3.1/thumb/v7-m\libgcc.a(_arm_cmpdf2.o)
__aeabi_d2iz                                      c:/program files (x86)/atmel/studio/7.0/toolchain/arm/arm-gnu-toolchain/bin/../lib/gcc/arm-none-eabi/6.3.1/thumb/v7-m\libgcc.a(_arm_fixdfsi.o)
                                                  c:/program files (x86)/atmel/studio/7.0/toolchain/arm/arm-gnu-toolchain/bin/../lib/gcc/arm-none-eabi/6.3.1/../../../../arm-none-eabi/lib/thumb/v7-m\libc.a(lib_a-dtoa.o)
__aeabi_dadd                                      c:/program files (x86)/atmel/studio/7.0/toolchain/arm/arm-gnu-toolchain/bin/../lib/gcc/arm-none-eabi/6.3.1/thumb/v7-m\libgcc.a(_arm_addsubdf3.o)
                                                  c:/program files (x86)/atmel/studio/7.0/toolchain/arm/arm-gnu-toolchain/bin/../lib/gcc/arm-none-eabi/6.3.1/../../../../arm-none-eabi/lib/thumb/v7-m\libc.a(lib_a-dtoa.o)
__aeabi_dcmpeq                                    c:/program files (x86)/atmel/studio/7.0/toolchain/arm/arm-gnu-toolchain/bin/../lib/gcc/arm-none-eabi/6.3.1/thumb/v7-m\libgcc.a(_arm_cmpdf2.o)
                                                  c:/program files (x86)/atmel/studio/7.0/toolchain/arm/arm-gnu-toolchain/bin/../lib/gcc/arm-none-eabi/6.3.1/../../../../arm-none-eabi/lib/thumb/v7-m\libc.a(lib_a-dtoa.o)
                                                  c:/program files (x86)/atmel/studio/7.0/toolchain/arm/arm-gnu-toolchain/bin/../lib/gcc/arm-none-eabi/6.3.1/../../../../arm-none-eabi/lib/thumb/v7-m\libc.a(lib_a-svfprintf.o)
__aeabi_dcmpge                                    c:/program files (x86)/atmel/studio/7.0/toolchain/arm/arm-gnu-toolchain/bin/../lib/gcc/arm-none-eabi/6.3.1/thumb/v7-m\libgcc.a(_arm_cmpdf2.o)
                                                  c:/program files (x86)/atmel/studio/7.0/toolchain/arm/arm-gnu-toolchain/bin/../lib/gcc/arm-none-eabi/6.3.1/../../../../arm-none-eabi/lib/thumb/v7-m\libc.a(lib_a-dtoa.o)
__aeabi_dcmpgt                                    c:/program files (x86)/atmel/studio/7.0/toolchain/arm/arm-gnu-toolchain/bin/../lib/gcc/arm-none-eabi/6.3.1/thumb/v7-m\libgcc.a(_arm_cmpdf2.o)
                                                  c:/program files (x86)/atmel/studio/7.0/toolchain/arm/arm-gnu-toolchain/bin/../lib/gcc/arm-none-eabi/6.3.1/../../../../arm-none-eabi/lib/thumb/v7-m\libc.a(lib_a-dtoa.o)
__aeabi_dcmple                                    c:/program files (x86)/atmel/studio/7.0/toolchain/arm/arm-gnu-toolchain/bin/../lib/gcc/arm-none-eabi/6.3.1/thumb/v7-m\libgcc.a(_arm_cmpdf2.o)
                                                  c:/program files (x86)/atmel/studio/7.0/toolchain/arm/arm-gnu-toolchain/bin/../lib/gcc/arm-none-eabi/6.3.1/../../../../arm-none-eabi/lib/thumb/v7-m\libc.a(lib_a-svfprintf.o)
__aeabi_dcmplt                                    c:/program files (x86)/atmel/studio/7.0/toolchain/arm/arm-gnu-toolchain/bin/../lib/gcc/arm-none-eabi/6.3.1/thumb/v7-m\libgcc.a(_arm_cmpdf2.o)
                                                  c:/program files (x86)/atmel/studio/7.0/toolchain/arm/arm-gnu-toolchain/bin/../lib/gcc/arm-none-eabi/6.3.1/../../../../arm-none-eabi/lib/thumb/v7-m\libc.a(lib_a-dtoa.o)
                                                  c:/program files (x86)/atmel/studio/7.0/toolchain/arm/arm-gnu-toolchain/bin/../lib/gcc/arm-none-eabi/6.3.1/../../../../arm-none-eabi/lib/thumb/v7-m\libc.a(lib_a-svfprintf.o)
__aeabi_dcmpun                                    c:/program files (x86)/atmel/studio/7.0/toolchain/arm/arm-gnu-toolchain/bin/../lib/gcc/arm-none-eabi/6.3.1/thumb/v7-m\libgcc.a(_arm_unorddf2.o)
                                                  c:/program files (x86)/atmel/studio/7.0/toolchain/arm/arm-gnu-toolchain/bin/../lib/gcc/arm-none-eabi/6.3.1/../../../../arm-none-eabi/lib/thumb/v7-m\libc.a(lib_a-svfprintf.o)
__aeabi_ddiv                                      c:/program files (x86)/atmel/studio/7.0/toolchain/arm/arm-gnu-toolchain/bin/../lib/gcc/arm-none-eabi/6.3.1/thumb/v7-m\libgcc.a(_arm_muldivdf3.o)
                                                  c:/program files (x86)/atmel/studio/7.0/toolchain/arm/arm-gnu-toolchain/bin/../lib/gcc/arm-none-eabi/6.3.1/../../../../arm-none-eabi/lib/thumb/v7-m\libc.a(lib_a-mprec.o)
                                                  c:/program files (x86)/atmel/studio/7.0/toolchain/arm/arm-gnu-toolchain/bin/../lib/gcc/arm-none-eabi/6.3.1/../../../../arm-none-eabi/lib/thumb/v7-m\libc.a(lib_a-dtoa.o)
__aeabi_dmul                                      c:/program files (x86)/atmel/studio/7.0/toolchain/arm/arm-gnu-toolchain/bin/../lib/gcc/arm-none-eabi/6.3.1/thumb/v7-m\libgcc.a(_arm_muldivdf3.o)
                                                  c:/program files (x86)/atmel/studio/7.0/toolchain/arm/arm-gnu-toolchain/bin/../lib/gcc/arm-none-eabi/6.3.1/../../../../arm-none-eabi/lib/thumb/v7-m\libc.a(lib_a-mprec.o)
                                                  c:/program files (x86)/atmel/studio/7.0/toolchain/arm/arm-gnu-toolchain/bin/../lib/gcc/arm-none-eabi/6.3.1/../../../../arm-none-eabi/lib/thumb/v7-m\libc.a(lib_a-dtoa.o)
__aeabi_drsub                                     c:/program files (x86)/atmel/studio/7.0/toolchain/arm/arm-gnu-toolchain/bin/../lib/gcc/arm-none-eabi/6.3.1/thumb/v7-m\libgcc.a(_arm_addsubdf3.o)
__aeabi_dsub                                      c:/program files (x86)/atmel/studio/7.0/toolchain/arm/arm-gnu-toolchain/bin/../lib/gcc/arm-none-eabi/6.3.1/thumb/v7-m\libgcc.a(_arm_addsubdf3.o)
                                                  c:/program files (x86)/atmel/studio/7.0/toolchain/arm/arm-gnu-toolchain/bin/../lib/gcc/arm-none-eabi/6.3.1/../../../../arm-none-eabi/lib/thumb/v7-m\libc.a(lib_a-dtoa.o)
__aeabi_f2d                                       c:/program files (x86)/atmel/studio/7.0/toolchain/arm/arm-gnu-toolchain/bin/../lib/gcc/arm-none-eabi/6.3.1/thumb/v7-m\libgcc.a(_arm_addsubdf3.o)
__aeabi_i2d                                       c:/program files (x86)/atmel/studio/7.0/toolchain/arm/arm-gnu-toolchain/bin/../lib/gcc/arm-none-eabi/6.3.1/thumb/v7-m\libgcc.a(_arm_addsubdf3.o)
                                                  c:/program files (x86)/atmel/studio/7.0/toolchain/arm/arm-gnu-toolchain/bin/../lib/gcc/arm-none-eabi/6.3.1/../../../../arm-none-eabi/lib/thumb/v7-m\libc.a(lib_a-dtoa.o)
__aeabi_idiv0                                     c:/program files (x86)/atmel/studio/7.0/toolchain/arm/arm-gnu-toolchain/bin/../lib/gcc/arm-none-eabi/6.3.1/thumb/v7-m\libgcc.a(_dvmd_tls.o)
__aeabi_l2d                                       c:/program files (x86)/atmel/studio/7.0/toolchain/arm/arm-gnu-toolchain/bin/../lib/gcc/arm-none-eabi/6.3.1/thumb/v7-m\libgcc.a(_arm_addsubdf3.o)
__aeabi_ldiv0                                     c:/program files (x86)/atmel/studio/7.0/toolchain/arm/arm-gnu-toolchain/bin/../lib/gcc/arm-none-eabi/6.3.1/thumb/v7-m\libgcc.a(_dvmd_tls.o)
                                                  c:/program files (x86)/atmel/studio/7.0/toolchain/arm/arm-gnu-toolchain/bin/../lib/gcc/arm-none-eabi/6.3.1/thumb/v7-m\libgcc.a(_aeabi_uldivmod.o)
__aeabi_ui2d                                      c:/program files (x86)/atmel/studio/7.0/toolchain/arm/arm-gnu-toolchain/bin/../lib/gcc/arm-none-eabi/6.3.1/thumb/v7-m\libgcc.a(_arm_addsubdf3.o)
                                                  c:/program files (x86)/atmel/studio/7.0/toolchain/arm/arm-gnu-toolchain/bin/../lib/gcc/arm-none-eabi/6.3.1/../../../../arm-none-eabi/lib/thumb/v7-m\libc.a(lib_a-dtoa.o)
__aeabi_ul2d                                      c:/program files (x86)/atmel/studio/7.0/toolchain/arm/arm-gnu-toolchain/bin/../lib/gcc/arm-none-eabi/6.3.1/thumb/v7-m\libgcc.a(_arm_addsubdf3.o)
__aeabi_uldivmod                                  c:/program files (x86)/atmel/studio/7.0/toolchain/arm/arm-gnu-toolchain/bin/../lib/gcc/arm-none-eabi/6.3.1/thumb/v7-m\libgcc.a(_aeabi_uldivmod.o)
                                                  c:/program files (x86)/atmel/studio/7.0/toolchain/arm/arm-gnu-toolchain/bin/../lib/gcc/arm-none-eabi/6.3.1/../../../../arm-none-eabi/lib/thumb/v7-m\libc.a(lib_a-svfiprintf.o)
                                                  c:/program files (x86)/atmel/studio/7.0/toolchain/arm/arm-gnu-toolchain/bin/../lib/gcc/arm-none-eabi/6.3.1/../../../../arm-none-eabi/lib/thumb/v7-m\libc.a(lib_a-svfprintf.o)
__any_on                                          c:/program files (x86)/atmel/studio/7.0/toolchain/arm/arm-gnu-toolchain/bin/../lib/gcc/arm-none-eabi/6.3.1/../../../../arm-none-eabi/lib/thumb/v7-m\libc.a(lib_a-mprec.o)
__ascii_mbtowc                                    c:/program files (x86)/atmel/studio/7.0/toolchain/arm/arm-gnu-toolchain/bin/../lib/gcc/arm-none-eabi/6.3.1/../../../../arm-none-eabi/lib/thumb/v7-m\libc.a(lib_a-mbtowc_r.o)
                                                  c:/program files (x86)/atmel/studio/7.0/toolchain/arm/arm-gnu-toolchain/bin/../lib/gcc/arm-none-eabi/6.3.1/../../../../arm-none-eabi/lib/thumb/v7-m\libc.a(lib_a-locale.o)
__ascii_wctomb                                    c:/program files (x86)/atmel/studio/7.0/toolchain/arm/arm-gnu-toolchain/bin/../lib/gcc/arm-none-eabi/6.3.1/../../../../arm-none-eabi/lib/thumb/v7-m\libc.a(lib_a-wctomb_r.o)
                                                  c:/program files (x86)/atmel/studio/7.0/toolchain/arm/arm-gnu-toolchain/bin/../lib/gcc/arm-none-eabi/6.3.1/../../../../arm-none-eabi/lib/thumb/v7-m\libc.a(lib_a-locale.o)
__atexit_recursive_mutex                          c:/program files (x86)/atmel/studio/7.0/toolchain/arm/arm-gnu-toolchain/bin/../lib/gcc/arm-none-eabi/6.3.1/../../../../arm-none-eabi/lib/thumb/v7-m\libc.a(lib_a-__call_atexit.o)
                                                  c:/program files (x86)/atmel/studio/7.0/toolchain/arm/arm-gnu-toolchain/bin/../lib/gcc/arm-none-eabi/6.3.1/../../../../arm-none-eabi/lib/thumb/v7-m\libc.a(lib_a-__atexit.o)
__b2d                                             c:/program files (x86)/atmel/studio/7.0/toolchain/arm/arm-gnu-toolchain/bin/../lib/gcc/arm-none-eabi/6.3.1/../../../../arm-none-eabi/lib/thumb/v7-m\libc.a(lib_a-mprec.o)
__bss_end__                                       c:/program files (x86)/atmel/studio/7.0/toolchain/arm/arm-gnu-toolchain/bin/../lib/gcc/arm-none-eabi/6.3.1/../../../../arm-none-eabi/lib/thumb/v7-m/crt0.o
__bss_start__                                     c:/program files (x86)/atmel/studio/7.0/toolchain/arm/arm-gnu-toolchain/bin/../lib/gcc/arm-none-eabi/6.3.1/../../../../arm-none-eabi/lib/thumb/v7-m/crt0.o
__call_exitprocs                                  c:/program files (x86)/atmel/studio/7.0/toolchain/arm/arm-gnu-toolchain/bin/../lib/gcc/arm-none-eabi/6.3.1/../../../../arm-none-eabi/lib/thumb/v7-m\libc.a(lib_a-__call_atexit.o)
                                                  c:/program files (x86)/atmel/studio/7.0/toolchain/arm/arm-gnu-toolchain/bin/../lib/gcc/arm-none-eabi/6.3.1/../../../../arm-none-eabi/lib/thumb/v7-m\libc.a(lib_a-exit.o)
__cmpdf2                                          c:/program files (x86)/atmel/studio/7.0/toolchain/arm/arm-gnu-toolchain/bin/../lib/gcc/arm-none-eabi/6.3.1/thumb/v7-m\libgcc.a(_arm_cmpdf2.o)
__copybits                                        c:/program files (x86)/atmel/studio/7.0/toolchain/arm/arm-gnu-toolchain/bin/../lib/gcc/arm-none-eabi/6.3.1/../../../../arm-none-eabi/lib/thumb/v7-m\libc.a(lib_a-mprec.o)
__d2b                                             c:/program files (x86)/atmel/studio/7.0/toolchain/arm/arm-gnu-toolchain/bin/../lib/gcc/arm-none-eabi/6.3.1/../../../../arm-none-eabi/lib/thumb/v7-m\libc.a(lib_a-mprec.o)
                                                  c:/program files (x86)/atmel/studio/7.0/toolchain/arm/arm-gnu-toolchain/bin/../lib/gcc/arm-none-eabi/6.3.1/../../../../arm-none-eabi/lib/thumb/v7-m\libc.a(lib_a-dtoa.o)
__deregister_frame_info                           c:/program files (x86)/atmel/studio/7.0/toolchain/arm/arm-gnu-toolchain/bin/../lib/gcc/arm-none-eabi/6.3.1/thumb/v7-m/crtbegin.o
__divdf3                                          c:/program files (x86)/atmel/studio/7.0/toolchain/arm/arm-gnu-toolchain/bin/../lib/gcc/arm-none-eabi/6.3.1/thumb/v7-m\libgcc.a(_arm_muldivdf3.o)
__dso_handle                                      c:/program files (x86)/atmel/studio/7.0/toolchain/arm/arm-gnu-toolchain/bin/../lib/gcc/arm-none-eabi/6.3.1/thumb/v7-m/crtbegin.o
__eqdf2                                           c:/program files (x86)/atmel/studio/7.0/toolchain/arm/arm-gnu-toolchain/bin/../lib/gcc/arm-none-eabi/6.3.1/thumb/v7-m\libgcc.a(_arm_cmpdf2.o)
__extendsfdf2                                     c:/program files (x86)/atmel/studio/7.0/toolchain/arm/arm-gnu-toolchain/bin/../lib/gcc/arm-none-eabi/6.3.1/thumb/v7-m\libgcc.a(_arm_addsubdf3.o)
__fini_array_end                                  c:/program files (x86)/atmel/studio/7.0/toolchain/arm/arm-gnu-toolchain/bin/../lib/gcc/arm-none-eabi/6.3.1/../../../../arm-none-eabi/lib/thumb/v7-m\libc.a(lib_a-fini.o)
__fini_array_start                                c:/program files (x86)/atmel/studio/7.0/toolchain/arm/arm-gnu-toolchain/bin/../lib/gcc/arm-none-eabi/6.3.1/../../../../arm-none-eabi/lib/thumb/v7-m\libc.a(lib_a-fini.o)
__fixdfsi                                         c:/program files (x86)/atmel/studio/7.0/toolchain/arm/arm-gnu-toolchain/bin/../lib/gcc/arm-none-eabi/6.3.1/thumb/v7-m\libgcc.a(_arm_fixdfsi.o)
__floatdidf                                       c:/program files (x86)/atmel/studio/7.0/toolchain/arm/arm-gnu-toolchain/bin/../lib/gcc/arm-none-eabi/6.3.1/thumb/v7-m\libgcc.a(_arm_addsubdf3.o)
__floatsidf                                       c:/program files (x86)/atmel/studio/7.0/toolchain/arm/arm-gnu-toolchain/bin/../lib/gcc/arm-none-eabi/6.3.1/thumb/v7-m\libgcc.a(_arm_addsubdf3.o)
__floatundidf                                     c:/program files (x86)/atmel/studio/7.0/toolchain/arm/arm-gnu-toolchain/bin/../lib/gcc/arm-none-eabi/6.3.1/thumb/v7-m\libgcc.a(_arm_addsubdf3.o)
__floatunsidf                                     c:/program files (x86)/atmel/studio/7.0/toolchain/arm/arm-gnu-toolchain/bin/../lib/gcc/arm-none-eabi/6.3.1/thumb/v7-m\libgcc.a(_arm_addsubdf3.o)
__gedf2                                           c:/program files (x86)/atmel/studio/7.0/toolchain/arm/arm-gnu-toolchain/bin/../lib/gcc/arm-none-eabi/6.3.1/thumb/v7-m\libgcc.a(_arm_cmpdf2.o)
__global_locale                                   c:/program files (x86)/atmel/studio/7.0/toolchain/arm/arm-gnu-toolchain/bin/../lib/gcc/arm-none-eabi/6.3.1/../../../../arm-none-eabi/lib/thumb/v7-m\libc.a(lib_a-locale.o)
                                                  c:/program files (x86)/atmel/studio/7.0/toolchain/arm/arm-gnu-toolchain/bin/../lib/gcc/arm-none-eabi/6.3.1/../../../../arm-none-eabi/lib/thumb/v7-m\libc.a(lib_a-wctomb_r.o)
                                                  c:/program files (x86)/atmel/studio/7.0/toolchain/arm/arm-gnu-toolchain/bin/../lib/gcc/arm-none-eabi/6.3.1/../../../../arm-none-eabi/lib/thumb/v7-m\libc.a(lib_a-mbtowc_r.o)
                                                  c:/program files (x86)/atmel/studio/7.0/toolchain/arm/arm-gnu-toolchain/bin/../lib/gcc/arm-none-eabi/6.3.1/../../../../arm-none-eabi/lib/thumb/v7-m\libc.a(lib_a-localeconv.o)
__gtdf2                                           c:/program files (x86)/atmel/studio/7.0/toolchain/arm/arm-gnu-toolchain/bin/../lib/gcc/arm-none-eabi/6.3.1/thumb/v7-m\libgcc.a(_arm_cmpdf2.o)
__hi0bits                                         c:/program files (x86)/atmel/studio/7.0/toolchain/arm/arm-gnu-toolchain/bin/../lib/gcc/arm-none-eabi/6.3.1/../../../../arm-none-eabi/lib/thumb/v7-m\libc.a(lib_a-mprec.o)
                                                  c:/program files (x86)/atmel/studio/7.0/toolchain/arm/arm-gnu-toolchain/bin/../lib/gcc/arm-none-eabi/6.3.1/../../../../arm-none-eabi/lib/thumb/v7-m\libc.a(lib_a-dtoa.o)
__i2b                                             c:/program files (x86)/atmel/studio/7.0/toolchain/arm/arm-gnu-toolchain/bin/../lib/gcc/arm-none-eabi/6.3.1/../../../../arm-none-eabi/lib/thumb/v7-m\libc.a(lib_a-mprec.o)
                                                  c:/program files (x86)/atmel/studio/7.0/toolchain/arm/arm-gnu-toolchain/bin/../lib/gcc/arm-none-eabi/6.3.1/../../../../arm-none-eabi/lib/thumb/v7-m\libc.a(lib_a-dtoa.o)
__init_array_end                                  c:/program files (x86)/atmel/studio/7.0/toolchain/arm/arm-gnu-toolchain/bin/../lib/gcc/arm-none-eabi/6.3.1/../../../../arm-none-eabi/lib/thumb/v7-m\libc.a(lib_a-init.o)
__init_array_start                                c:/program files (x86)/atmel/studio/7.0/toolchain/arm/arm-gnu-toolchain/bin/../lib/gcc/arm-none-eabi/6.3.1/../../../../arm-none-eabi/lib/thumb/v7-m\libc.a(lib_a-init.o)
__ledf2                                           c:/program files (x86)/atmel/studio/7.0/toolchain/arm/arm-gnu-toolchain/bin/../lib/gcc/arm-none-eabi/6.3.1/thumb/v7-m\libgcc.a(_arm_cmpdf2.o)
__libc_fini                                       c:/program files (x86)/atmel/studio/7.0/toolchain/arm/arm-gnu-toolchain/bin/../lib/gcc/arm-none-eabi/6.3.1/../../../../arm-none-eabi/lib/thumb/v7-m\libc.a(lib_a-__call_atexit.o)
__libc_fini_array                                 c:/program files (x86)/atmel/studio/7.0/toolchain/arm/arm-gnu-toolchain/bin/../lib/gcc/arm-none-eabi/6.3.1/../../../../arm-none-eabi/lib/thumb/v7-m\libc.a(lib_a-fini.o)
                                                  c:/program files (x86)/atmel/studio/7.0/toolchain/arm/arm-gnu-toolchain/bin/../lib/gcc/arm-none-eabi/6.3.1/../../../../arm-none-eabi/lib/thumb/v7-m\libc.a(lib_a-__call_atexit.o)
                                                  c:/program files (x86)/atmel/studio/7.0/toolchain/arm/arm-gnu-toolchain/bin/../lib/gcc/arm-none-eabi/6.3.1/../../../../arm-none-eabi/lib/thumb/v7-m/crt0.o
__libc_init_array                                 c:/program files (x86)/atmel/studio/7.0/toolchain/arm/arm-gnu-toolchain/bin/../lib/gcc/arm-none-eabi/6.3.1/../../../../arm-none-eabi/lib/thumb/v7-m\libc.a(lib_a-init.o)
                                                  src/ASF/sam/utils/cmsis/sam3x/source/templates/gcc/startup_sam3x.o
                                                  c:/program files (x86)/atmel/studio/7.0/toolchain/arm/arm-gnu-toolchain/bin/../lib/gcc/arm-none-eabi/6.3.1/../../../../arm-none-eabi/lib/thumb/v7-m/crt0.o
__lo0bits                                         c:/program files (x86)/atmel/studio/7.0/toolchain/arm/arm-gnu-toolchain/bin/../lib/gcc/arm-none-eabi/6.3.1/../../../../arm-none-eabi/lib/thumb/v7-m\libc.a(lib_a-mprec.o)
__locale_ctype_ptr                                c:/program files (x86)/atmel/studio/7.0/toolchain/arm/arm-gnu-toolchain/bin/../lib/gcc/arm-none-eabi/6.3.1/../../../../arm-none-eabi/lib/thumb/v7-m\libc.a(lib_a-locale.o)
__locale_ctype_ptr_l                              c:/program files (x86)/atmel/studio/7.0/toolchain/arm/arm-gnu-toolchain/bin/../lib/gcc/arm-none-eabi/6.3.1/../../../../arm-none-eabi/lib/thumb/v7-m\libc.a(lib_a-locale.o)
__locale_mb_cur_max                               c:/program files (x86)/atmel/studio/7.0/toolchain/arm/arm-gnu-toolchain/bin/../lib/gcc/arm-none-eabi/6.3.1/../../../../arm-none-eabi/lib/thumb/v7-m\libc.a(lib_a-locale.o)
__localeconv_l                                    c:/program files (x86)/atmel/studio/7.0/toolchain/arm/arm-gnu-toolchain/bin/../lib/gcc/arm-none-eabi/6.3.1/../../../../arm-none-eabi/lib/thumb/v7-m\libc.a(lib_a-localeconv.o)
__lock___arc4random_mutex                         c:/program files (x86)/atmel/studio/7.0/toolchain/arm/arm-gnu-toolchain/bin/../lib/gcc/arm-none-eabi/6.3.1/../../../../arm-none-eabi/lib/thumb/v7-m\libc.a(lib_a-lock.o)
__lock___at_quick_exit_mutex                      c:/program files (x86)/atmel/studio/7.0/toolchain/arm/arm-gnu-toolchain/bin/../lib/gcc/arm-none-eabi/6.3.1/../../../../arm-none-eabi/lib/thumb/v7-m\libc.a(lib_a-lock.o)
__lock___atexit_recursive_mutex                   c:/program files (x86)/atmel/studio/7.0/toolchain/arm/arm-gnu-toolchain/bin/../lib/gcc/arm-none-eabi/6.3.1/../../../../arm-none-eabi/lib/thumb/v7-m\libc.a(lib_a-lock.o)
                                                  c:/program files (x86)/atmel/studio/7.0/toolchain/arm/arm-gnu-toolchain/bin/../lib/gcc/arm-none-eabi/6.3.1/../../../../arm-none-eabi/lib/thumb/v7-m\libc.a(lib_a-__call_atexit.o)
__lock___dd_hash_mutex                            c:/program files (x86)/atmel/studio/7.0/toolchain/arm/arm-gnu-toolchain/bin/../lib/gcc/arm-none-eabi/6.3.1/../../../../arm-none-eabi/lib/thumb/v7-m\libc.a(lib_a-lock.o)
__lock___env_recursive_mutex                      c:/program files (x86)/atmel/studio/7.0/toolchain/arm/arm-gnu-toolchain/bin/../lib/gcc/arm-none-eabi/6.3.1/../../../../arm-none-eabi/lib/thumb/v7-m\libc.a(lib_a-lock.o)
__lock___malloc_recursive_mutex                   c:/program files (x86)/atmel/studio/7.0/toolchain/arm/arm-gnu-toolchain/bin/../lib/gcc/arm-none-eabi/6.3.1/../../../../arm-none-eabi/lib/thumb/v7-m\libc.a(lib_a-lock.o)
                                                  c:/program files (x86)/atmel/studio/7.0/toolchain/arm/arm-gnu-toolchain/bin/../lib/gcc/arm-none-eabi/6.3.1/../../../../arm-none-eabi/lib/thumb/v7-m\libc.a(lib_a-mlock.o)
__lock___sfp_recursive_mutex                      c:/program files (x86)/atmel/studio/7.0/toolchain/arm/arm-gnu-toolchain/bin/../lib/gcc/arm-none-eabi/6.3.1/../../../../arm-none-eabi/lib/thumb/v7-m\libc.a(lib_a-lock.o)
__lock___sinit_recursive_mutex                    c:/program files (x86)/atmel/studio/7.0/toolchain/arm/arm-gnu-toolchain/bin/../lib/gcc/arm-none-eabi/6.3.1/../../../../arm-none-eabi/lib/thumb/v7-m\libc.a(lib_a-lock.o)
__lock___tz_mutex                                 c:/program files (x86)/atmel/studio/7.0/toolchain/arm/arm-gnu-toolchain/bin/../lib/gcc/arm-none-eabi/6.3.1/../../../../arm-none-eabi/lib/thumb/v7-m\libc.a(lib_a-lock.o)
__lshift                                          c:/program files (x86)/atmel/studio/7.0/toolchain/arm/arm-gnu-toolchain/bin/../lib/gcc/arm-none-eabi/6.3.1/../../../../arm-none-eabi/lib/thumb/v7-m\libc.a(lib_a-mprec.o)
                                                  c:/program files (x86)/atmel/studio/7.0/toolchain/arm/arm-gnu-toolchain/bin/../lib/gcc/arm-none-eabi/6.3.1/../../../../arm-none-eabi/lib/thumb/v7-m\libc.a(lib_a-dtoa.o)
__ltdf2                                           c:/program files (x86)/atmel/studio/7.0/toolchain/arm/arm-gnu-toolchain/bin/../lib/gcc/arm-none-eabi/6.3.1/thumb/v7-m\libgcc.a(_arm_cmpdf2.o)
__malloc_av_                                      c:/program files (x86)/atmel/studio/7.0/toolchain/arm/arm-gnu-toolchain/bin/../lib/gcc/arm-none-eabi/6.3.1/../../../../arm-none-eabi/lib/thumb/v7-m\libc.a(lib_a-mallocr.o)
                                                  c:/program files (x86)/atmel/studio/7.0/toolchain/arm/arm-gnu-toolchain/bin/../lib/gcc/arm-none-eabi/6.3.1/../../../../arm-none-eabi/lib/thumb/v7-m\libc.a(lib_a-reallocr.o)